# cmd file : 0021_inventory_corpus.txt
# started  : 2026-09-08T11:41:05
# exit code: 0

===== STDOUT =====
===COUNT_DIRS===
31
===WAV_OK===
30
===NAMES===
train_L_20200706_L_R001S01C01
train_L_20200706_L_R001S02C01
train_L_20200706_L_R001S03C01
train_L_20200706_L_R001S04C01
train_L_20200706_L_R001S05C01
train_L_20200706_L_R001S06C01
train_L_20200706_L_R001S07C01
train_L_20200706_L_R001S08C01
train_L_20200707_L_R001S01C01
train_L_20200707_L_R001S02C01
train_L_20200707_L_R001S03C01
train_L_20200707_L_R001S04C01
train_L_20200707_L_R001S05C01
train_L_20200707_L_R001S06C01
train_L_20200707_L_R001S07C01
train_L_20200707_L_R001S08C01
train_L_20200708_L_R002S01C01
train_L_20200708_L_R002S02C01
train_L_20200708_L_R002S03C01
train_L_20200708_L_R002S04C01
train_L_20200708_L_R002S05C01
train_L_20200708_L_R002S07C01
train_L_20200708_L_R002S08C01
train_L_20200709_L_R002S01C01
train_L_20200709_L_R002S03C01
train_L_20200709_L_R002S04C01
train_L_20200709_L_R002S05C01
train_L_20200709_L_R002S06C01
train_L_20200709_L_R002S07C01
train_L_20200709_L_R002S07C01_v26
train_L_20200709_L_R002S08C01
===TEXTGRID_COUNT===
32
===RTTM_COUNT===
88
===TEXTGRID_SAMPLE===
/userdata/meeting_agent/data/audio/train_L/TextGrid/20200709_L_R002S04C01.TextGrid
/userdata/meeting_agent/data/audio/train_L/TextGrid/20200709_L_R002S06C01.TextGrid
/userdata/meeting_agent/data/audio/train_L/TextGrid/20200706_L_R001S05C01.TextGrid
/userdata/meeting_agent/data/audio/train_L/TextGrid/20200707_L_R001S06C01.TextGrid
/userdata/meeting_agent/data/audio/train_L/TextGrid/20200708_L_R002S03C01.TextGrid
===RTTM_SAMPLE===
/userdata/meeting_agent/evals/pipeline_outputs/e2e_trainL_full/train_L_20200707_L_R001S08C01/01_segments/3dspeaker_out/input_mono16k.rttm
/userdata/meeting_agent/evals/pipeline_outputs/e2e_trainL_full/train_L_20200708_L_R002S05C01/01_segments/3dspeaker_out/input_mono16k.rttm
/userdata/meeting_agent/evals/pipeline_outputs/e2e_trainL_full/train_L_20200708_L_R002S03C01/01_segments/3dspeaker_out/input_mono16k.rttm
/userdata/meeting_agent/evals/pipeline_outputs/e2e_trainL_full/train_L_20200706_L_R001S05C01/01_segments/3dspeaker_out/input_mono16k.rttm
/userdata/meeting_agent/evals/pipeline_outputs/e2e_trainL_full/train_L_20200706_L_R001S03C01/01_segments/3dspeaker_out/input_mono16k.rttm
===EV_ROOT_LS===
current_e2e.pid
current_e2e_run_id.txt
data
deterministic_grader.py
e2e_metrics.py
e2e_smoke_20260820T054343Z.log
finalize_retry_run.py
__init__.py
llm_judge.py
llm_judge_source.txt
logs
merge_eval_runs.py
output
pipeline_outputs
prepare_e2e_expected.py
prompts
__pycache__
README.md
reports
reprocess_run.py
run_e2e_eval.py
run_eval.py
textgrid.py
===DONE===

===== STDERR =====
close - IO is still pending on closed socket. read:1, write:0, io:000002895556E830

