# cmd file : 0025_check_corefacts.txt
# started  : 2026-09-08T15:14:25
# exit code: 0

===== STDOUT =====
===TARGET===
output/prompt_v24_20260824T091415Z/train_L_20200708_L_R002S05C01/expected.json
===HAS_COREFACTS_COUNT===
0
===COREFACTS_CONTEXT===
===TOP_HEAD_50===
{
  "raw": {
    "overview": {
      "text": "会议由各部门汇报公司上半年工作，并讨论下半年战略。上半年涉及柜台服务态度、产品价格反馈、疫情期间销售与财务表现、孕妇等特殊人群产品研发、售后沟通及多起法律事项；其中一宗商标侵权已获赔，另一宗仿冒事项仍在追查，延期交货赔偿也尚未协商出结果。下半年重点讨论网络直播、客户教育、男性护肤产品和专柜体验等方案，但多数仅为提议或纳入考虑；明确要求法务继续加大侵权维权投入并提起诉讼。",
      "refs": [
        "seg-000008",
        "seg-000017",
        "seg-000034",
        "seg-000036",
        "seg-000060",
        "seg-000101",
        "seg-000109",
        "seg-000128",
        "seg-000142",
        "seg-000152",
        "seg-000205",
        "seg-000210",
        "seg-000113"
      ]
    },
    "chapters": [
      {
        "title": "会议开场、柜台服务与产品反馈",
        "overview": "各参会者说明所属部门，会议被定义为公司上半年工作会议并由经理主持。经理提出顾客反映部分柜台人员对购买意愿不强的顾客态度不好；售后表示，对持续消极待客且不积极推荐的人员将不再留任，并重新招聘推销员。售后称目前没有产品质量或效果方面的负面反馈，但有顾客认为产品质量好、价格偏高。",
        "start_ref": "seg-000001",
        "end_ref": "seg-000034",
        "refs": [
          "seg-000001",
          "seg-000008",
          "seg-000009",
          "seg-000017",
          "seg-000019",
          "seg-000022",
          "seg-000023",
          "seg-000031",
          "seg-000034"
        ]
      },
      {
        "title": "销售表现、特殊人群研发与售后服务",
        "overview": "销售部门称上半年业绩虽较去年下半年下滑，但在疫情限制下仍属不错，并已面向不同年龄和性别人群设置不同柜台及销售策略。孕妇等特殊人群产品涉及过敏风险和医疗相关问题，研发拟控制添加剂和剂量，但研发成本高、专利投入大且回本较慢；针对高端人群销售属于讨论方向，销售称已做一定市场调研并强调质量保证。售后表示问题处理及时，新产品和新概念需要加强顾客沟通，也提出可与专业美容服务配合。",
        "start_ref": "seg-000035",
        "end_ref": "seg-000094",
        "refs": [
          "seg-000036",
          "seg-000041",
          "seg-000048",
          "seg-000053",
          "seg-000058",
          "seg-000060",
===FILES_WITH_COREFACTS===
0
===TOTAL_EXPECTED_FILES===
319
===VCSUM_SAMPLE===
output/20260817T090033Z/vcsum_sharing_03_id107/expected.json
0
===DONE===

===== STDERR =====
close - IO is still pending on closed socket. read:1, write:0, io:000001FAE334FDB0

