# cmd file : 0026_cat_expected_g2.txt
# started  : 2026-09-08T15:27:11
# exit code: 0

===== STDOUT =====
{
  "raw": {
    "overview": {
      "text": "会议由各部门汇报公司上半年工作，并讨论下半年战略。上半年涉及柜台服务态度、产品价格反馈、疫情期间销售与财务表现、孕妇等特殊人群产品研发、售后沟通及多起法律事项；其中一宗商标侵权已获赔，另一宗仿冒事项仍在追查，延期交货赔偿也尚未协商出结果。下半年重点讨论网络直播、客户教育、男性护肤产品和专柜体验等方案，但多数仅为提议或纳入考虑；明确要求法务继续加大侵权维权投入并提起诉讼。",
      "refs": [
        "seg-000008",
        "seg-000017",
        "seg-000034",
        "seg-000036",
        "seg-000060",
        "seg-000101",
        "seg-000109",
        "seg-000128",
        "seg-000142",
        "seg-000152",
        "seg-000205",
        "seg-000210",
        "seg-000113"
      ]
    },
    "chapters": [
      {
        "title": "会议开场、柜台服务与产品反馈",
        "overview": "各参会者说明所属部门，会议被定义为公司上半年工作会议并由经理主持。经理提出顾客反映部分柜台人员对购买意愿不强的顾客态度不好；售后表示，对持续消极待客且不积极推荐的人员将不再留任，并重新招聘推销员。售后称目前没有产品质量或效果方面的负面反馈，但有顾客认为产品质量好、价格偏高。",
        "start_ref": "seg-000001",
        "end_ref": "seg-000034",
        "refs": [
          "seg-000001",
          "seg-000008",
          "seg-000009",
          "seg-000017",
          "seg-000019",
          "seg-000022",
          "seg-000023",
          "seg-000031",
          "seg-000034"
        ]
      },
      {
        "title": "销售表现、特殊人群研发与售后服务",
        "overview": "销售部门称上半年业绩虽较去年下半年下滑，但在疫情限制下仍属不错，并已面向不同年龄和性别人群设置不同柜台及销售策略。孕妇等特殊人群产品涉及过敏风险和医疗相关问题，研发拟控制添加剂和剂量，但研发成本高、专利投入大且回本较慢；针对高端人群销售属于讨论方向，销售称已做一定市场调研并强调质量保证。售后表示问题处理及时，新产品和新概念需要加强顾客沟通，也提出可与专业美容服务配合。",
        "start_ref": "seg-000035",
        "end_ref": "seg-000094",
        "refs": [
          "seg-000036",
          "seg-000041",
          "seg-000048",
          "seg-000053",
          "seg-000058",
          "seg-000060",
          "seg-000062",
          "seg-000064",
          "seg-000079",
          "seg-000081",
          "seg-000085",
          "seg-000090",
          "seg-000094"
        ]
      },
      {
        "title": "商标侵权与延期交货争议",
        "overview": "法务汇报，一家冒用公司商标销售自有产品的企业已被起诉，相关上市产品已撤销并向公司赔偿；另一家名称和产品均仿照公司的企业以低价竞争，相关商标权事项仍由法院追查。董事长明确要求法务继续加大相关投入并提起诉讼。另一起合作争议源于公司推迟数日交货，法务承认公司确有责任，但双方对赔偿金额存在分歧，尚处于协商状态。",
        "start_ref": "seg-000095",
        "end_ref": "seg-000130",
        "refs": [
          "seg-000095",
          "seg-000097",
          "seg-000101",
          "seg-000102",
          "seg-000107",
          "seg-000109",
          "seg-000113",
          "seg-000115",
          "seg-000119",
          "seg-000124",
          "seg-000128",
          "seg-000129"
        ]
      },
      {
        "title": "上半年财务情况",
        "overview": "财务部门称疫情期间实体店和专柜顾客较少，但官网及其他线上平台成交量不错，销售额较去年同期仍有增长，并对下半年保持同比增长抱有期望。其汇报上半年业务收入约八十万元、净利润约七十万元，均称较去年同期增长；关于提高服务和市场竞争力的内容属于其下半年想法。",
        "start_ref": "seg-000131",
        "end_ref": "seg-000143",
        "refs": [
          "seg-000133",
          "seg-000134",
          "seg-000135",
          "seg-000136",
          "seg-000138",
          "seg-000140",
          "seg-000142"
        ]
      },
      {
        "title": "下半年网络推广、客户教育与男性产品构想",
        "overview": "经理指出网络宣传使部分不知名产品迅速形成影响力并给同类产品带来压力，征询下半年提升销量的方案。财务提出主播带货和打造网红产品；售后提出在官网提供课程、讲解化妆品用法和过敏注意事项，并设置化妆讲堂。与会者还讨论面向男性开发便捷化妆品或提高男性护肤品比重，具体方向包括男士面膜和洁面产品，但这些内容均为建议和构想，未形成明确执行决定。",
        "start_ref": "seg-000144",
        "end_ref": "seg-000192",
        "refs": [
          "seg-000145",
          "seg-000148",
          "seg-000152",
          "seg-000153",
          "seg-000155",
          "seg-000167",
          "seg-000169",
          "seg-000178",
          "seg-000183",
          "seg-000189",
          "seg-000192"
        ]
      },
      {
        "title": "客户主播、专柜体验与现场服务风险",
        "overview": "销售提出调查现有客户中是否有网红或主播，由真实使用产品的客户直播，并根据直播效果给予折扣；经理认可其宣传价值和节省预算的可能性。财务提出由受训柜台人员为抽取的顾客直播化妆，经理表示可纳入考虑并讨论专柜免费试用，但担忧顾客乱用产品造成损失。财务建议服务人员先保持良好态度、平和沟通并可赠送小样；售后提出先安抚故意闹事顾客，再由销售人员向现场其他顾客进行讲解。相关体验和处置方式仍处于提议讨论阶段。",
        "start_ref": "seg-000193",
        "end_ref": "seg-000222",
        "refs": [
          "seg-000194",
          "seg-000196",
          "seg-000198",
          "seg-000205",
          "seg-000207",
          "seg-000210",
          "seg-000213",
          "seg-000215",
          "seg-000216",
          "seg-000217",
          "seg-000218",
          "seg-000220",
          "seg-000221"
        ]
      }
    ],
    "speakers": [
      {
        "speaker_id": "001-M",
        "overview": "说明会议目的是汇报公司上半年工作并安排经理主持；持续询问售后、销售、研发、法务和财务情况，提出可研究面向高端孕妇人群的市场，并明确要求法务加大侵权维权投入、对相关方提起诉讼；随后要求经理说明下半年战略计划。",
        "refs": [
          "seg-000008",
          "seg-000009",
          "seg-000027",
          "seg-000035",
          "seg-000048",
          "seg-000064",
          "seg-000095",
          "seg-000113",
          "seg-000115",
          "seg-000141",
          "seg-000144"
        ]
      },
      {
        "speaker_id": "002-M",
        "overview": "表示将处理持续消极待客的柜台人员并重新招聘推销员；称产品质量方面没有负面反馈，但存在价格偏高反馈，售后问题处理及时。其后提出加强新产品沟通、客户化妆品使用教育和过敏注意事项讲解，并讨论男士便捷化妆及护肤产品；对于闹事顾客，建议先安抚情绪并由销售人员向其他顾客讲解。",
        "refs": [
          "seg-000022",
          "seg-000023",
          "seg-000031",
          "seg-000034",
          "seg-000085",
          "seg-000090",
          "seg-000167",
          "seg-000172",
          "seg-000178",
          "seg-000185",
          "seg-000192",
          "seg-000218",
          "seg-000220"
        ]
      },
      {
        "speaker_id": "003-M",
        "overview": "汇报一宗冒用商标案件已起诉、下架并获赔；另一宗名称和产品仿冒事项仍在法院追查。关于延期交货争议，说明公司推迟数日交货且确有责任，但双方尚未就赔偿金额达成一致。",
        "refs": [
          "seg-000097",
          "seg-000101",
          "seg-000102",
          "seg-000104",
          "seg-000107",
          "seg-000109",
          "seg-000119",
          "seg-000124",
          "seg-000125",
          "seg-000128",
          "seg-000129"
        ]
      },
      {
        "speaker_id": "004-F",
        "overview": "称上半年销售较去年下半年有所下滑，但考虑疫情影响仍属不错；介绍按性别、年龄和需求设置不同柜台及销售策略，并强调产品主打健康、适合和质量。其后表示对高端人群做过一定市场调研，并提出从现有客户中寻找真实使用产品的网红或主播开展直播、按效果给予优惠。",
        "refs": [
          "seg-000036",
          "seg-000038",
          "seg-000041",
          "seg-000042",
          "seg-000046",
          "seg-000068",
          "seg-000079",
          "seg-000081",
          "seg-000196",
          "seg-000197",
          "seg-000198",
          "seg-000201"
        ]
      },
      {
        "speaker_id": "005-F",
        "overview": "汇报疫情期间线下客流减少但线上成交不错，销售额同比增长，并称上半年业务收入约八十万元、净利润约七十万元。下半年提出主播带货、打造网红产品，以及由受训柜台人员为顾客直播化妆；面对顾客不当试用造成损失，建议服务人员平和沟通并可赠送小样体现专业服务。",
        "refs": [
          "seg-000133",
          "seg-000135",
          "seg-000136",
          "seg-000142",
          "seg-000153",
          "seg-000155",
          "seg-000207",
          "seg-000208",
          "seg-000216",
          "seg-000217"
        ]
      },
      {
        "speaker_id": "006-F",
        "overview": "主持部门汇报并提出柜台人员服务态度问题。其后说明网络宣传带来的竞争压力，征集下半年提升销量的方案；讨论客户使用教育、男性化妆品研发和通过客户主播扩大宣传。对于专柜免费体验表示可纳入考虑，同时提出顾客乱用产品可能造成损失的限制。",
        "refs": [
          "seg-000010",
          "seg-000016",
          "seg-000017",
          "seg-000020",
          "seg-000145",
          "seg-000150",
          "seg-000152",
          "seg-000165",
          "seg-000174",
          "seg-000183",
          "seg-000199",
          "seg-000205",
          "seg-000210",
          "seg-000214",
          "seg-000215"
        ]
      },
      {
        "speaker_id": "007-F",
        "overview": "说明孕妇等特殊人群产品需避免过敏和不良成分，研发会采用无公害添加成分并调整剂量；同时指出相关研发成本高、购买国外专利投入大、目标人群较少且回本较慢。关于男性产品，认为男性更注重护肤，可降低化妆品比重并提高男士护肤方向的比重。",
        "refs": [
          "seg-000049",
          "seg-000050",
          "seg-000053",
          "seg-000056",
          "seg-000058",
          "seg-000060",
          "seg-000061",
          "seg-000062",
          "seg-000063",
          "seg-000189"
        ]
      }
    ],
    "action_items": [
      {
        "task": "继续加大对仿冒和商标侵权事项的维权投入，并对相关侵权方提起诉讼。",
        "owner": "003-M",
        "deadline": null,
        "refs": [
          "seg-000113",
          "seg-000114",
          "seg-000115"
        ]
      }
    ]
  },
  "normalized": {
    "title": null,
    "key_facts": [
      {
        "id": "fact-overview",
        "text": "会议由各部门汇报公司上半年工作，并讨论下半年战略。上半年涉及柜台服务态度、产品价格反馈、疫情期间销售与财务表现、孕妇等特殊人群产品研发、售后沟通及多起法律事项；其中一宗商标侵权已获赔，另一宗仿冒事项仍在追查，延期交货赔偿也尚未协商出结果。下半年重点讨论网络直播、客户教育、男性护肤产品和专柜体验等方案，但多数仅为提议或纳入考虑；明确要求法务继续加大侵权维权投入并提起诉讼。",
        "refs": [
          "seg-000008",
          "seg-000017",
          "seg-000034",
          "seg-000036",
          "seg-000060",
          "seg-000101",
          "seg-000109",
          "seg-000128",
          "seg-000142",
          "seg-000152",
          "seg-000205",
          "seg-000210",
          "seg-000113"
        ],
        "importance": "critical"
      },
      {
        "id": "fact-chapter-001",
        "text": "各参会者说明所属部门，会议被定义为公司上半年工作会议并由经理主持。经理提出顾客反映部分柜台人员对购买意愿不强的顾客态度不好；售后表示，对持续消极待客且不积极推荐的人员将不再留任，并重新招聘推销员。售后称目前没有产品质量或效果方面的负面反馈，但有顾客认为产品质量好、价格偏高。",
        "refs": [
          "seg-000001",
          "seg-000008",
          "seg-000009",
          "seg-000017",
          "seg-000019",
          "seg-000022",
          "seg-000023",
          "seg-000031",
          "seg-000034"
        ],
        "title": "会议开场、柜台服务与产品反馈",
        "start_ref": "seg-000001",
        "end_ref": "seg-000034",
        "importance": "major"
      },
      {
        "id": "fact-chapter-002",
        "text": "销售部门称上半年业绩虽较去年下半年下滑，但在疫情限制下仍属不错，并已面向不同年龄和性别人群设置不同柜台及销售策略。孕妇等特殊人群产品涉及过敏风险和医疗相关问题，研发拟控制添加剂和剂量，但研发成本高、专利投入大且回本较慢；针对高端人群销售属于讨论方向，销售称已做一定市场调研并强调质量保证。售后表示问题处理及时，新产品和新概念需要加强顾客沟通，也提出可与专业美容服务配合。",
        "refs": [
          "seg-000036",
          "seg-000041",
          "seg-000048",
          "seg-000053",
          "seg-000058",
          "seg-000060",
          "seg-000062",
          "seg-000064",
          "seg-000079",
          "seg-000081",
          "seg-000085",
          "seg-000090",
          "seg-000094"
        ],
        "title": "销售表现、特殊人群研发与售后服务",
        "start_ref": "seg-000035",
        "end_ref": "seg-000094",
        "importance": "major"
      },
      {
        "id": "fact-chapter-003",
        "text": "法务汇报，一家冒用公司商标销售自有产品的企业已被起诉，相关上市产品已撤销并向公司赔偿；另一家名称和产品均仿照公司的企业以低价竞争，相关商标权事项仍由法院追查。董事长明确要求法务继续加大相关投入并提起诉讼。另一起合作争议源于公司推迟数日交货，法务承认公司确有责任，但双方对赔偿金额存在分歧，尚处于协商状态。",
        "refs": [
          "seg-000095",
          "seg-000097",
          "seg-000101",
          "seg-000102",
          "seg-000107",
          "seg-000109",
          "seg-000113",
          "seg-000115",
          "seg-000119",
          "seg-000124",
          "seg-000128",
          "seg-000129"
        ],
        "title": "商标侵权与延期交货争议",
        "start_ref": "seg-000095",
        "end_ref": "seg-000130",
        "importance": "major"
      },
      {
        "id": "fact-chapter-004",
        "text": "财务部门称疫情期间实体店和专柜顾客较少，但官网及其他线上平台成交量不错，销售额较去年同期仍有增长，并对下半年保持同比增长抱有期望。其汇报上半年业务收入约八十万元、净利润约七十万元，均称较去年同期增长；关于提高服务和市场竞争力的内容属于其下半年想法。",
        "refs": [
          "seg-000133",
          "seg-000134",
          "seg-000135",
          "seg-000136",
          "seg-000138",
          "seg-000140",
          "seg-000142"
        ],
        "title": "上半年财务情况",
        "start_ref": "seg-000131",
        "end_ref": "seg-000143",
        "importance": "major"
      },
      {
        "id": "fact-chapter-005",
        "text": "经理指出网络宣传使部分不知名产品迅速形成影响力并给同类产品带来压力，征询下半年提升销量的方案。财务提出主播带货和打造网红产品；售后提出在官网提供课程、讲解化妆品用法和过敏注意事项，并设置化妆讲堂。与会者还讨论面向男性开发便捷化妆品或提高男性护肤品比重，具体方向包括男士面膜和洁面产品，但这些内容均为建议和构想，未形成明确执行决定。",
        "refs": [
          "seg-000145",
          "seg-000148",
          "seg-000152",
          "seg-000153",
          "seg-000155",
          "seg-000167",
          "seg-000169",
          "seg-000178",
          "seg-000183",
          "seg-000189",
          "seg-000192"
        ],
        "title": "下半年网络推广、客户教育与男性产品构想",
        "start_ref": "seg-000144",
        "end_ref": "seg-000192",
        "importance": "major"
      },
      {
        "id": "fact-chapter-006",
        "text": "销售提出调查现有客户中是否有网红或主播，由真实使用产品的客户直播，并根据直播效果给予折扣；经理认可其宣传价值和节省预算的可能性。财务提出由受训柜台人员为抽取的顾客直播化妆，经理表示可纳入考虑并讨论专柜免费试用，但担忧顾客乱用产品造成损失。财务建议服务人员先保持良好态度、平和沟通并可赠送小样；售后提出先安抚故意闹事顾客，再由销售人员向现场其他顾客进行讲解。相关体验和处置方式仍处于提议讨论阶段。",
        "refs": [
          "seg-000194",
          "seg-000196",
          "seg-000198",
          "seg-000205",
          "seg-000207",
          "seg-000210",
          "seg-000213",
          "seg-000215",
          "seg-000216",
          "seg-000217",
          "seg-000218",
          "seg-000220",
          "seg-000221"
        ],
        "title": "客户主播、专柜体验与现场服务风险",
        "start_ref": "seg-000193",
        "end_ref": "seg-000222",
        "importance": "major"
      }
    ],
    "chapters": [
      {
        "title": "会议开场、柜台服务与产品反馈",
        "overview": "各参会者说明所属部门，会议被定义为公司上半年工作会议并由经理主持。经理提出顾客反映部分柜台人员对购买意愿不强的顾客态度不好；售后表示，对持续消极待客且不积极推荐的人员将不再留任，并重新招聘推销员。售后称目前没有产品质量或效果方面的负面反馈，但有顾客认为产品质量好、价格偏高。",
        "start_ref": "seg-000001",
        "end_ref": "seg-000034",
        "refs": [
          "seg-000001",
          "seg-000008",
          "seg-000009",
          "seg-000017",
          "seg-000019",
          "seg-000022",
          "seg-000023",
          "seg-000031",
          "seg-000034"
        ]
      },
      {
        "title": "销售表现、特殊人群研发与售后服务",
        "overview": "销售部门称上半年业绩虽较去年下半年下滑，但在疫情限制下仍属不错，并已面向不同年龄和性别人群设置不同柜台及销售策略。孕妇等特殊人群产品涉及过敏风险和医疗相关问题，研发拟控制添加剂和剂量，但研发成本高、专利投入大且回本较慢；针对高端人群销售属于讨论方向，销售称已做一定市场调研并强调质量保证。售后表示问题处理及时，新产品和新概念需要加强顾客沟通，也提出可与专业美容服务配合。",
        "start_ref": "seg-000035",
        "end_ref": "seg-000094",
        "refs": [
          "seg-000036",
          "seg-000041",
          "seg-000048",
          "seg-000053",
          "seg-000058",
          "seg-000060",
          "seg-000062",
          "seg-000064",
          "seg-000079",
          "seg-000081",
          "seg-000085",
          "seg-000090",
          "seg-000094"
        ]
      },
      {
        "title": "商标侵权与延期交货争议",
        "overview": "法务汇报，一家冒用公司商标销售自有产品的企业已被起诉，相关上市产品已撤销并向公司赔偿；另一家名称和产品均仿照公司的企业以低价竞争，相关商标权事项仍由法院追查。董事长明确要求法务继续加大相关投入并提起诉讼。另一起合作争议源于公司推迟数日交货，法务承认公司确有责任，但双方对赔偿金额存在分歧，尚处于协商状态。",
        "start_ref": "seg-000095",
        "end_ref": "seg-000130",
        "refs": [
          "seg-000095",
          "seg-000097",
          "seg-000101",
          "seg-000102",
          "seg-000107",
          "seg-000109",
          "seg-000113",
          "seg-000115",
          "seg-000119",
          "seg-000124",
          "seg-000128",
          "seg-000129"
        ]
      },
      {
        "title": "上半年财务情况",
        "overview": "财务部门称疫情期间实体店和专柜顾客较少，但官网及其他线上平台成交量不错，销售额较去年同期仍有增长，并对下半年保持同比增长抱有期望。其汇报上半年业务收入约八十万元、净利润约七十万元，均称较去年同期增长；关于提高服务和市场竞争力的内容属于其下半年想法。",
        "start_ref": "seg-000131",
        "end_ref": "seg-000143",
        "refs": [
          "seg-000133",
          "seg-000134",
          "seg-000135",
          "seg-000136",
          "seg-000138",
          "seg-000140",
          "seg-000142"
        ]
      },
      {
        "title": "下半年网络推广、客户教育与男性产品构想",
        "overview": "经理指出网络宣传使部分不知名产品迅速形成影响力并给同类产品带来压力，征询下半年提升销量的方案。财务提出主播带货和打造网红产品；售后提出在官网提供课程、讲解化妆品用法和过敏注意事项，并设置化妆讲堂。与会者还讨论面向男性开发便捷化妆品或提高男性护肤品比重，具体方向包括男士面膜和洁面产品，但这些内容均为建议和构想，未形成明确执行决定。",
        "start_ref": "seg-000144",
        "end_ref": "seg-000192",
        "refs": [
          "seg-000145",
          "seg-000148",
          "seg-000152",
          "seg-000153",
          "seg-000155",
          "seg-000167",
          "seg-000169",
          "seg-000178",
          "seg-000183",
          "seg-000189",
          "seg-000192"
        ]
      },
      {
        "title": "客户主播、专柜体验与现场服务风险",
        "overview": "销售提出调查现有客户中是否有网红或主播，由真实使用产品的客户直播，并根据直播效果给予折扣；经理认可其宣传价值和节省预算的可能性。财务提出由受训柜台人员为抽取的顾客直播化妆，经理表示可纳入考虑并讨论专柜免费试用，但担忧顾客乱用产品造成损失。财务建议服务人员先保持良好态度、平和沟通并可赠送小样；售后提出先安抚故意闹事顾客，再由销售人员向现场其他顾客进行讲解。相关体验和处置方式仍处于提议讨论阶段。",
        "start_ref": "seg-000193",
        "end_ref": "seg-000222",
        "refs": [
          "seg-000194",
          "seg-000196",
          "seg-000198",
          "seg-000205",
          "seg-000207",
          "seg-000210",
          "seg-000213",
          "seg-000215",
          "seg-000216",
          "seg-000217",
          "seg-000218",
          "seg-000220",
          "seg-000221"
        ]
      }
    ],
    "speakers": [
      {
        "speaker_id": "001-M",
        "overview": "说明会议目的是汇报公司上半年工作并安排经理主持；持续询问售后、销售、研发、法务和财务情况，提出可研究面向高端孕妇人群的市场，并明确要求法务加大侵权维权投入、对相关方提起诉讼；随后要求经理说明下半年战略计划。",
        "refs": [
          "seg-000008",
          "seg-000009",
          "seg-000027",
          "seg-000035",
          "seg-000048",
          "seg-000064",
          "seg-000095",
          "seg-000113",
          "seg-000115",
          "seg-000141",
          "seg-000144"
        ]
      },
      {
        "speaker_id": "002-M",
        "overview": "表示将处理持续消极待客的柜台人员并重新招聘推销员；称产品质量方面没有负面反馈，但存在价格偏高反馈，售后问题处理及时。其后提出加强新产品沟通、客户化妆品使用教育和过敏注意事项讲解，并讨论男士便捷化妆及护肤产品；对于闹事顾客，建议先安抚情绪并由销售人员向其他顾客讲解。",
        "refs": [
          "seg-000022",
          "seg-000023",
          "seg-000031",
          "seg-000034",
          "seg-000085",
          "seg-000090",
          "seg-000167",
          "seg-000172",
          "seg-000178",
          "seg-000185",
          "seg-000192",
          "seg-000218",
          "seg-000220"
        ]
      },
      {
        "speaker_id": "003-M",
        "overview": "汇报一宗冒用商标案件已起诉、下架并获赔；另一宗名称和产品仿冒事项仍在法院追查。关于延期交货争议，说明公司推迟数日交货且确有责任，但双方尚未就赔偿金额达成一致。",
        "refs": [
          "seg-000097",
          "seg-000101",
          "seg-000102",
          "seg-000104",
          "seg-000107",
          "seg-000109",
          "seg-000119",
          "seg-000124",
          "seg-000125",
          "seg-000128",
          "seg-000129"
        ]
      },
      {
        "speaker_id": "004-F",
        "overview": "称上半年销售较去年下半年有所下滑，但考虑疫情影响仍属不错；介绍按性别、年龄和需求设置不同柜台及销售策略，并强调产品主打健康、适合和质量。其后表示对高端人群做过一定市场调研，并提出从现有客户中寻找真实使用产品的网红或主播开展直播、按效果给予优惠。",
        "refs": [
          "seg-000036",
          "seg-000038",
          "seg-000041",
          "seg-000042",
          "seg-000046",
          "seg-000068",
          "seg-000079",
          "seg-000081",
          "seg-000196",
          "seg-000197",
          "seg-000198",
          "seg-000201"
        ]
      },
      {
        "speaker_id": "005-F",
        "overview": "汇报疫情期间线下客流减少但线上成交不错，销售额同比增长，并称上半年业务收入约八十万元、净利润约七十万元。下半年提出主播带货、打造网红产品，以及由受训柜台人员为顾客直播化妆；面对顾客不当试用造成损失，建议服务人员平和沟通并可赠送小样体现专业服务。",
        "refs": [
          "seg-000133",
          "seg-000135",
          "seg-000136",
          "seg-000142",
          "seg-000153",
          "seg-000155",
          "seg-000207",
          "seg-000208",
          "seg-000216",
          "seg-000217"
        ]
      },
      {
        "speaker_id": "006-F",
        "overview": "主持部门汇报并提出柜台人员服务态度问题。其后说明网络宣传带来的竞争压力，征集下半年提升销量的方案；讨论客户使用教育、男性化妆品研发和通过客户主播扩大宣传。对于专柜免费体验表示可纳入考虑，同时提出顾客乱用产品可能造成损失的限制。",
        "refs": [
          "seg-000010",
          "seg-000016",
          "seg-000017",
          "seg-000020",
          "seg-000145",
          "seg-000150",
          "seg-000152",
          "seg-000165",
          "seg-000174",
          "seg-000183",
          "seg-000199",
          "seg-000205",
          "seg-000210",
          "seg-000214",
          "seg-000215"
        ]
      },
      {
        "speaker_id": "007-F",
        "overview": "说明孕妇等特殊人群产品需避免过敏和不良成分，研发会采用无公害添加成分并调整剂量；同时指出相关研发成本高、购买国外专利投入大、目标人群较少且回本较慢。关于男性产品，认为男性更注重护肤，可降低化妆品比重并提高男士护肤方向的比重。",
        "refs": [
          "seg-000049",
          "seg-000050",
          "seg-000053",
          "seg-000056",
          "seg-000058",
          "seg-000060",
          "seg-000061",
          "seg-000062",
          "seg-000063",
          "seg-000189"
        ]
      }
    ],
    "action_items": [
      {
        "id": "action-001",
        "text": "继续加大对仿冒和商标侵权事项的维权投入，并对相关侵权方提起诉讼。",
        "owner": "003-M",
        "deadline": null,
        "refs": [
          "seg-000113",
          "seg-000114",
          "seg-000115"
        ],
        "importance": "critical"
      }
    ],
    "critical_errors": [],
    "source": null
  }
}

===== STDERR =====
close - IO is still pending on closed socket. read:1, write:0, io:0000023B5DCCD500

