# cmd file : 0047_probe_board_diar.txt
# started  : 2026-09-10T16:19:40
# exit code: 0

===== STDOUT =====
===MEETINGS===
train_L_20200706_L_R001S01C01
train_L_20200706_L_R001S02C01
train_L_20200706_L_R001S03C01
train_L_20200706_L_R001S04C01
train_L_20200706_L_R001S05C01
train_L_20200706_L_R001S06C01
train_L_20200706_L_R001S07C01
train_L_20200706_L_R001S08C01
train_L_20200707_L_R001S01C01
train_L_20200707_L_R001S02C01
train_L_20200707_L_R001S03C01
train_L_20200707_L_R001S04C01
train_L_20200707_L_R001S05C01
train_L_20200707_L_R001S06C01
train_L_20200707_L_R001S07C01
train_L_20200707_L_R001S08C01
train_L_20200708_L_R002S01C01
train_L_20200708_L_R002S02C01
train_L_20200708_L_R002S03C01
train_L_20200708_L_R002S04C01
train_L_20200708_L_R002S05C01
train_L_20200708_L_R002S07C01
train_L_20200708_L_R002S08C01
train_L_20200709_L_R002S01C01
train_L_20200709_L_R002S03C01
train_L_20200709_L_R002S04C01
train_L_20200709_L_R002S05C01
train_L_20200709_L_R002S06C01
train_L_20200709_L_R002S07C01
train_L_20200709_L_R002S07C01_v26
train_L_20200709_L_R002S08C01
===G_PRESENT===
FOUND 20200707_L_R001S04C01
FOUND 20200708_L_R002S05C01
FOUND 20200709_L_R002S04C01
===STAGES_g2===
01_segments
02_batch_asr
03_llm_summary
04_compat_export
04_compat_export_previous
logs
meeting_display.txt
meeting_frontend.json
meeting_result.json
meeting_summary.json
previous_meeting_display.txt
previous_meeting_frontend.json
previous_meeting_summary.json
run_config.json
runtime
stage_status.json
timeline.txt
===DIAR_FILES_g2===
/userdata/meeting_agent/evals/pipeline_outputs/e2e_trainL_full/train_L_20200708_L_R002S05C01/logs/01_segmentation.log
/userdata/meeting_agent/evals/pipeline_outputs/e2e_trainL_full/train_L_20200708_L_R002S05C01/logs/01_segmentation.cmd.json
/userdata/meeting_agent/evals/pipeline_outputs/e2e_trainL_full/train_L_20200708_L_R002S05C01/02_batch_asr/segment_transcripts.json
/userdata/meeting_agent/evals/pipeline_outputs/e2e_trainL_full/train_L_20200708_L_R002S05C01/02_batch_asr/segment_transcripts.csv
/userdata/meeting_agent/evals/pipeline_outputs/e2e_trainL_full/train_L_20200708_L_R002S05C01/03_llm_summary/canonical_segments.json
/userdata/meeting_agent/evals/pipeline_outputs/e2e_trainL_full/train_L_20200708_L_R002S05C01/01_segments/cut_audio/wav_segments/seg_0151_unknown_1496.790_1514.570.wav
/userdata/meeting_agent/evals/pipeline_outputs/e2e_trainL_full/train_L_20200708_L_R002S05C01/01_segments/cut_audio/wav_segments/seg_0000_unknown_0.000_20.000.wav
/userdata/meeting_agent/evals/pipeline_outputs/e2e_trainL_full/train_L_20200708_L_R002S05C01/01_segments/cut_audio/wav_segments/seg_0039_5_392.550_394.580.wav
/userdata/meeting_agent/evals/pipeline_outputs/e2e_trainL_full/train_L_20200708_L_R002S05C01/01_segments/cut_audio/wav_segments/seg_0133_6_1371.620_1385.920.wav
/userdata/meeting_agent/evals/pipeline_outputs/e2e_trainL_full/train_L_20200708_L_R002S05C01/01_segments/cut_audio/wav_segments/seg_0066_4_668.840_698.840.wav
/userdata/meeting_agent/evals/pipeline_outputs/e2e_trainL_full/train_L_20200708_L_R002S05C01/01_segments/cut_audio/wav_segments/seg_0162_unknown_1625.030_1633.390.wav
/userdata/meeting_agent/evals/pipeline_outputs/e2e_trainL_full/train_L_20200708_L_R002S05C01/01_segments/cut_audio/wav_segments/seg_0124_unknown_1284.270_1289.780.wav
/userdata/meeting_agent/evals/pipeline_outputs/e2e_trainL_full/train_L_20200708_L_R002S05C01/01_segments/cut_audio/wav_segments/seg_0118_0_1214.260_1217.260.wav
/userdata/meeting_agent/evals/pipeline_outputs/e2e_trainL_full/train_L_20200708_L_R002S05C01/01_segments/cut_audio/wav_segments/seg_0071_unknown_724.870_744.870.wav
/userdata/meeting_agent/evals/pipeline_outputs/e2e_trainL_full/train_L_20200708_L_R002S05C01/01_segments/cut_audio/wav_segments/seg_0130_unknown_1360.310_1367.090.wav
/userdata/meeting_agent/evals/pipeline_outputs/e2e_trainL_full/train_L_20200708_L_R002S05C01/01_segments/cut_audio/wav_segments/seg_0155_unknown_1560.770_1580.770.wav
/userdata/meeting_agent/evals/pipeline_outputs/e2e_trainL_full/train_L_20200708_L_R002S05C01/01_segments/cut_audio/wav_segments/seg_0088_0_1003.500_1012.920.wav
/userdata/meeting_agent/evals/pipeline_outputs/e2e_trainL_full/train_L_20200708_L_R002S05C01/01_segments/cut_audio/wav_segments/seg_0142_1_1438.090_1441.040.wav
/userdata/meeting_agent/evals/pipeline_outputs/e2e_trainL_full/train_L_20200708_L_R002S05C01/01_segments/cut_audio/wav_segments/seg_0001_unknown_20.000_35.280.wav
/userdata/meeting_agent/evals/pipeline_outputs/e2e_trainL_full/train_L_20200708_L_R002S05C01/01_segments/cut_audio/wav_segments/seg_0023_unknown_200.060_212.940.wav
/userdata/meeting_agent/evals/pipeline_outputs/e2e_trainL_full/train_L_20200708_L_R002S05C01/01_segments/cut_audio/wav_segments/seg_0096_0_1074.520_1077.645.wav
/userdata/meeting_agent/evals/pipeline_outputs/e2e_trainL_full/train_L_20200708_L_R002S05C01/01_segments/cut_audio/wav_segments/seg_0018_unknown_179.540_179.810.wav
/userdata/meeting_agent/evals/pipeline_outputs/e2e_trainL_full/train_L_20200708_L_R002S05C01/01_segments/cut_audio/wav_segments/seg_0009_3_67.300_72.330.wav
/userdata/meeting_agent/evals/pipeline_outputs/e2e_trainL_full/train_L_20200708_L_R002S05C01/01_segments/cut_audio/wav_segments/seg_0168_unknown_1685.950_1689.990.wav
/userdata/meeting_agent/evals/pipeline_outputs/e2e_trainL_full/train_L_20200708_L_R002S05C01/01_segments/cut_audio/wav_segments/seg_0084_0_927.540_940.820.wav
/userdata/meeting_agent/evals/pipeline_outputs/e2e_trainL_full/train_L_20200708_L_R002S05C01/01_segments/cut_audio/wav_segments/seg_0100_unknown_1090.290_1091.260.wav
/userdata/meeting_agent/evals/pipeline_outputs/e2e_trainL_full/train_L_20200708_L_R002S05C01/01_segments/cut_audio/wav_segments/seg_0164_unknown_1659.640_1676.770.wav
/userdata/meeting_agent/evals/pipeline_outputs/e2e_trainL_full/train_L_20200708_L_R002S05C01/01_segments/cut_audio/wav_segments/seg_0109_unknown_1132.880_1139.900.wav
/userdata/meeting_agent/evals/pipeline_outputs/e2e_trainL_full/train_L_20200708_L_R002S05C01/01_segments/cut_audio/wav_segments/seg_0062_unknown_658.850_659.160.wav
/userdata/meeting_agent/evals/pipeline_outputs/e2e_trainL_full/train_L_20200708_L_R002S05C01/01_segments/cut_audio/wav_segments/seg_0160_0_1620.690_1623.815.wav
/userdata/meeting_agent/evals/pipeline_outputs/e2e_trainL_full/train_L_20200708_L_R002S05C01/01_segments/cut_audio/wav_segments/seg_0020_1_185.785_191.900.wav
/userdata/meeting_agent/evals/pipeline_outputs/e2e_trainL_full/train_L_20200708_L_R002S05C01/01_segments/cut_audio/wav_segments/seg_0123_2_1281.470_1284.270.wav
/userdata/meeting_agent/evals/pipeline_outputs/e2e_trainL_full/train_L_20200708_L_R002S05C01/01_segments/cut_audio/wav_segments/seg_0081_unknown_889.830_894.660.wav
/userdata/meeting_agent/evals/pipeline_outputs/e2e_trainL_full/train_L_20200708_L_R002S05C01/01_segments/cut_audio/wav_segments/seg_0021_unknown_191.900_192.020.wav
/userdata/meeting_agent/evals/pipeline_outputs/e2e_trainL_full/train_L_20200708_L_R002S05C01/01_segments/cut_audio/wav_segments/seg_0179_unknown_1847.610_1867.610.wav
/userdata/meeting_agent/evals/pipeline_outputs/e2e_trainL_full/train_L_20200708_L_R002S05C01/01_segments/cut_audio/wav_segments/seg_0095_unknown_1074.200_1074.520.wav
/userdata/meeting_agent/evals/pipeline_outputs/e2e_trainL_full/train_L_20200708_L_R002S05C01/01_segments/cut_audio/wav_segments/seg_0093_0_1048.595_1061.095.wav
/userdata/meeting_agent/evals/pipeline_outputs/e2e_trainL_full/train_L_20200708_L_R002S05C01/01_segments/cut_audio/wav_segments/seg_0173_unknown_1727.610_1747.610.wav
/userdata/meeting_agent/evals/pipeline_outputs/e2e_trainL_full/train_L_20200708_L_R002S05C01/01_segments/cut_audio/wav_segments/seg_0091_0_1033.595_1047.595.wav
/userdata/meeting_agent/evals/pipeline_outputs/e2e_trainL_full/train_L_20200708_L_R002S05C01/01_segments/cut_audio/wav_segments/seg_0117_unknown_1213.180_1214.260.wav
/userdata/meeting_agent/evals/pipeline_outputs/e2e_trainL_full/train_L_20200708_L_R002S05C01/01_segments/cut_audio/wav_segments/seg_0129_6_1332.560_1360.310.wav
/userdata/meeting_agent/evals/pipeline_outputs/e2e_trainL_full/train_L_20200708_L_R002S05C01/01_segments/cut_audio/wav_segments/seg_0037_3_358.650_363.520.wav
/userdata/meeting_agent/evals/pipeline_outputs/e2e_trainL_full/train_L_20200708_L_R002S05C01/01_segments/cut_audio/wav_segments/seg_0101_4_1091.260_1094.320.wav
/userdata/meeting_agent/evals/pipeline_outputs/e2e_trainL_full/train_L_20200708_L_R002S05C01/01_segments/cut_audio/wav_segments/seg_0089_1_1010.920_1035.595.wav
/userdata/meeting_agent/evals/pipeline_outputs/e2e_trainL_full/train_L_20200708_L_R002S05C01/01_segments/cut_audio/wav_segments/seg_0108_2_1129.920_1132.880.wav
/userdata/meeting_agent/evals/pipeline_outputs/e2e_trainL_full/train_L_20200708_L_R002S05C01/01_segments/cut_audio/wav_segments/seg_0074_unknown_784.870_785.490.wav
/userdata/meeting_agent/evals/pipeline_outputs/e2e_trainL_full/train_L_20200708_L_R002S05C01/01_segments/cut_audio/wav_segments/seg_0061_3_646.750_658.850.wav
/userdata/meeting_agent/evals/pipeline_outputs/e2e_trainL_full/train_L_20200708_L_R002S05C01/01_segments/cut_audio/wav_segments/seg_0170_unknown_1697.420_1704.750.wav
/userdata/meeting_agent/evals/pipeline_outputs/e2e_trainL_full/train_L_20200708_L_R002S05C01/01_segments/cut_audio/wav_segments/seg_0059_4_633.240_636.050.wav
/userdata/meeting_agent/evals/pipeline_outputs/e2e_trainL_full/train_L_20200708_L_R002S05C01/01_segments/cut_audio/wav_segments/seg_0104_unknown_1101.260_1102.210.wav
/userdata/meeting_agent/evals/pipeline_outputs/e2e_trainL_full/train_L_20200708_L_R002S05C01/01_segments/cut_audio/wav_segments/seg_0148_unknown_1473.130_1493.130.wav
/userdata/meeting_agent/evals/pipeline_outputs/e2e_trainL_full/train_L_20200708_L_R002S05C01/01_segments/cut_audio/wav_segments/seg_0083_1_915.850_932.165.wav
/userdata/meeting_agent/evals/pipeline_outputs/e2e_trainL_full/train_L_20200708_L_R002S05C01/01_segments/cut_audio/wav_segments/seg_0136_unknown_1395.250_1396.540.wav
/userdata/meeting_agent/evals/pipeline_outputs/e2e_trainL_full/train_L_20200708_L_R002S05C01/01_segments/cut_audio/wav_segments/seg_0026_2_223.690_232.680.wav
/userdata/meeting_agent/evals/pipeline_outputs/e2e_trainL_full/train_L_20200708_L_R002S05C01/01_segments/cut_audio/wav_segments/seg_0085_1_939.250_969.250.wav
/userdata/meeting_agent/evals/pipeline_outputs/e2e_trainL_full/train_L_20200708_L_R002S05C01/01_segments/cut_audio/wav_segments/seg_0128_unknown_1330.420_1332.560.wav
/userdata/meeting_agent/evals/pipeline_outputs/e2e_trainL_full/train_L_20200708_L_R002S05C01/01_segments/cut_audio/wav_segments/seg_0004_unknown_40.900_45.520.wav
/userdata/meeting_agent/evals/pipeline_outputs/e2e_trainL_full/train_L_20200708_L_R002S05C01/01_segments/cut_audio/wav_segments/seg_0163_6_1633.390_1659.640.wav
/userdata/meeting_agent/evals/pipeline_outputs/e2e_trainL_full/train_L_20200708_L_R002S05C01/01_segments/cut_audio/wav_segments/seg_0078_0_817.550_847.550.wav
/userdata/meeting_agent/evals/pipeline_outputs/e2e_trainL_full/train_L_20200708_L_R002S05C01/01_segments/cut_audio/wav_segments/seg_0016_unknown_164.990_165.570.wav
/userdata/meeting_agent/evals/pipeline_outputs/e2e_trainL_full/train_L_20200708_L_R002S05C01/01_segments/cut_audio/wav_segments/seg_0176_unknown_1787.610_1807.610.wav
/userdata/meeting_agent/evals/pipeline_outputs/e2e_trainL_full/train_L_20200708_L_R002S05C01/01_segments/cut_audio/wav_segments/seg_0116_unknown_1193.180_1213.180.wav
/userdata/meeting_agent/evals/pipeline_outputs/e2e_trainL_full/train_L_20200708_L_R002S05C01/01_segments/cut_audio/wav_segments/seg_0058_3_628.480_640.000.wav
/userdata/meeting_agent/evals/pipeline_outputs/e2e_trainL_full/train_L_20200708_L_R002S05C01/01_segments/cut_audio/wav_segments/seg_0182_unknown_1907.610_1927.610.wav
/userdata/meeting_agent/evals/pipeline_outputs/e2e_trainL_full/train_L_20200708_L_R002S05C01/01_segments/cut_audio/wav_segments/seg_0046_3_446.520_451.145.wav
/userdata/meeting_agent/evals/pipeline_outputs/e2e_trainL_full/train_L_20200708_L_R002S05C01/01_segments/cut_audio/wav_segments/seg_0049_unknown_488.940_491.140.wav
/userdata/meeting_agent/evals/pipeline_outputs/e2e_trainL_full/train_L_20200708_L_R002S05C01/01_segments/cut_audio/wav_segments/seg_0045_2_437.835_447.040.wav
/userdata/meeting_agent/evals/pipeline_outputs/e2e_trainL_full/train_L_20200708_L_R002S05C01/01_segments/cut_audio/wav_segments/seg_0054_4_569.450_599.450.wav
/userdata/meeting_agent/evals/pipeline_outputs/e2e_trainL_full/train_L_20200708_L_R002S05C01/01_segments/cut_audio/wav_segments/seg_0082_0_894.660_916.490.wav
/userdata/meeting_agent/evals/pipeline_outputs/e2e_trainL_full/train_L_20200708_L_R002S05C01/01_segments/cut_audio/wav_segments/seg_0184_unknown_1947.610_1967.610.wav
/userdata/meeting_agent/evals/pipeline_outputs/e2e_trainL_full/train_L_20200708_L_R002S05C01/01_segments/cut_audio/wav_segments/seg_0186_unknown_1987.610_1990.249.wav
/userdata/meeting_agent/evals/pipeline_outputs/e2e_trainL_full/train_L_20200708_L_R002S05C01/01_segments/cut_audio/wav_segments/seg_0180_unknown_1867.610_1887.610.wav
/userdata/meeting_agent/evals/pipeline_outputs/e2e_trainL_full/train_L_20200708_L_R002S05C01/01_segments/cut_audio/wav_segments/seg_0152_5_1514.570_1520.770.wav
/userdata/meeting_agent/evals/pipeline_outputs/e2e_trainL_full/train_L_20200708_L_R002S05C01/01_segments/cut_audio/wav_segments/seg_0010_unknown_72.330_73.430.wav
/userdata/meeting_agent/evals/pipeline_outputs/e2e_trainL_full/train_L_20200708_L_R002S05C01/01_segments/cut_audio/wav_segments/seg_0076_unknown_791.600_811.410.wav
/userdata/meeting_agent/evals/pipeline_outputs/e2e_trainL_full/train_L_20200708_L_R002S05C01/01_segments/cut_audio/wav_segments/seg_0008_unknown_64.800_67.300.wav
/userdata/meeting_agent/evals/pipeline_outputs/e2e_trainL_full/train_L_20200708_L_R002S05C01/01_segments/cut_audio/wav_segments/seg_0183_unknown_1927.610_1947.610.wav
/userdata/meeting_agent/evals/pipeline_outputs/e2e_trainL_full/train_L_20200708_L_R002S05C01/01_segments/cut_audio/wav_segments/seg_0107_unknown_1125.150_1129.920.wav
/userdata/meeting_agent/evals/pipeline_outputs/e2e_trainL_full/train_L_20200708_L_R002S05C01/01_segments/cut_audio/wav_segments/seg_0159_unknown_1611.750_1620.690.wav
/userdata/meeting_agent/evals/pipeline_outputs/e2e_trainL_full/train_L_20200708_L_R002S05C01/01_segments/cut_audio/wav_segments/seg_0013_1_124.470_154.265.wav
/userdata/meeting_agent/evals/pipeline_outputs/e2e_trainL_full/train_L_20200708_L_R002S05C01/01_segments/cut_audio/wav_segments/seg_0132_unknown_1369.940_1371.620.wav
/userdata/meeting_agent/evals/pipeline_outputs/e2e_trainL_full/train_L_20200708_L_R002S05C01/01_segments/cut_audio/wav_segments/seg_0031_2_283.720_291.350.wav
/userdata/meeting_agent/evals/pipeline_outputs/e2e_trainL_full/train_L_20200708_L_R002S05C01/01_segments/cut_audio/wav_segments/seg_0029_2_265.400_276.620.wav
/userdata/meeting_agent/evals/pipeline_outputs/e2e_trainL_full/train_L_20200708_L_R002S05C01/01_segments/cut_audio/wav_segments/seg_0102_unknown_1094.320_1097.610.wav
/userdata/meeting_agent/evals/pipeline_outputs/e2e_trainL_full/train_L_20200708_L_R002S05C01/01_segments/cut_audio/wav_segments/seg_0098_unknown_1081.100_1083.470.wav
/userdata/meeting_agent/evals/pipeline_outputs/e2e_trainL_full/train_L_20200708_L_R002S05C01/01_segments/cut_audio/wav_segments/seg_0169_6_1689.990_1697.420.wav
/userdata/meeting_agent/evals/pipeline_outputs/e2e_trainL_full/train_L_20200708_L_R002S05C01/01_segments/cut_audio/wav_segments/seg_0077_3_811.410_817.770.wav
/userdata/meeting_agent/evals/pipeline_outputs/e2e_trainL_full/train_L_20200708_L_R002S05C01/01_segments/cut_audio/wav_segments/seg_0070_3_717.280_724.870.wav
/userdata/meeting_agent/evals/pipeline_outputs/e2e_trainL_full/train_L_20200708_L_R002S05C01/01_segments/cut_audio/wav_segments/seg_0041_5_404.510_407.710.wav
/userdata/meeting_agent/evals/pipeline_outputs/e2e_trainL_full/train_L_20200708_L_R002S05C01/01_segments/cut_audio/wav_segments/seg_0138_unknown_1401.750_1403.600.wav
/userdata/meeting_agent/evals/pipeline_outputs/e2e_trainL_full/train_L_20200708_L_R002S05C01/01_segments/cut_audio/wav_segments/seg_0065_unknown_668.750_668.840.wav
/userdata/meeting_agent/evals/pipeline_outputs/e2e_trainL_full/train_L_20200708_L_R002S05C01/01_segments/cut_audio/wav_segments/seg_0105_3_1102.210_1105.150.wav
/userdata/meeting_agent/evals/pipeline_outputs/e2e_trainL_full/train_L_20200708_L_R002S05C01/01_segments/cut_audio/wav_segments/seg_0131_0_1367.090_1369.940.wav
/userdata/meeting_agent/evals/pipeline_outputs/e2e_trainL_full/train_L_20200708_L_R002S05C01/01_segments/cut_audio/wav_segments/seg_0103_4_1097.610_1101.260.wav
/userdata/meeting_agent/evals/pipeline_outputs/e2e_trainL_full/train_L_20200708_L_R002S05C01/01_segments/cut_audio/wav_segments/seg_0122_unknown_1263.620_1281.470.wav
/userdata/meeting_agent/evals/pipeline_outputs/e2e_trainL_full/train_L_20200708_L_R002S05C01/01_segments/cut_audio/wav_segments/seg_0154_unknown_1540.770_1560.770.wav
/userdata/meeting_agent/evals/pipeline_outputs/e2e_trainL_full/train_L_20200708_L_R002S05C01/01_segments/cut_audio/wav_segments/seg_0086_1_969.250_999.250.wav
/userdata/meeting_agent/evals/pipeline_outputs/e2e_trainL_full/train_L_20200708_L_R002S05C01/01_segments/cut_audio/wav_segments/seg_0166_unknown_1680.970_1683.190.wav
/userdata/meeting_agent/evals/pipeline_outputs/e2e_trainL_full/train_L_20200708_L_R002S05C01/01_segments/cut_audio/wav_segments/seg_0087_1_999.250_1005.180.wav
/userdata/meeting_agent/evals/pipeline_outputs/e2e_trainL_full/train_L_20200708_L_R002S05C01/01_segments/cut_audio/wav_segments/seg_0113_2_1158.975_1183.475.wav
/userdata/meeting_agent/evals/pipeline_outputs/e2e_trainL_full/train_L_20200708_L_R002S05C01/01_segments/cut_audio/wav_segments/seg_0015_1_160.910_163.840.wav
/userdata/meeting_agent/evals/pipeline_outputs/e2e_trainL_full/train_L_20200708_L_R002S05C01/01_segments/cut_audio/wav_segments/seg_0150_5_1493.970_1496.790.wav
/userdata/meeting_agent/evals/pipeline_outputs/e2e_trainL_full/train_L_20200708_L_R002S05C01/01_segments/cut_audio/wav_segments/seg_0139_0_1403.600_1406.500.wav
/userdata/meeting_agent/evals/pipeline_outputs/e2e_trainL_full/train_L_20200708_L_R002S05C01/01_segments/cut_audio/wav_segments/seg_0005_0_45.520_48.290.wav
/userdata/meeting_agent/evals/pipeline_outputs/e2e_trainL_full/train_L_20200708_L_R002S05C01/01_segments/cut_audio/wav_segments/seg_0140_unknown_1406.500_1426.500.wav
/userdata/meeting_agent/evals/pipeline_outputs/e2e_trainL_full/train_L_20200708_L_R002S05C01/01_segments/cut_audio/wav_segments/seg_0119_unknown_1217.260_1222.680.wav
/userdata/meeting_agent/evals/pipeline_outputs/e2e_trainL_full/train_L_20200708_L_R002S05C01/01_segments/cut_audio/wav_segments/seg_0063_4_659.160_662.560.wav
/userdata/meeting_agent/evals/pipeline_outputs/e2e_trainL_full/train_L_20200708_L_R002S05C01/01_segments/cut_audio/wav_segments/seg_0034_unknown_302.630_307.690.wav
/userdata/meeting_agent/evals/pipeline_outputs/e2e_trainL_full/train_L_20200708_L_R002S05C01/01_segments/cut_audio/wav_segments/seg_0050_3_491.140_509.580.wav
/userdata/meeting_agent/evals/pipeline_outputs/e2e_trainL_full/train_L_20200708_L_R002S05C01/01_segments/cut_audio/wav_segments/seg_0120_0_1222.680_1252.680.wav
/userdata/meeting_agent/evals/pipeline_outputs/e2e_trainL_full/train_L_20200708_L_R002S05C01/01_segments/cut_audio/wav_segments/seg_0067_3_697.715_702.715.wav
/userdata/meeting_agent/evals/pipeline_outputs/e2e_trainL_full/train_L_20200708_L_R002S05C01/01_segments/cut_audio/wav_segments/seg_0185_unknown_1967.610_1987.610.wav
/userdata/meeting_agent/evals/pipeline_outputs/e2e_trainL_full/train_L_20200708_L_R002S05C01/01_segments/cut_audio/wav_segments/seg_0115_2_1189.725_1193.180.wav
/userdata/meeting_agent/evals/pipeline_outputs/e2e_trainL_full/train_L_20200708_L_R002S05C01/01_segments/cut_audio/wav_segments/seg_0057_4_624.620_628.520.wav
/userdata/meeting_agent/evals/pipeline_outputs/e2e_trainL_full/train_L_20200708_L_R002S05C01/01_segments/cut_audio/wav_segments/seg_0043_2_418.740_437.585.wav
/userdata/meeting_agent/evals/pipeline_outputs/e2e_trainL_full/train_L_20200708_L_R002S05C01/01_segments/cut_audio/wav_segments/seg_0147_5_1470.180_1473.130.wav
/userdata/meeting_agent/evals/pipeline_outputs/e2e_trainL_full/train_L_20200708_L_R002S05C01/01_segments/cut_audio/wav_segments/seg_0137_6_1396.540_1401.750.wav
/userdata/meeting_agent/evals/pipeline_outputs/e2e_trainL_full/train_L_20200708_L_R002S05C01/01_segments/cut_audio/wav_segments/seg_0079_0_847.550_869.830.wav
/userdata/meeting_agent/evals/pipeline_outputs/e2e_trainL_full/train_L_20200708_L_R002S05C01/01_segments/cut_audio/wav_segments/seg_0141_unknown_1426.500_1438.090.wav
/userdata/meeting_agent/evals/pipeline_outputs/e2e_trainL_full/train_L_20200708_L_R002S05C01/01_segments/cut_audio/wav_segments/seg_0080_unknown_869.830_889.830.wav
/userdata/meeting_agent/evals/pipeline_outputs/e2e_trainL_full/train_L_20200708_L_R002S05C01/01_segments/cut_audio/wav_segments/seg_0036_5_337.690_360.650.wav
/userdata/meeting_agent/evals/pipeline_outputs/e2e_trainL_full/train_L_20200708_L_R002S05C01/01_segments/cut_audio/wav_segments/seg_0064_3_662.150_668.750.wav
/userdata/meeting_agent/evals/pipeline_outputs/e2e_trainL_full/train_L_20200708_L_R002S05C01/01_segments/cut_audio/wav_segments/seg_0038_5_362.550_392.550.wav
/userdata/meeting_agent/evals/pipeline_outputs/e2e_trainL_full/train_L_20200708_L_R002S05C01/01_segments/cut_audio/wav_segments/seg_0145_5_1461.370_1464.300.wav
/userdata/meeting_agent/evals/pipeline_outputs/e2e_trainL_full/train_L_20200708_L_R002S05C01/01_segments/cut_audio/wav_segments/seg_0158_unknown_1591.750_1611.750.wav
/userdata/meeting_agent/evals/pipeline_outputs/e2e_trainL_full/train_L_20200708_L_R002S05C01/01_segments/cut_audio/wav_segments/seg_0003_1_37.155_40.900.wav
/userdata/meeting_agent/evals/pipeline_outputs/e2e_trainL_full/train_L_20200708_L_R002S05C01/01_segments/cut_audio/wav_segments/seg_0027_unknown_232.680_235.400.wav
/userdata/meeting_agent/evals/pipeline_outputs/e2e_trainL_full/train_L_20200708_L_R002S05C01/01_segments/cut_audio/wav_segments/seg_0149_unknown_1493.130_1493.970.wav
/userdata/meeting_agent/evals/pipeline_outputs/e2e_trainL_full/train_L_20200708_L_R002S05C01/01_segments/cut_audio/wav_segments/seg_0175_unknown_1767.610_1787.610.wav
/userdata/meeting_agent/evals/pipeline_outputs/e2e_trainL_full/train_L_20200708_L_R002S05C01/01_segments/cut_audio/wav_segments/seg_0075_3_785.490_791.600.wav
/userdata/meeting_agent/evals/pipeline_outputs/e2e_trainL_full/train_L_20200708_L_R002S05C01/01_segments/cut_audio/wav_segments/seg_0114_0_1179.225_1191.725.wav
/userdata/meeting_agent/evals/pipeline_outputs/e2e_trainL_full/train_L_20200708_L_R002S05C01/01_segments/cut_audio/wav_segments/seg_0121_0_1252.680_1263.620.wav
/userdata/meeting_agent/evals/pipeline_outputs/e2e_trainL_full/train_L_20200708_L_R002S05C01/01_segments/cut_audio/wav_segments/seg_0002_3_35.280_39.155.wav
/userdata/meeting_agent/evals/pipeline_outputs/e2e_trainL_full/train_L_20200708_L_R002S05C01/01_segments/cut_audio/wav_segments/seg_0068_4_698.840_717.260.wav
/userdata/meeting_agent/evals/pipeline_outputs/e2e_trainL_full/train_L_20200708_L_R002S05C01/01_segments/cut_audio/wav_segments/seg_0014_3_152.265_164.990.wav
/userdata/meeting_agent/evals/pipeline_outputs/e2e_trainL_full/train_L_20200708_L_R002S05C01/01_segments/cut_audio/wav_segments/seg_0025_unknown_220.760_223.690.wav
/userdata/meeting_agent/evals/pipeline_outputs/e2e_trainL_full/train_L_20200708_L_R002S05C01/01_segments/cut_audio/wav_segments/seg_0106_unknown_1105.150_1125.150.wav
/userdata/meeting_agent/evals/pipeline_outputs/e2e_trainL_full/train_L_20200708_L_R002S05C01/01_segments/cut_audio/wav_segments/seg_0144_unknown_1461.040_1461.370.wav
/userdata/meeting_agent/evals/pipeline_outputs/e2e_trainL_full/train_L_20200708_L_R002S05C01/01_segments/cut_audio/wav_segments/seg_0051_1_508.740_538.740.wav
/userdata/meeting_agent/evals/pipeline_outputs/e2e_trainL_full/train_L_20200708_L_R002S05C01/01_segments/cut_audio/wav_segments/seg_0090_5_1018.970_1022.095.wav
/userdata/meeting_agent/evals/pipeline_outputs/e2e_trainL_full/train_L_20200708_L_R002S05C01/01_segments/cut_audio/wav_segments/seg_0167_6_1683.190_1685.950.wav
/userdata/meeting_agent/evals/pipeline_outputs/e2e_trainL_full/train_L_20200708_L_R002S05C01/01_segments/cut_audio/wav_segments/seg_0011_0_73.430_103.430.wav
/userdata/meeting_agent/evals/pipeline_outputs/e2e_trainL_full/train_L_20200708_L_R002S05C01/01_segments/cut_audio/wav_segments/seg_0177_unknown_1807.610_1827.610.wav
/userdata/meeting_agent/evals/pipeline_outputs/e2e_trainL_full/train_L_20200708_L_R002S05C01/01_segments/cut_audio/wav_segments/seg_0035_5_307.690_337.690.wav
/userdata/meeting_agent/evals/pipeline_outputs/e2e_trainL_full/train_L_20200708_L_R002S05C01/01_segments/cut_audio/wav_segments/seg_0060_unknown_640.000_646.750.wav
/userdata/meeting_agent/evals/pipeline_outputs/e2e_trainL_full/train_L_20200708_L_R002S05C01/01_segments/cut_audio/wav_segments/seg_0012_0_103.430_126.210.wav
/userdata/meeting_agent/evals/pipeline_outputs/e2e_trainL_full/train_L_20200708_L_R002S05C01/01_segments/cut_audio/wav_segments/seg_0127_6_1327.470_1330.420.wav
/userdata/meeting_agent/evals/pipeline_outputs/e2e_trainL_full/train_L_20200708_L_R002S05C01/01_segments/cut_audio/wav_segments/seg_0072_unknown_744.870_764.870.wav
/userdata/meeting_agent/evals/pipeline_outputs/e2e_trainL_full/train_L_20200708_L_R002S05C01/01_segments/cut_audio/wav_segments/seg_0033_3_292.110_302.630.wav
/userdata/meeting_agent/evals/pipeline_outputs/e2e_trainL_full/train_L_20200708_L_R002S05C01/01_segments/cut_audio/wav_segments/seg_0181_unknown_1887.610_1907.610.wav
/userdata/meeting_agent/evals/pipeline_outputs/e2e_trainL_full/train_L_20200708_L_R002S05C01/01_segments/cut_audio/wav_segments/seg_0134_unknown_1385.920_1391.920.wav
/userdata/meeting_agent/evals/pipeline_outputs/e2e_trainL_full/train_L_20200708_L_R002S05C01/01_segments/cut_audio/wav_segments/seg_0171_6_1704.750_1707.610.wav
/userdata/meeting_agent/evals/pipeline_outputs/e2e_trainL_full/train_L_20200708_L_R002S05C01/01_segments/cut_audio/wav_segments/seg_0143_unknown_1441.040_1461.040.wav
/userdata/meeting_agent/evals/pipeline_outputs/e2e_trainL_full/train_L_20200708_L_R002S05C01/01_segments/cut_audio/wav_segments/seg_0110_2_1139.900_1147.760.wav
/userdata/meeting_agent/evals/pipeline_outputs/e2e_trainL_full/train_L_20200708_L_R002S05C01/01_segments/cut_audio/wav_segments/seg_0019_3_179.810_187.785.wav
/userdata/meeting_agent/evals/pipeline_outputs/e2e_trainL_full/train_L_20200708_L_R002S05C01/01_segments/cut_audio/wav_segments/seg_0156_unknown_1580.770_1588.970.wav
/userdata/meeting_agent/evals/pipeline_outputs/e2e_trainL_full/train_L_20200708_L_R002S05C01/01_segments/cut_audio/wav_segments/seg_0153_unknown_1520.770_1540.770.wav
/userdata/meeting_agent/evals/pipeline_outputs/e2e_trainL_full/train_L_20200708_L_R002S05C01/01_segments/cut_audio/wav_segments/seg_0006_unknown_48.290_48.950.wav
/userdata/meeting_agent/evals/pipeline_outputs/e2e_trainL_full/train_L_20200708_L_R002S05C01/01_segments/cut_audio/wav_segments/seg_0022_3_192.020_200.060.wav
/userdata/meeting_agent/evals/pipeline_outputs/e2e_trainL_full/train_L_20200708_L_R002S05C01/01_segments/cut_audio/wav_segments/seg_0174_unknown_1747.610_1767.610.wav
/userdata/meeting_agent/evals/pipeline_outputs/e2e_trainL_full/train_L_20200708_L_R002S05C01/01_segments/cut_audio/wav_segments/seg_0097_4_1075.645_1081.100.wav
/userdata/meeting_agent/evals/pipeline_outputs/e2e_trainL_full/train_L_20200708_L_R002S05C01/01_segments/cut_audio/wav_segments/seg_0112_0_1151.100_1160.975.wav
/userdata/meeting_agent/evals/pipeline_outputs/e2e_trainL_full/train_L_20200708_L_R002S05C01/01_segments/cut_audio/wav_segments/seg_0157_0_1588.970_1591.750.wav
/userdata/meeting_agent/evals/pipeline_outputs/e2e_trainL_full/train_L_20200708_L_R002S05C01/01_segments/cut_audio/wav_segments/seg_0056_3_621.610_625.830.wav
/userdata/meeting_agent/evals/pipeline_outputs/e2e_trainL_full/train_L_20200708_L_R002S05C01/01_segments/cut_audio/wav_segments/seg_0099_5_1083.470_1090.290.wav
/userdata/meeting_agent/evals/pipeline_outputs/e2e_trainL_full/train_L_20200708_L_R002S05C01/01_segments/cut_audio/wav_segments/seg_0042_unknown_409.420_418.740.wav
/userdata/meeting_agent/evals/pipeline_outputs/e2e_trainL_full/train_L_20200708_L_R002S05C01/01_segments/cut_audio/wav_segments/seg_0094_4_1059.095_1074.200.wav
/userdata/meeting_agent/evals/pipeline_outputs/e2e_trainL_full/train_L_20200708_L_R002S05C01/01_segments/cut_audio/wav_segments/seg_0048_2_479.145_488.940.wav
/userdata/meeting_agent/evals/pipeline_outputs/e2e_trainL_full/train_L_20200708_L_R002S05C01/01_segments/cut_audio/wav_segments/seg_0126_1_1319.780_1328.340.wav
/userdata/meeting_agent/evals/pipeline_outputs/e2e_trainL_full/train_L_20200708_L_R002S05C01/01_segments/cut_audio/wav_segments/seg_0047_2_449.145_479.145.wav
/userdata/meeting_agent/evals/pipeline_outputs/e2e_trainL_full/train_L_20200708_L_R002S05C01/01_segments/cut_audio/wav_segments/seg_0161_3_1621.815_1625.030.wav
/userdata/meeting_agent/evals/pipeline_outputs/e2e_trainL_full/train_L_20200708_L_R002S05C01/01_segments/cut_audio/wav_segments/seg_0053_3_556.840_570.130.wav
/userdata/meeting_agent/evals/pipeline_outputs/e2e_trainL_full/train_L_20200708_L_R002S05C01/01_segments/cut_audio/wav_segments/seg_0030_unknown_276.620_283.720.wav
/userdata/meeting_agent/evals/pipeline_outputs/e2e_trainL_full/train_L_20200708_L_R002S05C01/01_segments/cut_audio/wav_segments/seg_0172_unknown_1707.610_1727.610.wav
/userdata/meeting_agent/evals/pipeline_outputs/e2e_trainL_full/train_L_20200708_L_R002S05C01/01_segments/cut_audio/wav_segments/seg_0165_0_1676.770_1680.970.wav
/userdata/meeting_agent/evals/pipeline_outputs/e2e_trainL_full/train_L_20200708_L_R002S05C01/01_segments/cut_audio/wav_segments/seg_0073_unknown_764.870_784.870.wav
/userdata/meeting_agent/evals/pipeline_outputs/e2e_trainL_full/train_L_20200708_L_R002S05C01/01_segments/cut_audio/wav_segments/seg_0135_0_1391.920_1395.250.wav
/userdata/meeting_agent/evals/pipeline_outputs/e2e_trainL_full/train_L_20200708_L_R002S05C01/01_segments/cut_audio/wav_segments/seg_0125_1_1289.780_1319.780.wav
/userdata/meeting_agent/evals/pipeline_outputs/e2e_trainL_full/train_L_20200708_L_R002S05C01/01_segments/cut_audio/wav_segments/seg_0040_3_393.670_409.420.wav
/userdata/meeting_agent/evals/pipeline_outputs/e2e_trainL_full/train_L_20200708_L_R002S05C01/01_segments/cut_audio/wav_segments/seg_0017_1_165.570_179.540.wav
/userdata/meeting_agent/evals/pipeline_outputs/e2e_trainL_full/train_L_20200708_L_R002S05C01/01_segments/cut_audio/wav_segments/seg_0024_2_212.940_220.760.wav
/userdata/meeting_agent/evals/pipeline_outputs/e2e_trainL_full/train_L_20200708_L_R002S05C01/01_segments/cut_audio/wav_segments/seg_0028_2_235.400_265.400.wav
/userdata/meeting_agent/evals/pipeline_outputs/e2e_trainL_full/train_L_20200708_L_R002S05C01/01_segments/cut_audio/wav_segments/seg_0052_1_538.740_557.480.wav
/userdata/meeting_agent/evals/pipeline_outputs/e2e_trainL_full/train_L_20200708_L_R002S05C01/01_segments/cut_audio/wav_segments/seg_0146_unknown_1464.300_1470.180.wav
/userdata/meeting_agent/evals/pipeline_outputs/e2e_trainL_full/train_L_20200708_L_R002S05C01/01_segments/cut_audio/wav_segments/seg_0032_unknown_291.350_292.110.wav
/userdata/meeting_agent/evals/pipeline_outputs/e2e_trainL_full/train_L_20200708_L_R002S05C01/01_segments/cut_audio/wav_segments/seg_0111_unknown_1147.760_1151.100.wav
/userdata/meeting_agent/evals/pipeline_outputs/e2e_trainL_full/train_L_20200708_L_R002S05C01/01_segments/cut_audio/wav_segments/seg_0092_1_1045.595_1050.595.wav
/userdata/meeting_agent/evals/pipeline_outputs/e2e_trainL_full/train_L_20200708_L_R002S05C01/01_segments/cut_audio/wav_segments/seg_0055_4_599.450_622.230.wav
/userdata/meeting_agent/evals/pipeline_outputs/e2e_trainL_full/train_L_20200708_L_R002S05C01/01_segments/cut_audio/wav_segments/seg_0007_3_48.950_64.800.wav
/userdata/meeting_agent/evals/pipeline_outputs/e2e_trainL_full/train_L_20200708_L_R002S05C01/01_segments/cut_audio/wav_segments/seg_0178_unknown_1827.610_1847.610.wav
/userdata/meeting_agent/evals/pipeline_outputs/e2e_trainL_full/train_L_20200708_L_R002S05C01/01_segments/cut_audio/wav_segments/seg_0044_3_435.585_439.835.wav
/userdata/meeting_agent/evals/pipeline_outputs/e2e_trainL_full/train_L_20200708_L_R002S05C01/01_segments/cut_audio/cut_segments.csv
/userdata/meeting_agent/evals/pipeline_outputs/e2e_trainL_full/train_L_20200708_L_R002S05C01/01_segments/cut_audio/cut_segments.json
/userdata/meeting_agent/evals/pipeline_outputs/e2e_trainL_full/train_L_20200708_L_R002S05C01/01_segments/input_mono16k.wav
/userdata/meeting_agent/evals/pipeline_outputs/e2e_trainL_full/train_L_20200708_L_R002S05C01/01_segments/3dspeaker_out/input_mono16k.rttm
/userdata/meeting_agent/evals/pipeline_outputs/e2e_trainL_full/train_L_20200708_L_R002S05C01/01_segments/logs/3dspeaker.log
/userdata/meeting_agent/evals/pipeline_outputs/e2e_trainL_full/train_L_20200708_L_R002S05C01/01_segments/board_3dspeaker_segment_summary.json
/userdata/meeting_agent/evals/pipeline_outputs/e2e_trainL_full/train_L_20200708_L_R002S05C01/01_segments/segment_plan/unknown_gap_decisions.csv
/userdata/meeting_agent/evals/pipeline_outputs/e2e_trainL_full/train_L_20200708_L_R002S05C01/01_segments/segment_plan/segment_plan.json
/userdata/meeting_agent/evals/pipeline_outputs/e2e_trainL_full/train_L_20200708_L_R002S05C01/01_segments/segment_plan/absorbed_unknown_gaps.json
/userdata/meeting_agent/evals/pipeline_outputs/e2e_trainL_full/train_L_20200708_L_R002S05C01/01_segments/segment_plan/remaining_unknown_segments.json
/userdata/meeting_agent/evals/pipeline_outputs/e2e_trainL_full/train_L_20200708_L_R002S05C01/01_segments/segment_plan/unknown_gap_decisions.json
/userdata/meeting_agent/evals/pipeline_outputs/e2e_trainL_full/train_L_20200708_L_R002S05C01/01_segments/segment_plan/segment_plan.csv
===STANDALONE_DIAR===
L_R004S06C01_spk_segments.json
L_R004S06C01_spk_segments.txt
L_R004S06C01_spk_segments_vadopt.json
L_R004S06C01_spk_segments_vadopt.txt
L_R004S06C01_spk_segments_win1p5_thr068.json
L_R004S06C01_spk_segments_win1p5_thr068.txt
L_R004S06C01_spk_segments_win1p5_thr070.json
L_R004S06C01_spk_segments_win1p5_thr070.txt
L_R004S06C01_spk_segments_win1p5_thr072.json
L_R004S06C01_spk_segments_win1p5_thr072.txt
L_R004S06C01_spk_segments_win2_thr068.json
L_R004S06C01_spk_segments_win2_thr068.txt
L_R004S06C01_spk_segments_win2_thr070.json
L_R004S06C01_spk_segments_win2_thr070.txt
L_R004S06C01_spk_segments_win2_thr072.json
L_R004S06C01_spk_segments_win2_thr072.txt
L_R004S06C01_spk_segments_win3_thr068.json
L_R004S06C01_spk_segments_win3_thr068_main_unknown.json
L_R004S06C01_spk_segments_win3_thr068_main_unknown.txt
L_R004S06C01_spk_segments_win3_thr068.txt
L_R004S06C01_spk_segments_win3_thr070.json
L_R004S06C01_spk_segments_win3_thr070.txt
L_R004S06C01_spk_segments_win3_thr072.json
L_R004S06C01_spk_segments_win3_thr072.txt
L_R004S06C01.TextGrid
meeting_spk_asr_batch_v1.py
meeting_spk_asr_v1.py
postprocess_unknown_boundary.py
__pycache__
run_short_window_sweep.py
===DONE===

===== STDERR =====
close - IO is still pending on closed socket. read:1, write:0, io:000001D2DAA387F0

