# cmd file : 0048_cat_board_3dspk_rttm.txt
# started  : 2026-09-10T16:20:59
# exit code: 0

===== STDOUT =====
===RTTM_20200707_L_R001S04C01===
SPEAKER input_mono16k 0 37.680 2.520 <NA> <NA> 5 <NA> <NA>
SPEAKER input_mono16k 0 42.640 1.875 <NA> <NA> 0 <NA> <NA>
SPEAKER input_mono16k 0 44.515 1.500 <NA> <NA> 3 <NA> <NA>
SPEAKER input_mono16k 0 46.015 2.250 <NA> <NA> 1 <NA> <NA>
SPEAKER input_mono16k 0 48.265 1.500 <NA> <NA> 2 <NA> <NA>
SPEAKER input_mono16k 0 49.765 2.250 <NA> <NA> 4 <NA> <NA>
SPEAKER input_mono16k 0 52.015 8.295 <NA> <NA> 5 <NA> <NA>
SPEAKER input_mono16k 0 64.230 0.790 <NA> <NA> 0 <NA> <NA>
SPEAKER input_mono16k 0 66.300 1.230 <NA> <NA> 0 <NA> <NA>
SPEAKER input_mono16k 0 74.230 0.820 <NA> <NA> 0 <NA> <NA>
SPEAKER input_mono16k 0 91.690 0.790 <NA> <NA> 4 <NA> <NA>
SPEAKER input_mono16k 0 107.860 1.490 <NA> <NA> 4 <NA> <NA>
SPEAKER input_mono16k 0 122.560 1.120 <NA> <NA> 4 <NA> <NA>
SPEAKER input_mono16k 0 129.950 0.840 <NA> <NA> 0 <NA> <NA>
SPEAKER input_mono16k 0 141.250 1.160 <NA> <NA> 0 <NA> <NA>
SPEAKER input_mono16k 0 145.500 0.820 <NA> <NA> 0 <NA> <NA>
SPEAKER input_mono16k 0 147.900 7.875 <NA> <NA> 0 <NA> <NA>
SPEAKER input_mono16k 0 155.775 1.445 <NA> <NA> 4 <NA> <NA>
SPEAKER input_mono16k 0 165.370 1.830 <NA> <NA> 0 <NA> <NA>
SPEAKER input_mono16k 0 173.100 0.870 <NA> <NA> 4 <NA> <NA>
SPEAKER input_mono16k 0 176.900 1.010 <NA> <NA> 4 <NA> <NA>
SPEAKER input_mono16k 0 180.530 0.980 <NA> <NA> 4 <NA> <NA>
SPEAKER input_mono16k 0 190.450 1.875 <NA> <NA> 0 <NA> <NA>
SPEAKER input_mono16k 0 192.325 1.955 <NA> <NA> 4 <NA> <NA>
SPEAKER input_mono16k 0 197.450 0.940 <NA> <NA> 4 <NA> <NA>
SPEAKER input_mono16k 0 201.880 9.375 <NA> <NA> 0 <NA> <NA>
SPEAKER input_mono16k 0 211.255 2.250 <NA> <NA> 6 <NA> <NA>
SPEAKER input_mono16k 0 213.505 0.750 <NA> <NA> 0 <NA> <NA>
SPEAKER input_mono16k 0 214.255 0.750 <NA> <NA> 6 <NA> <NA>
SPEAKER input_mono16k 0 215.005 0.695 <NA> <NA> 0 <NA> <NA>
SPEAKER input_mono16k 0 219.160 1.450 <NA> <NA> 6 <NA> <NA>
SPEAKER input_mono16k 0 222.450 6.375 <NA> <NA> 6 <NA> <NA>
SPEAKER input_mono16k 0 228.825 1.185 <NA> <NA> 0 <NA> <NA>
SPEAKER input_mono16k 0 231.510 3.375 <NA> <NA> 6 <NA> <NA>
SPEAKER input_mono16k 0 234.885 0.585 <NA> <NA> 0 <NA> <NA>
SPEAKER input_mono16k 0 240.550 2.510 <NA> <NA> 6 <NA> <NA>
SPEAKER input_mono16k 0 247.940 2.330 <NA> <NA> 0 <NA> <NA>
SPEAKER input_mono16k 0 253.230 1.610 <NA> <NA> 6 <NA> <NA>
SPEAKER input_mono16k 0 257.570 1.875 <NA> <NA> 6 <NA> <NA>
SPEAKER input_mono16k 0 259.445 1.405 <NA> <NA> 0 <NA> <NA>
SPEAKER input_mono16k 0 267.420 0.900 <NA> <NA> 0 <NA> <NA>
SPEAKER input_mono16k 0 281.170 5.625 <NA> <NA> 0 <NA> <NA>
SPEAKER input_mono16k 0 286.795 3.395 <NA> <NA> 3 <NA> <NA>
SPEAKER input_mono16k 0 291.700 1.125 <NA> <NA> 3 <NA> <NA>
SPEAKER input_mono16k 0 292.825 2.250 <NA> <NA> 0 <NA> <NA>
SPEAKER input_mono16k 0 295.075 5.045 <NA> <NA> 3 <NA> <NA>
SPEAKER input_mono16k 0 301.670 1.610 <NA> <NA> 3 <NA> <NA>
SPEAKER input_mono16k 0 303.300 0.790 <NA> <NA> 3 <NA> <NA>
SPEAKER input_mono16k 0 304.420 1.590 <NA> <NA> 3 <NA> <NA>
SPEAKER input_mono16k 0 306.160 2.660 <NA> <NA> 3 <NA> <NA>
SPEAKER input_mono16k 0 310.510 2.400 <NA> <NA> 3 <NA> <NA>
SPEAKER input_mono16k 0 312.970 1.350 <NA> <NA> 3 <NA> <NA>
SPEAKER input_mono16k 0 315.100 0.840 <NA> <NA> 3 <NA> <NA>
SPEAKER input_mono16k 0 316.820 2.700 <NA> <NA> 0 <NA> <NA>
SPEAKER input_mono16k 0 320.240 2.180 <NA> <NA> 3 <NA> <NA>
SPEAKER input_mono16k 0 323.240 1.020 <NA> <NA> 3 <NA> <NA>
SPEAKER input_mono16k 0 324.320 2.770 <NA> <NA> 3 <NA> <NA>
SPEAKER input_mono16k 0 327.960 1.060 <NA> <NA> 3 <NA> <NA>
SPEAKER input_mono16k 0 329.140 0.870 <NA> <NA> 3 <NA> <NA>
SPEAKER input_mono16k 0 330.120 3.800 <NA> <NA> 3 <NA> <NA>
SPEAKER input_mono16k 0 334.790 2.090 <NA> <NA> 3 <NA> <NA>
SPEAKER input_mono16k 0 338.670 1.240 <NA> <NA> 3 <NA> <NA>
SPEAKER input_mono16k 0 339.980 1.420 <NA> <NA> 3 <NA> <NA>
SPEAKER input_mono16k 0 342.330 1.470 <NA> <NA> 3 <NA> <NA>
SPEAKER input_mono16k 0 344.100 2.760 <NA> <NA> 3 <NA> <NA>
SPEAKER input_mono16k 0 349.990 0.920 <NA> <NA> 0 <NA> <NA>
SPEAKER input_mono16k 0 351.050 0.870 <NA> <NA> 0 <NA> <NA>
SPEAKER input_mono16k 0 352.010 0.860 <NA> <NA> 0 <NA> <NA>
SPEAKER input_mono16k 0 354.260 0.810 <NA> <NA> 3 <NA> <NA>
SPEAKER input_mono16k 0 357.320 0.770 <NA> <NA> 3 <NA> <NA>
SPEAKER input_mono16k 0 360.970 0.900 <NA> <NA> 0 <NA> <NA>
SPEAKER input_mono16k 0 362.210 1.350 <NA> <NA> 3 <NA> <NA>
SPEAKER input_mono16k 0 364.100 0.880 <NA> <NA> 3 <NA> <NA>
SPEAKER input_mono16k 0 365.700 1.600 <NA> <NA> 3 <NA> <NA>
SPEAKER input_mono16k 0 367.370 1.840 <NA> <NA> 3 <NA> <NA>
SPEAKER input_mono16k 0 370.670 2.040 <NA> <NA> 0 <NA> <NA>
SPEAKER input_mono16k 0 374.710 2.040 <NA> <NA> 3 <NA> <NA>
SPEAKER input_mono16k 0 377.700 1.370 <NA> <NA> 0 <NA> <NA>
SPEAKER input_mono16k 0 381.710 1.090 <NA> <NA> 3 <NA> <NA>
SPEAKER input_mono16k 0 383.280 0.970 <NA> <NA> 6 <NA> <NA>
SPEAKER input_mono16k 0 391.360 2.610 <NA> <NA> 3 <NA> <NA>
SPEAKER input_mono16k 0 394.170 1.980 <NA> <NA> 3 <NA> <NA>
SPEAKER input_mono16k 0 396.970 1.190 <NA> <NA> 3 <NA> <NA>
SPEAKER input_mono16k 0 398.160 1.050 <NA> <NA> 0 <NA> <NA>
SPEAKER input_mono16k 0 400.530 0.920 <NA> <NA> 0 <NA> <NA>
SPEAKER input_mono16k 0 401.810 0.810 <NA> <NA> 0 <NA> <NA>
SPEAKER input_mono16k 0 403.030 1.030 <NA> <NA> 3 <NA> <NA>
SPEAKER input_mono16k 0 404.190 1.160 <NA> <NA> 3 <NA> <NA>
SPEAKER input_mono16k 0 412.770 3.730 <NA> <NA> 3 <NA> <NA>
SPEAKER input_mono16k 0 418.010 0.880 <NA> <NA> 3 <NA> <NA>
SPEAKER input_mono16k 0 426.400 1.125 <NA> <NA> 0 <NA> <NA>
SPEAKER input_mono16k 0 427.525 0.925 <NA> <NA> 6 <NA> <NA>
SPEAKER input_mono16k 0 434.250 4.125 <NA> <NA> 6 <NA> <NA>
SPEAKER input_mono16k 0 438.375 0.750 <NA> <NA> 4 <NA> <NA>
SPEAKER input_mono16k 0 439.125 0.405 <NA> <NA> 0 <NA> <NA>
SPEAKER input_mono16k 0 442.300 7.400 <NA> <NA> 3 <NA> <NA>
SPEAKER input_mono16k 0 463.150 0.850 <NA> <NA> 4 <NA> <NA>
SPEAKER input_mono16k 0 476.130 3.840 <NA> <NA> 0 <NA> <NA>
SPEAKER input_mono16k 0 481.750 0.920 <NA> <NA> 0 <NA> <NA>
SPEAKER input_mono16k 0 483.400 2.380 <NA> <NA> 0 <NA> <NA>
SPEAKER input_mono16k 0 485.810 2.350 <NA> <NA> 0 <NA> <NA>
SPEAKER input_mono16k 0 488.830 1.450 <NA> <NA> 4 <NA> <NA>
SPEAKER input_mono16k 0 493.830 0.870 <NA> <NA> 4 <NA> <NA>
SPEAKER input_mono16k 0 503.380 1.320 <NA> <NA> 0 <NA> <NA>
SPEAKER input_mono16k 0 516.010 0.820 <NA> <NA> 0 <NA> <NA>
SPEAKER input_mono16k 0 525.000 0.930 <NA> <NA> 4 <NA> <NA>
SPEAKER input_mono16k 0 534.710 0.960 <NA> <NA> 0 <NA> <NA>
SPEAKER input_mono16k 0 541.990 2.260 <NA> <NA> 0 <NA> <NA>
SPEAKER input_mono16k 0 546.820 2.770 <NA> <NA> 2 <NA> <NA>
SPEAKER input_mono16k 0 551.140 3.310 <NA> <NA> 2 <NA> <NA>
SPEAKER input_mono16k 0 557.230 7.875 <NA> <NA> 2 <NA> <NA>
SPEAKER input_mono16k 0 565.105 1.645 <NA> <NA> 1 <NA> <NA>
SPEAKER input_mono16k 0 569.000 3.130 <NA> <NA> 2 <NA> <NA>
SPEAKER input_mono16k 0 574.890 5.530 <NA> <NA> 2 <NA> <NA>
SPEAKER input_mono16k 0 582.430 3.020 <NA> <NA> 2 <NA> <NA>
SPEAKER input_mono16k 0 586.930 6.700 <NA> <NA> 2 <NA> <NA>
SPEAKER input_mono16k 0 595.360 1.130 <NA> <NA> 2 <NA> <NA>
SPEAKER input_mono16k 0 598.070 1.900 <NA> <NA> 2 <NA> <NA>
SPEAKER input_mono16k 0 600.320 0.910 <NA> <NA> 2 <NA> <NA>
SPEAKER input_mono16k 0 601.280 1.870 <NA> <NA> 2 <NA> <NA>
SPEAKER input_mono16k 0 605.550 1.870 <NA> <NA> 2 <NA> <NA>
SPEAKER input_mono16k 0 609.230 1.820 <NA> <NA> 2 <NA> <NA>
SPEAKER input_mono16k 0 612.000 1.370 <NA> <NA> 2 <NA> <NA>
SPEAKER input_mono16k 0 615.310 1.040 <NA> <NA> 0 <NA> <NA>
SPEAKER input_mono16k 0 617.630 1.060 <NA> <NA> 2 <NA> <NA>
SPEAKER input_mono16k 0 619.020 1.470 <NA> <NA> 2 <NA> <NA>
SPEAKER input_mono16k 0 621.780 1.400 <NA> <NA> 0 <NA> <NA>
SPEAKER input_mono16k 0 628.720 0.860 <NA> <NA> 2 <NA> <NA>
SPEAKER input_mono16k 0 631.060 0.800 <NA> <NA> 2 <NA> <NA>
SPEAKER input_mono16k 0 632.130 0.980 <NA> <NA> 2 <NA> <NA>
SPEAKER input_mono16k 0 636.480 0.840 <NA> <NA> 1 <NA> <NA>
SPEAKER input_mono16k 0 638.840 0.850 <NA> <NA> 1 <NA> <NA>
SPEAKER input_mono16k 0 640.820 1.950 <NA> <NA> 1 <NA> <NA>
SPEAKER input_mono16k 0 642.790 0.810 <NA> <NA> 1 <NA> <NA>
SPEAKER input_mono16k 0 644.650 1.020 <NA> <NA> 1 <NA> <NA>
SPEAKER input_mono16k 0 645.680 0.930 <NA> <NA> 1 <NA> <NA>
SPEAKER input_mono16k 0 648.630 2.600 <NA> <NA> 2 <NA> <NA>
SPEAKER input_mono16k 0 652.020 3.900 <NA> <NA> 2 <NA> <NA>
SPEAKER input_mono16k 0 657.170 0.920 <NA> <NA> 2 <NA> <NA>
SPEAKER input_mono16k 0 659.470 1.740 <NA> <NA> 2 <NA> <NA>
SPEAKER input_mono16k 0 661.920 0.890 <NA> <NA> 0 <NA> <NA>
SPEAKER input_mono16k 0 666.450 2.670 <NA> <NA> 0 <NA> <NA>
SPEAKER input_mono16k 0 671.840 1.125 <NA> <NA> 0 <NA> <NA>
SPEAKER input_mono16k 0 672.965 0.525 <NA> <NA> 4 <NA> <NA>
SPEAKER input_mono16k 0 678.480 1.790 <NA> <NA> 2 <NA> <NA>
SPEAKER input_mono16k 0 680.410 1.680 <NA> <NA> 2 <NA> <NA>
SPEAKER input_mono16k 0 682.860 1.390 <NA> <NA> 2 <NA> <NA>
SPEAKER input_mono16k 0 687.130 3.010 <NA> <NA> 0 <NA> <NA>
SPEAKER input_mono16k 0 697.600 1.190 <NA> <NA> 5 <NA> <NA>
SPEAKER input_mono16k 0 707.420 0.760 <NA> <NA> 4 <NA> <NA>
SPEAKER input_mono16k 0 709.460 1.360 <NA> <NA> 6 <NA> <NA>
SPEAKER input_mono16k 0 720.120 1.875 <NA> <NA> 6 <NA> <NA>
SPEAKER input_mono16k 0 721.995 1.500 <NA> <NA> 4 <NA> <NA>
SPEAKER input_mono16k 0 723.495 1.245 <NA> <NA> 6 <NA> <NA>
SPEAKER input_mono16k 0 730.500 0.770 <NA> <NA> 3 <NA> <NA>
SPEAKER input_mono16k 0 733.100 4.160 <NA> <NA> 6 <NA> <NA>
SPEAKER input_mono16k 0 738.840 0.940 <NA> <NA> 0 <NA> <NA>
SPEAKER input_mono16k 0 757.200 2.900 <NA> <NA> 6 <NA> <NA>
SPEAKER input_mono16k 0 762.640 0.960 <NA> <NA> 0 <NA> <NA>
SPEAKER input_mono16k 0 766.140 0.780 <NA> <NA> 6 <NA> <NA>
SPEAKER input_mono16k 0 769.470 1.160 <NA> <NA> 6 <NA> <NA>
SPEAKER input_mono16k 0 772.840 2.080 <NA> <NA> 6 <NA> <NA>
SPEAKER input_mono16k 0 778.900 1.070 <NA> <NA> 3 <NA> <NA>
SPEAKER input_mono16k 0 820.910 0.920 <NA> <NA> 3 <NA> <NA>
SPEAKER input_mono16k 0 825.330 0.870 <NA> <NA> 0 <NA> <NA>
SPEAKER input_mono16k 0 838.250 1.540 <NA> <NA> 0 <NA> <NA>
SPEAKER input_mono16k 0 843.610 3.020 <NA> <NA> 2 <NA> <NA>
SPEAKER input_mono16k 0 847.100 0.970 <NA> <NA> 2 <NA> <NA>
SPEAKER input_mono16k 0 849.420 0.830 <NA> <NA> 2 <NA> <NA>
SPEAKER input_mono16k 0 850.500 0.770 <NA> <NA> 1 <NA> <NA>
SPEAKER input_mono16k 0 851.310 0.810 <NA> <NA> 2 <NA> <NA>
SPEAKER input_mono16k 0 852.720 1.430 <NA> <NA> 2 <NA> <NA>
SPEAKER input_mono16k 0 856.180 0.920 <NA> <NA> 2 <NA> <NA>
SPEAKER input_mono16k 0 862.100 0.850 <NA> <NA> 2 <NA> <NA>
SPEAKER input_mono16k 0 865.010 0.760 <NA> <NA> 4 <NA> <NA>
SPEAKER input_mono16k 0 871.130 1.890 <NA> <NA> 0 <NA> <NA>
SPEAKER input_mono16k 0 874.730 0.840 <NA> <NA> 0 <NA> <NA>
SPEAKER input_mono16k 0 883.700 0.760 <NA> <NA> 1 <NA> <NA>
SPEAKER input_mono16k 0 898.310 1.050 <NA> <NA> 2 <NA> <NA>
SPEAKER input_mono16k 0 901.810 1.190 <NA> <NA> 0 <NA> <NA>
SPEAKER input_mono16k 0 904.900 1.520 <NA> <NA> 0 <NA> <NA>
SPEAKER input_mono16k 0 910.480 0.790 <NA> <NA> 2 <NA> <NA>
SPEAKER input_mono16k 0 914.500 1.730 <NA> <NA> 2 <NA> <NA>
SPEAKER input_mono16k 0 916.660 0.950 <NA> <NA> 2 <NA> <NA>
SPEAKER input_mono16k 0 918.540 1.270 <NA> <NA> 2 <NA> <NA>
SPEAKER input_mono16k 0 920.430 0.950 <NA> <NA> 2 <NA> <NA>
SPEAKER input_mono16k 0 922.630 0.940 <NA> <NA> 2 <NA> <NA>
SPEAKER input_mono16k 0 924.270 1.020 <NA> <NA> 2 <NA> <NA>
SPEAKER input_mono16k 0 926.290 0.850 <NA> <NA> 2 <NA> <NA>
SPEAKER input_mono16k 0 930.880 3.210 <NA> <NA> 2 <NA> <NA>
SPEAKER input_mono16k 0 935.770 0.790 <NA> <NA> 2 <NA> <NA>
SPEAKER input_mono16k 0 938.360 1.630 <NA> <NA> 2 <NA> <NA>
SPEAKER input_mono16k 0 940.600 1.130 <NA> <NA> 2 <NA> <NA>
SPEAKER input_mono16k 0 943.140 1.060 <NA> <NA> 2 <NA> <NA>
SPEAKER input_mono16k 0 944.280 0.850 <NA> <NA> 2 <NA> <NA>
SPEAKER input_mono16k 0 945.330 0.910 <NA> <NA> 2 <NA> <NA>
SPEAKER input_mono16k 0 949.470 1.420 <NA> <NA> 0 <NA> <NA>
SPEAKER input_mono16k 0 952.960 0.760 <NA> <NA> 1 <NA> <NA>
SPEAKER input_mono16k 0 954.110 1.090 <NA> <NA> 1 <NA> <NA>
SPEAKER input_mono16k 0 959.810 3.530 <NA> <NA> 1 <NA> <NA>
SPEAKER input_mono16k 0 964.830 3.550 <NA> <NA> 1 <NA> <NA>
SPEAKER input_mono16k 0 969.860 6.375 <NA> <NA> 1 <NA> <NA>
SPEAKER input_mono16k 0 976.235 5.250 <NA> <NA> 0 <NA> <NA>
SPEAKER input_mono16k 0 981.485 22.045 <NA> <NA> 1 <NA> <NA>
SPEAKER input_mono16k 0 1005.220 1.125 <NA> <NA> 1 <NA> <NA>
SPEAKER input_mono16k 0 1006.345 0.750 <NA> <NA> 0 <NA> <NA>
SPEAKER input_mono16k 0 1007.095 1.125 <NA> <NA> 1 <NA> <NA>
SPEAKER input_mono16k 0 1013.350 4.700 <NA> <NA> 0 <NA> <NA>
SPEAKER input_mono16k 0 1022.820 4.125 <NA> <NA> 1 <NA> <NA>
SPEAKER input_mono16k 0 1026.945 1.500 <NA> <NA> 2 <NA> <NA>
SPEAKER input_mono16k 0 1028.445 0.750 <NA> <NA> 4 <NA> <NA>
SPEAKER input_mono16k 0 1029.195 1.500 <NA> <NA> 2 <NA> <NA>
SPEAKER input_mono16k 0 1030.695 0.750 <NA> <NA> 4 <NA> <NA>
SPEAKER input_mono16k 0 1031.445 1.500 <NA> <NA> 1 <NA> <NA>
SPEAKER input_mono16k 0 1032.945 5.250 <NA> <NA> 0 <NA> <NA>
SPEAKER input_mono16k 0 1038.195 0.750 <NA> <NA> 1 <NA> <NA>
SPEAKER input_mono16k 0 1038.945 1.500 <NA> <NA> 0 <NA> <NA>
SPEAKER input_mono16k 0 1040.445 0.750 <NA> <NA> 3 <NA> <NA>
SPEAKER input_mono16k 0 1041.195 4.500 <NA> <NA> 2 <NA> <NA>
SPEAKER input_mono16k 0 1045.695 4.500 <NA> <NA> 1 <NA> <NA>
SPEAKER input_mono16k 0 1050.195 2.250 <NA> <NA> 2 <NA> <NA>
SPEAKER input_mono16k 0 1052.445 4.500 <NA> <NA> 1 <NA> <NA>
SPEAKER input_mono16k 0 1056.945 3.000 <NA> <NA> 4 <NA> <NA>
SPEAKER input_mono16k 0 1059.945 9.975 <NA> <NA> 0 <NA> <NA>
SPEAKER input_mono16k 0 1072.150 0.880 <NA> <NA> 4 <NA> <NA>
SPEAKER input_mono16k 0 1074.690 5.280 <NA> <NA> 4 <NA> <NA>
SPEAKER input_mono16k 0 1086.180 0.760 <NA> <NA> 0 <NA> <NA>
SPEAKER input_mono16k 0 1100.590 0.970 <NA> <NA> 1 <NA> <NA>
SPEAKER input_mono16k 0 1102.610 1.030 <NA> <NA> 1 <NA> <NA>
SPEAKER input_mono16k 0 1104.990 1.240 <NA> <NA> 1 <NA> <NA>
SPEAKER input_mono16k 0 1106.790 0.990 <NA> <NA> 1 <NA> <NA>
SPEAKER input_mono16k 0 1109.920 1.120 <NA> <NA> 0 <NA> <NA>
SPEAKER input_mono16k 0 1111.280 0.970 <NA> <NA> 0 <NA> <NA>
SPEAKER input_mono16k 0 1118.810 0.840 <NA> <NA> 0 <NA> <NA>
SPEAKER input_mono16k 0 1121.490 0.850 <NA> <NA> 6 <NA> <NA>
SPEAKER input_mono16k 0 1127.660 1.550 <NA> <NA> 0 <NA> <NA>
SPEAKER input_mono16k 0 1129.360 1.460 <NA> <NA> 0 <NA> <NA>
SPEAKER input_mono16k 0 1131.400 0.800 <NA> <NA> 1 <NA> <NA>
SPEAKER input_mono16k 0 1135.690 0.920 <NA> <NA> 0 <NA> <NA>
SPEAKER input_mono16k 0 1137.690 0.850 <NA> <NA> 4 <NA> <NA>
SPEAKER input_mono16k 0 1141.610 0.920 <NA> <NA> 2 <NA> <NA>
SPEAKER input_mono16k 0 1148.400 6.500 <NA> <NA> 0 <NA> <NA>
SPEAKER input_mono16k 0 1157.090 2.410 <NA> <NA> 2 <NA> <NA>
SPEAKER input_mono16k 0 1161.900 1.125 <NA> <NA> 2 <NA> <NA>
SPEAKER input_mono16k 0 1163.025 1.285 <NA> <NA> 0 <NA> <NA>
SPEAKER input_mono16k 0 1165.790 6.510 <NA> <NA> 2 <NA> <NA>
SPEAKER input_mono16k 0 1174.210 3.390 <NA> <NA> 0 <NA> <NA>
SPEAKER input_mono16k 0 1179.180 1.875 <NA> <NA> 0 <NA> <NA>
SPEAKER input_mono16k 0 1181.055 9.000 <NA> <NA> 2 <NA> <NA>
SPEAKER input_mono16k 0 1190.055 0.750 <NA> <NA> 3 <NA> <NA>
SPEAKER input_mono16k 0 1190.805 2.250 <NA> <NA> 4 <NA> <NA>
SPEAKER input_mono16k 0 1193.055 0.915 <NA> <NA> 1 <NA> <NA>
SPEAKER input_mono16k 0 1199.900 10.210 <NA> <NA> 0 <NA> <NA>
SPEAKER input_mono16k 0 1215.270 15.710 <NA> <NA> 3 <NA> <NA>
SPEAKER input_mono16k 0 1236.810 3.360 <NA> <NA> 1 <NA> <NA>
SPEAKER input_mono16k 0 1243.350 4.125 <NA> <NA> 0 <NA> <NA>
SPEAKER input_mono16k 0 1247.475 3.000 <NA> <NA> 1 <NA> <NA>
SPEAKER input_mono16k 0 1250.475 6.845 <NA> <NA> 2 <NA> <NA>
SPEAKER input_mono16k 0 1259.700 0.800 <NA> <NA> 4 <NA> <NA>
SPEAKER input_mono16k 0 1264.490 1.875 <NA> <NA> 1 <NA> <NA>
SPEAKER input_mono16k 0 1266.365 1.235 <NA> <NA> 0 <NA> <NA>
SPEAKER input_mono16k 0 1272.230 10.125 <NA> <NA> 0 <NA> <NA>
SPEAKER input_mono16k 0 1282.355 3.125 <NA> <NA> 4 <NA> <NA>
SPEAKER input_mono16k 0 1287.710 0.950 <NA> <NA> 4 <NA> <NA>
SPEAKER input_mono16k 0 1293.800 1.125 <NA> <NA> 4 <NA> <NA>
SPEAKER input_mono16k 0 1294.925 9.750 <NA> <NA> 1 <NA> <NA>
SPEAKER input_mono16k 0 1304.675 4.500 <NA> <NA> 3 <NA> <NA>
SPEAKER input_mono16k 0 1309.175 5.250 <NA> <NA> 1 <NA> <NA>
SPEAKER input_mono16k 0 1314.425 1.655 <NA> <NA> 4 <NA> <NA>
SPEAKER input_mono16k 0 1324.600 1.420 <NA> <NA> 4 <NA> <NA>
SPEAKER input_mono16k 0 1332.940 4.610 <NA> <NA> 4 <NA> <NA>
SPEAKER input_mono16k 0 1339.830 3.060 <NA> <NA> 0 <NA> <NA>
SPEAKER input_mono16k 0 1344.460 1.490 <NA> <NA> 0 <NA> <NA>
SPEAKER input_mono16k 0 1353.070 0.760 <NA> <NA> 4 <NA> <NA>
SPEAKER input_mono16k 0 1356.820 1.125 <NA> <NA> 0 <NA> <NA>
SPEAKER input_mono16k 0 1357.945 2.565 <NA> <NA> 4 <NA> <NA>
SPEAKER input_mono16k 0 1363.670 1.125 <NA> <NA> 4 <NA> <NA>
SPEAKER input_mono16k 0 1364.795 3.805 <NA> <NA> 3 <NA> <NA>
SPEAKER input_mono16k 0 1370.280 1.125 <NA> <NA> 0 <NA> <NA>
SPEAKER input_mono16k 0 1371.405 1.665 <NA> <NA> 3 <NA> <NA>
SPEAKER input_mono16k 0 1374.550 1.125 <NA> <NA> 3 <NA> <NA>
SPEAKER input_mono16k 0 1375.675 1.545 <NA> <NA> 4 <NA> <NA>
SPEAKER input_mono16k 0 1379.890 2.625 <NA> <NA> 4 <NA> <NA>
SPEAKER input_mono16k 0 1382.515 5.495 <NA> <NA> 0 <NA> <NA>
SPEAKER input_mono16k 0 1395.360 5.625 <NA> <NA> 0 <NA> <NA>
SPEAKER input_mono16k 0 1400.985 9.065 <NA> <NA> 3 <NA> <NA>
SPEAKER input_mono16k 0 1412.750 5.840 <NA> <NA> 3 <NA> <NA>
SPEAKER input_mono16k 0 1458.950 14.080 <NA> <NA> 0 <NA> <NA>
SPEAKER input_mono16k 0 1480.040 1.875 <NA> <NA> 4 <NA> <NA>
SPEAKER input_mono16k 0 1481.915 3.000 <NA> <NA> 3 <NA> <NA>
SPEAKER input_mono16k 0 1484.915 1.995 <NA> <NA> 0 <NA> <NA>
SPEAKER input_mono16k 0 1497.030 3.480 <NA> <NA> 2 <NA> <NA>
SPEAKER input_mono16k 0 1501.780 1.220 <NA> <NA> 2 <NA> <NA>
SPEAKER input_mono16k 0 1505.100 0.910 <NA> <NA> 2 <NA> <NA>
SPEAKER input_mono16k 0 1508.420 1.180 <NA> <NA> 2 <NA> <NA>
SPEAKER input_mono16k 0 1509.930 1.030 <NA> <NA> 2 <NA> <NA>
SPEAKER input_mono16k 0 1511.620 1.320 <NA> <NA> 2 <NA> <NA>
SPEAKER input_mono16k 0 1520.960 1.280 <NA> <NA> 0 <NA> <NA>
SPEAKER input_mono16k 0 1522.640 0.860 <NA> <NA> 3 <NA> <NA>
SPEAKER input_mono16k 0 1524.590 2.700 <NA> <NA> 0 <NA> <NA>
SPEAKER input_mono16k 0 1527.930 5.150 <NA> <NA> 0 <NA> <NA>
SPEAKER input_mono16k 0 1541.480 2.340 <NA> <NA> 0 <NA> <NA>
SPEAKER input_mono16k 0 1545.350 1.430 <NA> <NA> 0 <NA> <NA>
SPEAKER input_mono16k 0 1548.760 0.790 <NA> <NA> 4 <NA> <NA>
SPEAKER input_mono16k 0 1556.260 2.310 <NA> <NA> 0 <NA> <NA>
SPEAKER input_mono16k 0 1562.360 1.290 <NA> <NA> 0 <NA> <NA>
SPEAKER input_mono16k 0 1568.590 2.550 <NA> <NA> 4 <NA> <NA>
SPEAKER input_mono16k 0 1573.760 1.310 <NA> <NA> 0 <NA> <NA>
SPEAKER input_mono16k 0 1577.720 2.625 <NA> <NA> 0 <NA> <NA>
SPEAKER input_mono16k 0 1580.345 2.250 <NA> <NA> 4 <NA> <NA>
SPEAKER input_mono16k 0 1582.595 0.750 <NA> <NA> 1 <NA> <NA>
SPEAKER input_mono16k 0 1583.345 1.955 <NA> <NA> 2 <NA> <NA>
SPEAKER input_mono16k 0 1589.520 0.880 <NA> <NA> 4 <NA> <NA>
SPEAKER input_mono16k 0 1591.990 1.125 <NA> <NA> 4 <NA> <NA>
SPEAKER input_mono16k 0 1593.115 4.635 <NA> <NA> 2 <NA> <NA>
SPEAKER input_mono16k 0 1599.250 8.780 <NA> <NA> 2 <NA> <NA>
SPEAKER input_mono16k 0 1609.630 2.330 <NA> <NA> 0 <NA> <NA>
SPEAKER input_mono16k 0 1613.850 0.920 <NA> <NA> 4 <NA> <NA>
SPEAKER input_mono16k 0 1618.630 1.340 <NA> <NA> 4 <NA> <NA>
SPEAKER input_mono16k 0 1621.780 1.080 <NA> <NA> 2 <NA> <NA>
SPEAKER input_mono16k 0 1633.770 1.140 <NA> <NA> 0 <NA> <NA>
SPEAKER input_mono16k 0 1637.190 0.990 <NA> <NA> 0 <NA> <NA>
SPEAKER input_mono16k 0 1642.970 1.660 <NA> <NA> 0 <NA> <NA>
SPEAKER input_mono16k 0 1644.640 1.240 <NA> <NA> 0 <NA> <NA>
SPEAKER input_mono16k 0 1647.070 2.080 <NA> <NA> 0 <NA> <NA>
SPEAKER input_mono16k 0 1650.280 0.930 <NA> <NA> 3 <NA> <NA>
SPEAKER input_mono16k 0 1651.380 0.790 <NA> <NA> 3 <NA> <NA>
SPEAKER input_mono16k 0 1653.540 1.250 <NA> <NA> 4 <NA> <NA>
SPEAKER input_mono16k 0 1657.690 1.520 <NA> <NA> 0 <NA> <NA>
SPEAKER input_mono16k 0 1665.160 1.570 <NA> <NA> 1 <NA> <NA>
SPEAKER input_mono16k 0 1667.200 1.000 <NA> <NA> 1 <NA> <NA>
SPEAKER input_mono16k 0 1672.780 1.110 <NA> <NA> 1 <NA> <NA>
SPEAKER input_mono16k 0 1673.900 2.550 <NA> <NA> 3 <NA> <NA>
SPEAKER input_mono16k 0 1676.840 1.050 <NA> <NA> 2 <NA> <NA>
SPEAKER input_mono16k 0 1677.940 1.000 <NA> <NA> 3 <NA> <NA>
SPEAKER input_mono16k 0 1679.380 1.120 <NA> <NA> 3 <NA> <NA>
SPEAKER input_mono16k 0 1683.580 0.800 <NA> <NA> 0 <NA> <NA>
SPEAKER input_mono16k 0 1686.840 1.240 <NA> <NA> 0 <NA> <NA>
SPEAKER input_mono16k 0 1696.070 0.800 <NA> <NA> 1 <NA> <NA>
SPEAKER input_mono16k 0 1698.010 0.830 <NA> <NA> 3 <NA> <NA>
SPEAKER input_mono16k 0 1700.200 1.040 <NA> <NA> 0 <NA> <NA>
SPEAKER input_mono16k 0 1702.740 1.750 <NA> <NA> 3 <NA> <NA>
SPEAKER input_mono16k 0 1704.770 1.100 <NA> <NA> 3 <NA> <NA>
SPEAKER input_mono16k 0 1707.520 2.130 <NA> <NA> 3 <NA> <NA>
SPEAKER input_mono16k 0 1711.640 1.490 <NA> <NA> 3 <NA> <NA>
SPEAKER input_mono16k 0 1713.330 2.530 <NA> <NA> 3 <NA> <NA>
SPEAKER input_mono16k 0 1717.320 1.020 <NA> <NA> 3 <NA> <NA>
SPEAKER input_mono16k 0 1718.800 1.150 <NA> <NA> 3 <NA> <NA>
SPEAKER input_mono16k 0 1720.900 1.430 <NA> <NA> 3 <NA> <NA>
SPEAKER input_mono16k 0 1722.540 1.610 <NA> <NA> 3 <NA> <NA>
SPEAKER input_mono16k 0 1725.230 2.900 <NA> <NA> 3 <NA> <NA>
SPEAKER input_mono16k 0 1729.170 3.030 <NA> <NA> 3 <NA> <NA>
SPEAKER input_mono16k 0 1732.200 1.850 <NA> <NA> 0 <NA> <NA>
SPEAKER input_mono16k 0 1734.620 0.980 <NA> <NA> 0 <NA> <NA>
SPEAKER input_mono16k 0 1737.220 2.640 <NA> <NA> 0 <NA> <NA>
SPEAKER input_mono16k 0 1747.320 1.710 <NA> <NA> 0 <NA> <NA>
SPEAKER input_mono16k 0 1750.900 7.125 <NA> <NA> 4 <NA> <NA>
SPEAKER input_mono16k 0 1758.025 1.500 <NA> <NA> 0 <NA> <NA>
SPEAKER input_mono16k 0 1759.525 2.215 <NA> <NA> 4 <NA> <NA>
SPEAKER input_mono16k 0 1773.120 2.720 <NA> <NA> 0 <NA> <NA>
SPEAKER input_mono16k 0 1777.440 1.070 <NA> <NA> 4 <NA> <NA>
SPEAKER input_mono16k 0 1786.280 2.625 <NA> <NA> 0 <NA> <NA>
SPEAKER input_mono16k 0 1788.905 1.500 <NA> <NA> 3 <NA> <NA>
SPEAKER input_mono16k 0 1790.405 2.845 <NA> <NA> 1 <NA> <NA>
SPEAKER input_mono16k 0 1797.290 0.930 <NA> <NA> 0 <NA> <NA>
SPEAKER input_mono16k 0 1802.410 2.800 <NA> <NA> 2 <NA> <NA>
SPEAKER input_mono16k 0 1812.090 2.730 <NA> <NA> 5 <NA> <NA>
===SUMMARY_20200707_L_R001S04C01===
{
  "source_audio": "/userdata/meeting_agent/data/audio/train_L/wav/20200707_L_R001S04C01.flac",
  "source_audio_size_human": "215.95 MiB",
  "normalized_wav": "/userdata/meeting_agent/evals/pipeline_outputs/e2e_trainL_full/train_L_20200707_L_R001S04C01/01_segments/input_mono16k.wav",
  "normalized_wav_size_human": "56.83 MiB",
  "audio_duration_seconds": 1862.276,
  "infer_script": "/userdata/3D-Speaker/speakerlab/bin/infer_diarization.py",
  "rttm": "/userdata/meeting_agent/evals/pipeline_outputs/e2e_trainL_full/train_L_20200707_L_R001S04C01/01_segments/3dspeaker_out/input_mono16k.rttm",
  "wav_segments_dir": "/userdata/meeting_agent/evals/pipeline_outputs/e2e_trainL_full/train_L_20200707_L_R001S04C01/01_segments/cut_audio/wav_segments",
  "cut_segments_csv": "/userdata/meeting_agent/evals/pipeline_outputs/e2e_trainL_full/train_L_20200707_L_R001S04C01/01_segments/cut_audio/cut_segments.csv",
  "segment_plan_json": "/userdata/meeting_agent/evals/pipeline_outputs/e2e_trainL_full/train_L_20200707_L_R001S04C01/01_segments/segment_plan/segment_plan.json",
  "params": {
    "pad": 1.0,
    "absorb_unknown_max": 2.0,
    "max_known_segment": 30.0,
    "max_unknown_segment": 20.0,
    "min_segment_duration": 0.05
  },
  "raw_rttm_segments": 367,
  "known_before_absorption_unsplit": 247,
  "unknown_gap_count_before": 142,
  "unknown_gap_seconds_before": 630.406,
  "absorbed_unknown_count": 30,
  "absorbed_unknown_seconds": 23.12,
  "gap_decision_reason_counts": {
    "different_boundary_speakers": 36,
    "leading_gap": 1,
    "over_threshold": 74,
    "same_speaker_bounded_short": 30,
    "trailing_gap": 1
  },
  "known_segments_after_absorption_split": 220,
  "remaining_unknown_count_after_split": 117,
  "remaining_unknown_seconds": 607.286,
  "total_asr_segments_planned": 337,
  "total_asr_segments": 336,
  "skipped_cut_segment_count": 1,
  "skipped_cut_segment_seconds": 0.02,
  "known_seconds_sum": 1429.03,
  "unknown_seconds_sum": 607.286,
  "plan_union_covered_seconds": 1862.276,
  "plan_union_covered_ratio": 1.0,
  "duration_distributions": {
    "unknown_gaps_before": {
      "count": 142,
      "seconds_sum": 630.406,
      "mean": 4.439,
      "min": 0.01,
      "p25": 0.773,
      "p50": 2.595,
      "p75": 5.402,
      "p90": 9.373,
      "max": 46.456,
      "bins": {
        "<1s": 43,
        "1-2s": 23,
        "2-5s": 36,
        "5-10s": 26,
        "10-20s": 10,
        "20-30s": 0,
        ">=30s": 4
      }
    },
    "absorbed_unknown_gaps": {
      "count": 30,
      "seconds_sum": 23.12,
      "mean": 0.771,
      "min": 0.01,
      "p25": 0.4,
      "p50": 0.685,
      "p75": 1.143,
      "p90": 1.65,
      "max": 1.86,
      "bins": {
        "<1s": 21,
        "1-2s": 9,
        "2-5s": 0,
        "5-10s": 0,
        "10-20s": 0,
        "20-30s": 0,
        ">=30s": 0
      }
    },
    "known_after_split": {
      "count": 220,
      "seconds_sum": 1429.03,
      "mean": 6.496,
      "min": 1.46,
      "p25": 3.117,
      "p50": 4.515,
      "p75": 8.039,
      "p90": 12.125,
      "max": 30.0,
      "bins": {
        "<1s": 0,
        "1-2s": 1,
        "2-5s": 120,
        "5-10s": 67,
        "10-20s": 25,
        "20-30s": 4,
        ">=30s": 3
      }
    },
    "unknown_after_split": {
      "count": 117,
      "seconds_sum": 607.286,
      "mean": 5.19,
      "min": 0.02,
      "p25": 1.49,
      "p50": 3.83,
      "p75": 6.456,
      "p90": 11.73,
      "max": 20.0,
      "bins": {
        "<1s": 22,
        "1-2s": 14,
        "2-5s": 36,
        "5-10s": 27,
        "10-20s": 13,
        "20-30s": 5,
        ">=30s": 0
      }
    }
  },
  "cut_wav_segments_size_human": "62.16 MiB",
  "cut_vs_normalized_wav_ratio": 1.093692,
  "storage_keep_source_and_segments_human": "278.11 MiB",
  "storage_keep_normalized_and_segments_human": "118.99 MiB",
  "normalize_report": {
    "cmd": [
      "sox",
      "/userdata/meeting_agent/data/audio/train_L/wav/20200707_L_R001S04C01.flac",
      "-r",
      "16000",
      "-c",
      "1",
      "-b",
      "16",
      "/userdata/meeting_agent/evals/pipeline_outputs/e2e_trainL_full/train_L_20200707_L_R001S04C01/01_segments/input_mono16k.wav"
    ],
    "return_code": 0,
    "elapsed_seconds": 5.132,
    "log": null,
    "output_tail": "",
    "output": "/userdata/meeting_agent/evals/pipeline_outputs/e2e_trainL_full/train_L_20200707_L_R001S04C01/01_segments/input_mono16k.wav",
    "duration_seconds": 1862.275938
  },
  "diarization_report": {
    "cmd": [
      "/userdata/miniforge3/envs/3dspeaker/bin/python",
      "/userdata/3D-Speaker/speakerlab/bin/infer_diarization.py",
      "--wav",
      "/userdata/meeting_agent/evals/pipeline_outputs/e2e_trainL_full/train_L_20200707_L_R001S04C01/01_segments/input_mono16k.wav",
      "--out_dir",
      "/userdata/meeting_agent/evals/pipeline_outputs/e2e_trainL_full/train_L_20200707_L_R001S04C01/01_segments/3dspeaker_out"
    ],
    "return_code": 0,
    "elapsed_seconds": 164.89,
    "log": "/userdata/meeting_agent/evals/pipeline_outputs/e2e_trainL_full/train_L_20200707_L_R001S04C01/01_segments/logs/3dspeaker.log",
    "output_tail": "2026-08-21 11:43:13,313 | INFO    | modelscope_hub.download | Downloading 11 files from iic/speech_campplus_sv_zh_en_16k-common_advanced@v1.0.0\n\nDownloading:   0%|          | 0/11 [00:00<?, ?file/s]\nDownloading: 100%|██████████| 11/11 [00:00<00:00, 193.50file/s]\n2026-08-21 11:43:15,274 | INFO    | modelscope_hub.download | Downloading 8 files from iic/speech_fsmn_vad_zh-cn-16k-common-pytorch@v2.0.4\n\nDownloading:   0%|          | 0/8 [00:00<?, ?file/s]\nDownloading: 100%|██████████| 8/8 [00:00<00:00, 526.27file/s]\n2026-08-21 11:43:19,541 [INFO] download models from model hub: ms\n2026-08-21 11:43:19,568 [WARNING] trust_remote_code: False\n2026-08-21 11:43:19,582 [INFO] Loading pretrained params from /userdata/modelscope_cache/models/iic--speech_fsmn_vad_zh-cn-16k-common-pytorch/snapshots/v2.0.4/model.pt\n2026-08-21 11:43:19,582 [INFO] ckpt: /userdata/modelscope_cache/models/iic--speech_fsmn_vad_zh-cn-16k-common-pytorch/snapshots/v2.0.4/model.pt\n2026-08-21 11:43:19,593 [INFO] scope_map: ['module.', 'None']\n2026-08-21 11:43:19,594 [INFO] excludes: None\n2026-08-21 11:43:19,596 [INFO] Loading ckpt: /userdata/modelscope_cache/models/iic--speech_fsmn_vad_zh-cn-16k-common-pytorch/snapshots/v2.0.4/model.pt, status: <All keys matched successfully>\n[INFO]: Model downloaded successfully.\n[INFO]: No GPUs detected.\n[INFO]: Set 1 processes to extract embeddings.\n2026-08-21 11:43:45,053 | INFO    | modelscope_hub.download | Downloading 11 files from iic/speech_campplus_sv_zh_en_16k-common_advanced@v1.0.0\n\nDownloading:   0%|          | 0/11 [00:00<?, ?file/s]\nDownloading: 100%|██████████| 11/11 [00:00<00:00, 183.16file/s]\n2026-08-21 11:43:47,204 | INFO    | modelscope_hub.download | Downloading 8 files from iic/speech_fsmn_vad_zh-cn-16k-common-pytorch@v2.0.4\n\nDownloading:   0%|          | 0/8 [00:00<?, ?file/s]\nDownloading: 100%|██████████| 8/8 [00:00<00:00, 565.41file/s]\n2026-08-21 11:43:51,545 [INFO] download models from model hub: ms\n2026-08-21 11:43:51,571 [WARNING] trust_remote_code: False\n2026-08-21 11:43:51,585 [INFO] Loading pretrained params from /userdata/modelscope_cache/models/iic--speech_fsmn_vad_zh-cn-16k-common-pytorch/snapshots/v2.0.4/model.pt\n2026-08-21 11:43:51,586 [INFO] ckpt: /userdata/modelscope_cache/models/iic--speech_fsmn_vad_zh-cn-16k-common-pytorch/snapshots/v2.0.4/model.pt\n2026-08-21 11:43:51,597 [INFO] scope_map: ['module.', 'None']\n2026-08-21 11:43:51,597 [INFO] excludes: None\n2026-08-21 11:43:51,600 [INFO] Loading ckpt: /userdata/modelscope_cache/models/iic--speech_fsmn_vad_zh-cn-16k-common-pytorch/snapshots/v2.0.4/model.pt, status: <All keys matched successfully>\n\nRank 0 processing:   0%|          | 0/1 [00:00<?, ?it/s]\nRank 0 processing: 100%|██████████| 1/1 [01:33<00:00, 93.02s/it]\nRank 0 processing: 100%|██████████| 1/1 [01:33<00:00, 93.02s/it]\n"
  }
}
===RTTM_20200708_L_R002S05C01===
SPEAKER input_mono16k 0 36.280 1.875 <NA> <NA> 3 <NA> <NA>
SPEAKER input_mono16k 0 38.155 1.745 <NA> <NA> 1 <NA> <NA>
SPEAKER input_mono16k 0 46.520 0.770 <NA> <NA> 0 <NA> <NA>
SPEAKER input_mono16k 0 49.950 2.450 <NA> <NA> 3 <NA> <NA>
SPEAKER input_mono16k 0 53.890 2.230 <NA> <NA> 3 <NA> <NA>
SPEAKER input_mono16k 0 60.050 3.750 <NA> <NA> 3 <NA> <NA>
SPEAKER input_mono16k 0 68.300 3.030 <NA> <NA> 3 <NA> <NA>
SPEAKER input_mono16k 0 74.430 46.130 <NA> <NA> 0 <NA> <NA>
SPEAKER input_mono16k 0 121.020 2.390 <NA> <NA> 0 <NA> <NA>
SPEAKER input_mono16k 0 124.300 0.910 <NA> <NA> 0 <NA> <NA>
SPEAKER input_mono16k 0 125.470 4.180 <NA> <NA> 1 <NA> <NA>
SPEAKER input_mono16k 0 129.730 0.870 <NA> <NA> 1 <NA> <NA>
SPEAKER input_mono16k 0 130.680 2.280 <NA> <NA> 1 <NA> <NA>
SPEAKER input_mono16k 0 133.420 0.860 <NA> <NA> 1 <NA> <NA>
SPEAKER input_mono16k 0 135.730 5.590 <NA> <NA> 1 <NA> <NA>
SPEAKER input_mono16k 0 142.000 0.920 <NA> <NA> 1 <NA> <NA>
SPEAKER input_mono16k 0 143.510 1.160 <NA> <NA> 1 <NA> <NA>
SPEAKER input_mono16k 0 145.500 1.410 <NA> <NA> 1 <NA> <NA>
SPEAKER input_mono16k 0 148.690 1.090 <NA> <NA> 1 <NA> <NA>
SPEAKER input_mono16k 0 150.110 1.070 <NA> <NA> 1 <NA> <NA>
SPEAKER input_mono16k 0 151.390 1.875 <NA> <NA> 1 <NA> <NA>
SPEAKER input_mono16k 0 153.265 2.035 <NA> <NA> 3 <NA> <NA>
SPEAKER input_mono16k 0 155.570 0.900 <NA> <NA> 3 <NA> <NA>
SPEAKER input_mono16k 0 157.570 2.640 <NA> <NA> 3 <NA> <NA>
SPEAKER input_mono16k 0 160.550 1.360 <NA> <NA> 3 <NA> <NA>
SPEAKER input_mono16k 0 161.910 0.930 <NA> <NA> 1 <NA> <NA>
SPEAKER input_mono16k 0 162.930 1.060 <NA> <NA> 3 <NA> <NA>
SPEAKER input_mono16k 0 166.570 5.760 <NA> <NA> 1 <NA> <NA>
SPEAKER input_mono16k 0 173.310 3.120 <NA> <NA> 1 <NA> <NA>
SPEAKER input_mono16k 0 176.990 1.550 <NA> <NA> 1 <NA> <NA>
SPEAKER input_mono16k 0 180.810 1.460 <NA> <NA> 3 <NA> <NA>
SPEAKER input_mono16k 0 184.910 1.875 <NA> <NA> 3 <NA> <NA>
SPEAKER input_mono16k 0 186.785 4.115 <NA> <NA> 1 <NA> <NA>
SPEAKER input_mono16k 0 193.020 6.040 <NA> <NA> 3 <NA> <NA>
SPEAKER input_mono16k 0 213.940 2.040 <NA> <NA> 2 <NA> <NA>
SPEAKER input_mono16k 0 218.800 0.960 <NA> <NA> 2 <NA> <NA>
SPEAKER input_mono16k 0 224.690 2.660 <NA> <NA> 2 <NA> <NA>
SPEAKER input_mono16k 0 230.450 1.230 <NA> <NA> 2 <NA> <NA>
SPEAKER input_mono16k 0 236.400 0.970 <NA> <NA> 2 <NA> <NA>
SPEAKER input_mono16k 0 239.740 2.900 <NA> <NA> 2 <NA> <NA>
SPEAKER input_mono16k 0 245.570 1.690 <NA> <NA> 2 <NA> <NA>
SPEAKER input_mono16k 0 249.780 2.370 <NA> <NA> 2 <NA> <NA>
SPEAKER input_mono16k 0 256.070 2.610 <NA> <NA> 2 <NA> <NA>
SPEAKER input_mono16k 0 260.620 1.100 <NA> <NA> 2 <NA> <NA>
SPEAKER input_mono16k 0 263.480 4.160 <NA> <NA> 2 <NA> <NA>
SPEAKER input_mono16k 0 270.030 2.430 <NA> <NA> 2 <NA> <NA>
SPEAKER input_mono16k 0 274.690 0.930 <NA> <NA> 2 <NA> <NA>
SPEAKER input_mono16k 0 284.720 5.630 <NA> <NA> 2 <NA> <NA>
SPEAKER input_mono16k 0 293.110 7.050 <NA> <NA> 3 <NA> <NA>
SPEAKER input_mono16k 0 300.690 0.940 <NA> <NA> 3 <NA> <NA>
SPEAKER input_mono16k 0 308.690 4.020 <NA> <NA> 5 <NA> <NA>
SPEAKER input_mono16k 0 313.220 1.550 <NA> <NA> 5 <NA> <NA>
SPEAKER input_mono16k 0 315.730 3.840 <NA> <NA> 5 <NA> <NA>
SPEAKER input_mono16k 0 320.550 0.870 <NA> <NA> 5 <NA> <NA>
SPEAKER input_mono16k 0 322.060 1.650 <NA> <NA> 5 <NA> <NA>
SPEAKER input_mono16k 0 324.760 2.630 <NA> <NA> 5 <NA> <NA>
SPEAKER input_mono16k 0 327.400 2.790 <NA> <NA> 5 <NA> <NA>
SPEAKER input_mono16k 0 330.270 1.630 <NA> <NA> 5 <NA> <NA>
SPEAKER input_mono16k 0 332.550 5.230 <NA> <NA> 5 <NA> <NA>
SPEAKER input_mono16k 0 338.720 9.580 <NA> <NA> 5 <NA> <NA>
SPEAKER input_mono16k 0 349.820 1.480 <NA> <NA> 5 <NA> <NA>
SPEAKER input_mono16k 0 351.660 5.120 <NA> <NA> 5 <NA> <NA>
SPEAKER input_mono16k 0 357.060 0.810 <NA> <NA> 5 <NA> <NA>
SPEAKER input_mono16k 0 358.890 0.760 <NA> <NA> 5 <NA> <NA>
SPEAKER input_mono16k 0 359.650 2.870 <NA> <NA> 3 <NA> <NA>
SPEAKER input_mono16k 0 363.550 2.640 <NA> <NA> 5 <NA> <NA>
SPEAKER input_mono16k 0 366.640 4.280 <NA> <NA> 5 <NA> <NA>
SPEAKER input_mono16k 0 371.790 9.740 <NA> <NA> 5 <NA> <NA>
SPEAKER input_mono16k 0 382.210 3.420 <NA> <NA> 5 <NA> <NA>
SPEAKER input_mono16k 0 386.010 2.750 <NA> <NA> 5 <NA> <NA>
SPEAKER input_mono16k 0 389.400 4.180 <NA> <NA> 5 <NA> <NA>
SPEAKER input_mono16k 0 394.670 3.610 <NA> <NA> 3 <NA> <NA>
SPEAKER input_mono16k 0 398.900 1.050 <NA> <NA> 3 <NA> <NA>
SPEAKER input_mono16k 0 401.140 1.420 <NA> <NA> 3 <NA> <NA>
SPEAKER input_mono16k 0 403.950 1.060 <NA> <NA> 3 <NA> <NA>
SPEAKER input_mono16k 0 405.510 1.200 <NA> <NA> 5 <NA> <NA>
SPEAKER input_mono16k 0 406.710 1.710 <NA> <NA> 3 <NA> <NA>
SPEAKER input_mono16k 0 419.740 0.770 <NA> <NA> 2 <NA> <NA>
SPEAKER input_mono16k 0 424.500 1.230 <NA> <NA> 2 <NA> <NA>
SPEAKER input_mono16k 0 427.210 9.375 <NA> <NA> 2 <NA> <NA>
SPEAKER input_mono16k 0 436.585 2.250 <NA> <NA> 3 <NA> <NA>
SPEAKER input_mono16k 0 438.835 7.205 <NA> <NA> 2 <NA> <NA>
SPEAKER input_mono16k 0 447.520 2.625 <NA> <NA> 3 <NA> <NA>
SPEAKER input_mono16k 0 450.145 4.495 <NA> <NA> 2 <NA> <NA>
SPEAKER input_mono16k 0 456.120 0.880 <NA> <NA> 2 <NA> <NA>
SPEAKER input_mono16k 0 458.540 1.630 <NA> <NA> 2 <NA> <NA>
SPEAKER input_mono16k 0 462.030 6.490 <NA> <NA> 2 <NA> <NA>
SPEAKER input_mono16k 0 470.550 0.930 <NA> <NA> 2 <NA> <NA>
SPEAKER input_mono16k 0 474.210 3.440 <NA> <NA> 2 <NA> <NA>
SPEAKER input_mono16k 0 479.130 0.840 <NA> <NA> 2 <NA> <NA>
SPEAKER input_mono16k 0 481.340 0.930 <NA> <NA> 2 <NA> <NA>
SPEAKER input_mono16k 0 482.340 0.930 <NA> <NA> 2 <NA> <NA>
SPEAKER input_mono16k 0 486.510 1.430 <NA> <NA> 2 <NA> <NA>
SPEAKER input_mono16k 0 492.140 0.770 <NA> <NA> 3 <NA> <NA>
SPEAKER input_mono16k 0 494.780 2.940 <NA> <NA> 3 <NA> <NA>
SPEAKER input_mono16k 0 498.490 3.460 <NA> <NA> 3 <NA> <NA>
SPEAKER input_mono16k 0 502.170 1.370 <NA> <NA> 3 <NA> <NA>
SPEAKER input_mono16k 0 505.000 1.920 <NA> <NA> 3 <NA> <NA>
SPEAKER input_mono16k 0 507.190 1.390 <NA> <NA> 3 <NA> <NA>
SPEAKER input_mono16k 0 509.740 0.770 <NA> <NA> 1 <NA> <NA>
SPEAKER input_mono16k 0 511.190 2.220 <NA> <NA> 1 <NA> <NA>
SPEAKER input_mono16k 0 513.700 2.190 <NA> <NA> 1 <NA> <NA>
SPEAKER input_mono16k 0 517.610 2.310 <NA> <NA> 1 <NA> <NA>
SPEAKER input_mono16k 0 520.810 0.980 <NA> <NA> 1 <NA> <NA>
SPEAKER input_mono16k 0 522.320 6.010 <NA> <NA> 1 <NA> <NA>
SPEAKER input_mono16k 0 529.410 2.380 <NA> <NA> 1 <NA> <NA>
SPEAKER input_mono16k 0 531.830 2.550 <NA> <NA> 1 <NA> <NA>
SPEAKER input_mono16k 0 534.990 0.980 <NA> <NA> 1 <NA> <NA>
SPEAKER input_mono16k 0 536.800 0.980 <NA> <NA> 1 <NA> <NA>
SPEAKER input_mono16k 0 538.710 3.350 <NA> <NA> 1 <NA> <NA>
SPEAKER input_mono16k 0 542.690 1.360 <NA> <NA> 1 <NA> <NA>
SPEAKER input_mono16k 0 544.330 2.170 <NA> <NA> 1 <NA> <NA>
SPEAKER input_mono16k 0 547.480 4.180 <NA> <NA> 1 <NA> <NA>
SPEAKER input_mono16k 0 553.110 1.480 <NA> <NA> 1 <NA> <NA>
SPEAKER input_mono16k 0 555.580 0.900 <NA> <NA> 1 <NA> <NA>
SPEAKER input_mono16k 0 557.840 0.930 <NA> <NA> 3 <NA> <NA>
SPEAKER input_mono16k 0 558.930 1.440 <NA> <NA> 3 <NA> <NA>
SPEAKER input_mono16k 0 560.850 1.270 <NA> <NA> 3 <NA> <NA>
SPEAKER input_mono16k 0 563.020 3.620 <NA> <NA> 3 <NA> <NA>
SPEAKER input_mono16k 0 567.210 1.920 <NA> <NA> 3 <NA> <NA>
SPEAKER input_mono16k 0 570.450 1.700 <NA> <NA> 4 <NA> <NA>
SPEAKER input_mono16k 0 573.640 1.400 <NA> <NA> 4 <NA> <NA>
SPEAKER input_mono16k 0 575.360 1.250 <NA> <NA> 4 <NA> <NA>
SPEAKER input_mono16k 0 578.110 1.120 <NA> <NA> 4 <NA> <NA>
SPEAKER input_mono16k 0 580.780 0.790 <NA> <NA> 4 <NA> <NA>
SPEAKER input_mono16k 0 582.500 1.270 <NA> <NA> 4 <NA> <NA>
SPEAKER input_mono16k 0 584.620 2.550 <NA> <NA> 4 <NA> <NA>
SPEAKER input_mono16k 0 589.840 0.830 <NA> <NA> 4 <NA> <NA>
SPEAKER input_mono16k 0 594.070 4.460 <NA> <NA> 4 <NA> <NA>
SPEAKER input_mono16k 0 598.850 2.940 <NA> <NA> 4 <NA> <NA>
SPEAKER input_mono16k 0 602.010 2.810 <NA> <NA> 4 <NA> <NA>
SPEAKER input_mono16k 0 605.800 0.870 <NA> <NA> 4 <NA> <NA>
SPEAKER input_mono16k 0 606.690 1.090 <NA> <NA> 4 <NA> <NA>
SPEAKER input_mono16k 0 609.280 1.270 <NA> <NA> 4 <NA> <NA>
SPEAKER input_mono16k 0 610.990 2.130 <NA> <NA> 4 <NA> <NA>
SPEAKER input_mono16k 0 613.440 2.320 <NA> <NA> 4 <NA> <NA>
SPEAKER input_mono16k 0 615.830 1.060 <NA> <NA> 4 <NA> <NA>
SPEAKER input_mono16k 0 616.920 3.030 <NA> <NA> 4 <NA> <NA>
SPEAKER input_mono16k 0 620.180 1.050 <NA> <NA> 4 <NA> <NA>
SPEAKER input_mono16k 0 622.610 2.220 <NA> <NA> 3 <NA> <NA>
SPEAKER input_mono16k 0 625.620 1.900 <NA> <NA> 4 <NA> <NA>
SPEAKER input_mono16k 0 629.480 1.340 <NA> <NA> 3 <NA> <NA>
SPEAKER input_mono16k 0 632.270 1.890 <NA> <NA> 3 <NA> <NA>
SPEAKER input_mono16k 0 634.240 0.810 <NA> <NA> 4 <NA> <NA>
SPEAKER input_mono16k 0 635.280 0.870 <NA> <NA> 3 <NA> <NA>
SPEAKER input_mono16k 0 638.010 0.990 <NA> <NA> 3 <NA> <NA>
SPEAKER input_mono16k 0 647.750 2.250 <NA> <NA> 3 <NA> <NA>
SPEAKER input_mono16k 0 651.800 0.890 <NA> <NA> 3 <NA> <NA>
SPEAKER input_mono16k 0 654.300 0.820 <NA> <NA> 3 <NA> <NA>
SPEAKER input_mono16k 0 656.750 1.100 <NA> <NA> 3 <NA> <NA>
SPEAKER input_mono16k 0 660.160 1.400 <NA> <NA> 4 <NA> <NA>
SPEAKER input_mono16k 0 663.150 4.600 <NA> <NA> 3 <NA> <NA>
SPEAKER input_mono16k 0 669.840 28.875 <NA> <NA> 4 <NA> <NA>
SPEAKER input_mono16k 0 698.715 0.750 <NA> <NA> 3 <NA> <NA>
SPEAKER input_mono16k 0 699.465 0.750 <NA> <NA> 4 <NA> <NA>
SPEAKER input_mono16k 0 700.215 1.500 <NA> <NA> 3 <NA> <NA>
SPEAKER input_mono16k 0 701.715 14.545 <NA> <NA> 4 <NA> <NA>
SPEAKER input_mono16k 0 718.280 1.690 <NA> <NA> 3 <NA> <NA>
SPEAKER input_mono16k 0 722.350 1.520 <NA> <NA> 3 <NA> <NA>
SPEAKER input_mono16k 0 786.490 4.110 <NA> <NA> 3 <NA> <NA>
SPEAKER input_mono16k 0 812.410 4.360 <NA> <NA> 3 <NA> <NA>
SPEAKER input_mono16k 0 818.550 21.620 <NA> <NA> 0 <NA> <NA>
SPEAKER input_mono16k 0 840.560 1.130 <NA> <NA> 0 <NA> <NA>
SPEAKER input_mono16k 0 842.450 7.410 <NA> <NA> 0 <NA> <NA>
SPEAKER input_mono16k 0 850.440 10.660 <NA> <NA> 0 <NA> <NA>
SPEAKER input_mono16k 0 862.440 3.570 <NA> <NA> 0 <NA> <NA>
SPEAKER input_mono16k 0 866.230 2.600 <NA> <NA> 0 <NA> <NA>
SPEAKER input_mono16k 0 895.660 1.700 <NA> <NA> 0 <NA> <NA>
SPEAKER input_mono16k 0 898.900 1.520 <NA> <NA> 0 <NA> <NA>
SPEAKER input_mono16k 0 901.790 1.030 <NA> <NA> 0 <NA> <NA>
SPEAKER input_mono16k 0 903.400 1.230 <NA> <NA> 0 <NA> <NA>
SPEAKER input_mono16k 0 904.890 1.190 <NA> <NA> 0 <NA> <NA>
SPEAKER input_mono16k 0 906.770 1.200 <NA> <NA> 0 <NA> <NA>
SPEAKER input_mono16k 0 909.260 1.290 <NA> <NA> 0 <NA> <NA>
SPEAKER input_mono16k 0 912.630 1.530 <NA> <NA> 0 <NA> <NA>
SPEAKER input_mono16k 0 914.460 1.030 <NA> <NA> 0 <NA> <NA>
SPEAKER input_mono16k 0 916.850 2.180 <NA> <NA> 1 <NA> <NA>
SPEAKER input_mono16k 0 922.360 2.490 <NA> <NA> 1 <NA> <NA>
SPEAKER input_mono16k 0 926.070 2.470 <NA> <NA> 1 <NA> <NA>
SPEAKER input_mono16k 0 928.540 1.875 <NA> <NA> 0 <NA> <NA>
SPEAKER input_mono16k 0 930.415 0.750 <NA> <NA> 1 <NA> <NA>
SPEAKER input_mono16k 0 931.165 1.445 <NA> <NA> 0 <NA> <NA>
SPEAKER input_mono16k 0 933.200 4.880 <NA> <NA> 0 <NA> <NA>
SPEAKER input_mono16k 0 938.590 1.230 <NA> <NA> 0 <NA> <NA>
SPEAKER input_mono16k 0 940.250 1.220 <NA> <NA> 1 <NA> <NA>
SPEAKER input_mono16k 0 941.820 5.030 <NA> <NA> 1 <NA> <NA>
SPEAKER input_mono16k 0 947.490 9.740 <NA> <NA> 1 <NA> <NA>
SPEAKER input_mono16k 0 957.250 6.160 <NA> <NA> 1 <NA> <NA>
SPEAKER input_mono16k 0 964.010 4.390 <NA> <NA> 1 <NA> <NA>
SPEAKER input_mono16k 0 968.410 3.510 <NA> <NA> 1 <NA> <NA>
SPEAKER input_mono16k 0 971.950 2.590 <NA> <NA> 1 <NA> <NA>
SPEAKER input_mono16k 0 975.070 3.900 <NA> <NA> 1 <NA> <NA>
SPEAKER input_mono16k 0 979.560 0.970 <NA> <NA> 1 <NA> <NA>
SPEAKER input_mono16k 0 981.210 2.740 <NA> <NA> 1 <NA> <NA>
SPEAKER input_mono16k 0 983.970 0.840 <NA> <NA> 1 <NA> <NA>
SPEAKER input_mono16k 0 985.140 1.010 <NA> <NA> 1 <NA> <NA>
SPEAKER input_mono16k 0 986.260 2.290 <NA> <NA> 1 <NA> <NA>
SPEAKER input_mono16k 0 988.730 3.200 <NA> <NA> 1 <NA> <NA>
SPEAKER input_mono16k 0 992.130 7.570 <NA> <NA> 1 <NA> <NA>
SPEAKER input_mono16k 0 999.710 4.470 <NA> <NA> 1 <NA> <NA>
SPEAKER input_mono16k 0 1004.500 1.090 <NA> <NA> 0 <NA> <NA>
SPEAKER input_mono16k 0 1005.700 1.900 <NA> <NA> 0 <NA> <NA>
SPEAKER input_mono16k 0 1008.060 2.300 <NA> <NA> 0 <NA> <NA>
SPEAKER input_mono16k 0 1010.540 1.380 <NA> <NA> 0 <NA> <NA>
SPEAKER input_mono16k 0 1011.920 7.780 <NA> <NA> 1 <NA> <NA>
SPEAKER input_mono16k 0 1019.970 1.125 <NA> <NA> 5 <NA> <NA>
SPEAKER input_mono16k 0 1021.095 13.500 <NA> <NA> 1 <NA> <NA>
SPEAKER input_mono16k 0 1034.595 12.000 <NA> <NA> 0 <NA> <NA>
SPEAKER input_mono16k 0 1046.595 3.000 <NA> <NA> 1 <NA> <NA>
SPEAKER input_mono16k 0 1049.595 10.500 <NA> <NA> 0 <NA> <NA>
SPEAKER input_mono16k 0 1060.095 1.105 <NA> <NA> 4 <NA> <NA>
SPEAKER input_mono16k 0 1064.480 3.100 <NA> <NA> 4 <NA> <NA>
SPEAKER input_mono16k 0 1069.100 4.100 <NA> <NA> 4 <NA> <NA>
SPEAKER input_mono16k 0 1075.520 1.125 <NA> <NA> 0 <NA> <NA>
SPEAKER input_mono16k 0 1076.645 3.455 <NA> <NA> 4 <NA> <NA>
SPEAKER input_mono16k 0 1084.470 0.980 <NA> <NA> 5 <NA> <NA>
SPEAKER input_mono16k 0 1087.380 1.910 <NA> <NA> 5 <NA> <NA>
SPEAKER input_mono16k 0 1092.260 1.060 <NA> <NA> 4 <NA> <NA>
SPEAKER input_mono16k 0 1098.610 1.650 <NA> <NA> 4 <NA> <NA>
SPEAKER input_mono16k 0 1103.210 0.940 <NA> <NA> 3 <NA> <NA>
SPEAKER input_mono16k 0 1130.920 0.960 <NA> <NA> 2 <NA> <NA>
SPEAKER input_mono16k 0 1140.900 5.860 <NA> <NA> 2 <NA> <NA>
SPEAKER input_mono16k 0 1152.100 7.875 <NA> <NA> 0 <NA> <NA>
SPEAKER input_mono16k 0 1159.975 20.250 <NA> <NA> 2 <NA> <NA>
SPEAKER input_mono16k 0 1180.225 0.750 <NA> <NA> 0 <NA> <NA>
SPEAKER input_mono16k 0 1180.975 1.500 <NA> <NA> 2 <NA> <NA>
SPEAKER input_mono16k 0 1182.475 8.250 <NA> <NA> 0 <NA> <NA>
SPEAKER input_mono16k 0 1190.725 1.455 <NA> <NA> 2 <NA> <NA>
SPEAKER input_mono16k 0 1215.260 1.000 <NA> <NA> 0 <NA> <NA>
SPEAKER input_mono16k 0 1223.680 27.300 <NA> <NA> 0 <NA> <NA>
SPEAKER input_mono16k 0 1252.460 7.510 <NA> <NA> 0 <NA> <NA>
SPEAKER input_mono16k 0 1260.360 2.260 <NA> <NA> 0 <NA> <NA>
SPEAKER input_mono16k 0 1282.470 0.800 <NA> <NA> 2 <NA> <NA>
SPEAKER input_mono16k 0 1290.780 4.720 <NA> <NA> 1 <NA> <NA>
SPEAKER input_mono16k 0 1296.440 8.420 <NA> <NA> 1 <NA> <NA>
SPEAKER input_mono16k 0 1305.010 4.780 <NA> <NA> 1 <NA> <NA>
SPEAKER input_mono16k 0 1309.840 14.250 <NA> <NA> 1 <NA> <NA>
SPEAKER input_mono16k 0 1324.690 1.420 <NA> <NA> 1 <NA> <NA>
SPEAKER input_mono16k 0 1326.330 1.010 <NA> <NA> 1 <NA> <NA>
SPEAKER input_mono16k 0 1328.470 0.950 <NA> <NA> 6 <NA> <NA>
SPEAKER input_mono16k 0 1333.560 0.800 <NA> <NA> 6 <NA> <NA>
SPEAKER input_mono16k 0 1334.640 1.050 <NA> <NA> 6 <NA> <NA>
SPEAKER input_mono16k 0 1336.270 1.590 <NA> <NA> 6 <NA> <NA>
SPEAKER input_mono16k 0 1340.220 0.800 <NA> <NA> 6 <NA> <NA>
SPEAKER input_mono16k 0 1343.560 1.370 <NA> <NA> 6 <NA> <NA>
SPEAKER input_mono16k 0 1345.580 0.920 <NA> <NA> 6 <NA> <NA>
SPEAKER input_mono16k 0 1347.530 0.810 <NA> <NA> 6 <NA> <NA>
SPEAKER input_mono16k 0 1350.430 2.340 <NA> <NA> 6 <NA> <NA>
SPEAKER input_mono16k 0 1355.600 2.510 <NA> <NA> 6 <NA> <NA>
SPEAKER input_mono16k 0 1358.460 0.850 <NA> <NA> 6 <NA> <NA>
SPEAKER input_mono16k 0 1368.090 0.850 <NA> <NA> 0 <NA> <NA>
SPEAKER input_mono16k 0 1372.620 0.880 <NA> <NA> 6 <NA> <NA>
SPEAKER input_mono16k 0 1374.900 1.680 <NA> <NA> 6 <NA> <NA>
SPEAKER input_mono16k 0 1376.660 2.170 <NA> <NA> 6 <NA> <NA>
SPEAKER input_mono16k 0 1380.390 4.530 <NA> <NA> 6 <NA> <NA>
SPEAKER input_mono16k 0 1392.920 1.330 <NA> <NA> 0 <NA> <NA>
SPEAKER input_mono16k 0 1397.540 0.770 <NA> <NA> 6 <NA> <NA>
SPEAKER input_mono16k 0 1399.840 0.910 <NA> <NA> 6 <NA> <NA>
SPEAKER input_mono16k 0 1404.600 0.900 <NA> <NA> 0 <NA> <NA>
SPEAKER input_mono16k 0 1439.090 0.950 <NA> <NA> 1 <NA> <NA>
SPEAKER input_mono16k 0 1462.370 0.930 <NA> <NA> 5 <NA> <NA>
SPEAKER input_mono16k 0 1471.180 0.950 <NA> <NA> 5 <NA> <NA>
SPEAKER input_mono16k 0 1494.970 0.820 <NA> <NA> 5 <NA> <NA>
SPEAKER input_mono16k 0 1515.570 4.200 <NA> <NA> 5 <NA> <NA>
SPEAKER input_mono16k 0 1589.970 0.780 <NA> <NA> 0 <NA> <NA>
SPEAKER input_mono16k 0 1621.690 1.125 <NA> <NA> 0 <NA> <NA>
SPEAKER input_mono16k 0 1622.815 1.215 <NA> <NA> 3 <NA> <NA>
SPEAKER input_mono16k 0 1634.390 4.070 <NA> <NA> 6 <NA> <NA>
SPEAKER input_mono16k 0 1639.940 1.960 <NA> <NA> 6 <NA> <NA>
SPEAKER input_mono16k 0 1643.570 15.070 <NA> <NA> 6 <NA> <NA>
SPEAKER input_mono16k 0 1677.770 2.200 <NA> <NA> 0 <NA> <NA>
SPEAKER input_mono16k 0 1684.190 0.760 <NA> <NA> 6 <NA> <NA>
SPEAKER input_mono16k 0 1690.990 0.950 <NA> <NA> 6 <NA> <NA>
SPEAKER input_mono16k 0 1695.320 1.100 <NA> <NA> 6 <NA> <NA>
SPEAKER input_mono16k 0 1705.750 0.860 <NA> <NA> 6 <NA> <NA>
===SUMMARY_20200708_L_R002S05C01===
{
  "source_audio": "/userdata/meeting_agent/data/audio/train_L/wav/20200708_L_R002S05C01.flac",
  "source_audio_size_human": "202.89 MiB",
  "normalized_wav": "/userdata/meeting_agent/evals/pipeline_outputs/e2e_trainL_full/train_L_20200708_L_R002S05C01/01_segments/input_mono16k.wav",
  "normalized_wav_size_human": "60.74 MiB",
  "audio_duration_seconds": 1990.249,
  "infer_script": "/userdata/3D-Speaker/speakerlab/bin/infer_diarization.py",
  "rttm": "/userdata/meeting_agent/evals/pipeline_outputs/e2e_trainL_full/train_L_20200708_L_R002S05C01/01_segments/3dspeaker_out/input_mono16k.rttm",
  "wav_segments_dir": "/userdata/meeting_agent/evals/pipeline_outputs/e2e_trainL_full/train_L_20200708_L_R002S05C01/01_segments/cut_audio/wav_segments",
  "cut_segments_csv": "/userdata/meeting_agent/evals/pipeline_outputs/e2e_trainL_full/train_L_20200708_L_R002S05C01/01_segments/cut_audio/cut_segments.csv",
  "segment_plan_json": "/userdata/meeting_agent/evals/pipeline_outputs/e2e_trainL_full/train_L_20200708_L_R002S05C01/01_segments/segment_plan/segment_plan.json",
  "params": {
    "pad": 1.0,
    "absorb_unknown_max": 2.0,
    "max_known_segment": 30.0,
    "max_unknown_segment": 20.0,
    "min_segment_duration": 0.05
  },
  "raw_rttm_segments": 275,
  "known_before_absorption_unsplit": 117,
  "unknown_gap_count_before": 79,
  "unknown_gap_seconds_before": 849.619,
  "absorbed_unknown_count": 25,
  "absorbed_unknown_seconds": 21.18,
  "gap_decision_reason_counts": {
    "different_boundary_speakers": 15,
    "leading_gap": 1,
    "over_threshold": 37,
    "same_speaker_bounded_short": 25,
    "trailing_gap": 1
  },
  "known_segments_after_absorption_split": 105,
  "remaining_unknown_count_after_split": 82,
  "remaining_unknown_seconds": 828.439,
  "total_asr_segments_planned": 187,
  "total_asr_segments": 186,
  "skipped_cut_segment_count": 1,
  "skipped_cut_segment_seconds": 0.02,
  "known_seconds_sum": 1233.31,
  "unknown_seconds_sum": 828.439,
  "plan_union_covered_seconds": 1990.249,
  "plan_union_covered_ratio": 1.0,
  "duration_distributions": {
    "unknown_gaps_before": {
      "count": 79,
      "seconds_sum": 849.619,
      "mean": 10.755,
      "min": 0.02,
      "p25": 0.7,
      "p50": 1.99,
      "p75": 7.06,
      "p90": 21.818,
      "max": 282.639,
      "bins": {
        "<1s": 27,
        "1-2s": 13,
        "2-5s": 11,
        "5-10s": 12,
        "10-20s": 5,
        "20-30s": 6,
        ">=30s": 5
      }
    },
    "absorbed_unknown_gaps": {
      "count": 25,
      "seconds_sum": 21.18,
      "mean": 0.847,
      "min": 0.03,
      "p25": 0.38,
      "p50": 0.73,
      "p75": 1.28,
      "p90": 1.712,
      "max": 1.99,
      "bins": {
        "<1s": 16,
        "1-2s": 9,
        "2-5s": 0,
        "5-10s": 0,
        "10-20s": 0,
        "20-30s": 0,
        ">=30s": 0
      }
    },
    "known_after_split": {
      "count": 105,
      "seconds_sum": 1233.31,
      "mean": 11.746,
      "min": 2.03,
      "p25": 3.455,
      "p50": 7.86,
      "p75": 18.42,
      "p90": 30.0,
      "max": 30.0,
      "bins": {
        "<1s": 0,
        "1-2s": 0,
        "2-5s": 36,
        "5-10s": 25,
        "10-20s": 21,
        "20-30s": 11,
        ">=30s": 12
      }
    },
    "unknown_after_split": {
      "count": 82,
      "seconds_sum": 828.439,
      "mean": 10.103,
      "min": 0.02,
      "p25": 2.205,
      "p50": 7.06,
      "p75": 20.0,
      "p90": 20.0,
      "max": 20.0,
      "bins": {
        "<1s": 14,
        "1-2s": 5,
        "2-5s": 14,
        "5-10s": 14,
        "10-20s": 7,
        "20-30s": 28,
        ">=30s": 0
      }
    }
  },
  "cut_wav_segments_size_human": "62.93 MiB",
  "cut_vs_normalized_wav_ratio": 1.036043,
  "storage_keep_source_and_segments_human": "265.82 MiB",
  "storage_keep_normalized_and_segments_human": "123.66 MiB",
  "normalize_report": {
    "cmd": [
      "sox",
      "/userdata/meeting_agent/data/audio/train_L/wav/20200708_L_R002S05C01.flac",
      "-r",
      "16000",
      "-c",
      "1",
      "-b",
      "16",
      "/userdata/meeting_agent/evals/pipeline_outputs/e2e_trainL_full/train_L_20200708_L_R002S05C01/01_segments/input_mono16k.wav"
    ],
    "return_code": 0,
    "elapsed_seconds": 5.452,
    "log": null,
    "output_tail": "",
    "output": "/userdata/meeting_agent/evals/pipeline_outputs/e2e_trainL_full/train_L_20200708_L_R002S05C01/01_segments/input_mono16k.wav",
    "duration_seconds": 1990.249
  },
  "diarization_report": {
    "cmd": [
      "/userdata/miniforge3/envs/3dspeaker/bin/python",
      "/userdata/3D-Speaker/speakerlab/bin/infer_diarization.py",
      "--wav",
      "/userdata/meeting_agent/evals/pipeline_outputs/e2e_trainL_full/train_L_20200708_L_R002S05C01/01_segments/input_mono16k.wav",
      "--out_dir",
      "/userdata/meeting_agent/evals/pipeline_outputs/e2e_trainL_full/train_L_20200708_L_R002S05C01/01_segments/3dspeaker_out"
    ],
    "return_code": 0,
    "elapsed_seconds": 168.331,
    "log": "/userdata/meeting_agent/evals/pipeline_outputs/e2e_trainL_full/train_L_20200708_L_R002S05C01/01_segments/logs/3dspeaker.log",
    "output_tail": "2026-08-21 13:03:44,490 | INFO    | modelscope_hub.download | Downloading 11 files from iic/speech_campplus_sv_zh_en_16k-common_advanced@v1.0.0\n\nDownloading:   0%|          | 0/11 [00:00<?, ?file/s]\nDownloading: 100%|██████████| 11/11 [00:00<00:00, 177.53file/s]\n2026-08-21 13:03:46,815 | INFO    | modelscope_hub.download | Downloading 8 files from iic/speech_fsmn_vad_zh-cn-16k-common-pytorch@v2.0.4\n\nDownloading:   0%|          | 0/8 [00:00<?, ?file/s]\nDownloading: 100%|██████████| 8/8 [00:00<00:00, 741.57file/s]\n2026-08-21 13:03:51,146 [INFO] download models from model hub: ms\n2026-08-21 13:03:51,173 [WARNING] trust_remote_code: False\n2026-08-21 13:03:51,187 [INFO] Loading pretrained params from /userdata/modelscope_cache/models/iic--speech_fsmn_vad_zh-cn-16k-common-pytorch/snapshots/v2.0.4/model.pt\n2026-08-21 13:03:51,187 [INFO] ckpt: /userdata/modelscope_cache/models/iic--speech_fsmn_vad_zh-cn-16k-common-pytorch/snapshots/v2.0.4/model.pt\n2026-08-21 13:03:51,198 [INFO] scope_map: ['module.', 'None']\n2026-08-21 13:03:51,198 [INFO] excludes: None\n2026-08-21 13:03:51,201 [INFO] Loading ckpt: /userdata/modelscope_cache/models/iic--speech_fsmn_vad_zh-cn-16k-common-pytorch/snapshots/v2.0.4/model.pt, status: <All keys matched successfully>\n[INFO]: Model downloaded successfully.\n[INFO]: No GPUs detected.\n[INFO]: Set 1 processes to extract embeddings.\n2026-08-21 13:04:16,618 | INFO    | modelscope_hub.download | Downloading 11 files from iic/speech_campplus_sv_zh_en_16k-common_advanced@v1.0.0\n\nDownloading:   0%|          | 0/11 [00:00<?, ?file/s]\nDownloading: 100%|██████████| 11/11 [00:00<00:00, 194.33file/s]\n2026-08-21 13:04:18,380 | INFO    | modelscope_hub.download | Downloading 8 files from iic/speech_fsmn_vad_zh-cn-16k-common-pytorch@v2.0.4\n\nDownloading:   0%|          | 0/8 [00:00<?, ?file/s]\nDownloading: 100%|██████████| 8/8 [00:00<00:00, 599.84file/s]\n2026-08-21 13:04:22,684 [INFO] download models from model hub: ms\n2026-08-21 13:04:22,710 [WARNING] trust_remote_code: False\n2026-08-21 13:04:22,725 [INFO] Loading pretrained params from /userdata/modelscope_cache/models/iic--speech_fsmn_vad_zh-cn-16k-common-pytorch/snapshots/v2.0.4/model.pt\n2026-08-21 13:04:22,726 [INFO] ckpt: /userdata/modelscope_cache/models/iic--speech_fsmn_vad_zh-cn-16k-common-pytorch/snapshots/v2.0.4/model.pt\n2026-08-21 13:04:22,737 [INFO] scope_map: ['module.', 'None']\n2026-08-21 13:04:22,737 [INFO] excludes: None\n2026-08-21 13:04:22,740 [INFO] Loading ckpt: /userdata/modelscope_cache/models/iic--speech_fsmn_vad_zh-cn-16k-common-pytorch/snapshots/v2.0.4/model.pt, status: <All keys matched successfully>\n\nRank 0 processing:   0%|          | 0/1 [00:00<?, ?it/s]\nRank 0 processing: 100%|██████████| 1/1 [01:36<00:00, 96.23s/it]\nRank 0 processing: 100%|██████████| 1/1 [01:36<00:00, 96.23s/it]\n"
  }
}
===RTTM_20200709_L_R002S04C01===
SPEAKER input_mono16k 0 34.610 2.625 <NA> <NA> 5 <NA> <NA>
SPEAKER input_mono16k 0 37.235 1.500 <NA> <NA> 1 <NA> <NA>
SPEAKER input_mono16k 0 38.735 1.335 <NA> <NA> 3 <NA> <NA>
SPEAKER input_mono16k 0 42.340 1.875 <NA> <NA> 2 <NA> <NA>
SPEAKER input_mono16k 0 44.215 0.715 <NA> <NA> 0 <NA> <NA>
SPEAKER input_mono16k 0 51.380 1.020 <NA> <NA> 5 <NA> <NA>
SPEAKER input_mono16k 0 71.250 2.220 <NA> <NA> 3 <NA> <NA>
SPEAKER input_mono16k 0 76.550 10.780 <NA> <NA> 3 <NA> <NA>
SPEAKER input_mono16k 0 109.020 1.040 <NA> <NA> 4 <NA> <NA>
SPEAKER input_mono16k 0 118.950 1.020 <NA> <NA> 4 <NA> <NA>
SPEAKER input_mono16k 0 121.670 0.760 <NA> <NA> 4 <NA> <NA>
SPEAKER input_mono16k 0 129.730 0.860 <NA> <NA> 4 <NA> <NA>
SPEAKER input_mono16k 0 131.840 1.090 <NA> <NA> 4 <NA> <NA>
SPEAKER input_mono16k 0 137.720 1.170 <NA> <NA> 4 <NA> <NA>
SPEAKER input_mono16k 0 146.240 0.840 <NA> <NA> 4 <NA> <NA>
SPEAKER input_mono16k 0 147.430 0.830 <NA> <NA> 4 <NA> <NA>
SPEAKER input_mono16k 0 150.580 1.140 <NA> <NA> 4 <NA> <NA>
SPEAKER input_mono16k 0 152.320 1.420 <NA> <NA> 4 <NA> <NA>
SPEAKER input_mono16k 0 159.530 0.800 <NA> <NA> 4 <NA> <NA>
SPEAKER input_mono16k 0 175.260 1.780 <NA> <NA> 4 <NA> <NA>
SPEAKER input_mono16k 0 178.510 0.930 <NA> <NA> 4 <NA> <NA>
SPEAKER input_mono16k 0 182.260 7.875 <NA> <NA> 4 <NA> <NA>
SPEAKER input_mono16k 0 190.135 1.500 <NA> <NA> 5 <NA> <NA>
SPEAKER input_mono16k 0 191.635 2.835 <NA> <NA> 4 <NA> <NA>
SPEAKER input_mono16k 0 196.510 1.440 <NA> <NA> 4 <NA> <NA>
SPEAKER input_mono16k 0 200.000 5.870 <NA> <NA> 4 <NA> <NA>
SPEAKER input_mono16k 0 211.750 13.125 <NA> <NA> 3 <NA> <NA>
SPEAKER input_mono16k 0 224.875 9.425 <NA> <NA> 4 <NA> <NA>
SPEAKER input_mono16k 0 237.390 2.730 <NA> <NA> 4 <NA> <NA>
SPEAKER input_mono16k 0 240.210 0.790 <NA> <NA> 4 <NA> <NA>
SPEAKER input_mono16k 0 241.460 1.110 <NA> <NA> 4 <NA> <NA>
SPEAKER input_mono16k 0 244.090 0.770 <NA> <NA> 4 <NA> <NA>
SPEAKER input_mono16k 0 250.140 0.990 <NA> <NA> 4 <NA> <NA>
SPEAKER input_mono16k 0 252.100 0.890 <NA> <NA> 4 <NA> <NA>
SPEAKER input_mono16k 0 256.100 0.820 <NA> <NA> 4 <NA> <NA>
SPEAKER input_mono16k 0 261.040 0.890 <NA> <NA> 4 <NA> <NA>
SPEAKER input_mono16k 0 262.150 1.080 <NA> <NA> 4 <NA> <NA>
SPEAKER input_mono16k 0 264.490 1.330 <NA> <NA> 4 <NA> <NA>
SPEAKER input_mono16k 0 268.360 1.120 <NA> <NA> 4 <NA> <NA>
SPEAKER input_mono16k 0 273.650 1.120 <NA> <NA> 4 <NA> <NA>
SPEAKER input_mono16k 0 275.850 1.580 <NA> <NA> 4 <NA> <NA>
SPEAKER input_mono16k 0 277.830 1.050 <NA> <NA> 4 <NA> <NA>
SPEAKER input_mono16k 0 280.010 2.720 <NA> <NA> 4 <NA> <NA>
SPEAKER input_mono16k 0 287.630 1.240 <NA> <NA> 4 <NA> <NA>
SPEAKER input_mono16k 0 288.880 0.880 <NA> <NA> 4 <NA> <NA>
SPEAKER input_mono16k 0 289.970 0.800 <NA> <NA> 4 <NA> <NA>
SPEAKER input_mono16k 0 293.340 1.970 <NA> <NA> 4 <NA> <NA>
SPEAKER input_mono16k 0 300.050 9.070 <NA> <NA> 4 <NA> <NA>
SPEAKER input_mono16k 0 310.850 1.125 <NA> <NA> 4 <NA> <NA>
SPEAKER input_mono16k 0 311.975 1.500 <NA> <NA> 5 <NA> <NA>
SPEAKER input_mono16k 0 313.475 3.000 <NA> <NA> 4 <NA> <NA>
SPEAKER input_mono16k 0 316.475 8.250 <NA> <NA> 5 <NA> <NA>
SPEAKER input_mono16k 0 324.725 11.515 <NA> <NA> 3 <NA> <NA>
SPEAKER input_mono16k 0 339.540 3.140 <NA> <NA> 4 <NA> <NA>
SPEAKER input_mono16k 0 344.160 2.210 <NA> <NA> 4 <NA> <NA>
SPEAKER input_mono16k 0 348.220 2.730 <NA> <NA> 4 <NA> <NA>
SPEAKER input_mono16k 0 352.570 7.940 <NA> <NA> 4 <NA> <NA>
SPEAKER input_mono16k 0 360.520 0.960 <NA> <NA> 4 <NA> <NA>
SPEAKER input_mono16k 0 361.540 0.780 <NA> <NA> 4 <NA> <NA>
SPEAKER input_mono16k 0 362.410 1.960 <NA> <NA> 4 <NA> <NA>
SPEAKER input_mono16k 0 364.730 0.770 <NA> <NA> 4 <NA> <NA>
SPEAKER input_mono16k 0 365.700 0.910 <NA> <NA> 4 <NA> <NA>
SPEAKER input_mono16k 0 373.910 0.810 <NA> <NA> 4 <NA> <NA>
SPEAKER input_mono16k 0 374.840 4.630 <NA> <NA> 3 <NA> <NA>
SPEAKER input_mono16k 0 379.610 5.750 <NA> <NA> 3 <NA> <NA>
SPEAKER input_mono16k 0 385.570 2.590 <NA> <NA> 3 <NA> <NA>
SPEAKER input_mono16k 0 391.630 1.170 <NA> <NA> 4 <NA> <NA>
SPEAKER input_mono16k 0 395.840 1.630 <NA> <NA> 4 <NA> <NA>
SPEAKER input_mono16k 0 398.360 1.390 <NA> <NA> 4 <NA> <NA>
SPEAKER input_mono16k 0 404.470 0.900 <NA> <NA> 4 <NA> <NA>
SPEAKER input_mono16k 0 414.030 0.910 <NA> <NA> 4 <NA> <NA>
SPEAKER input_mono16k 0 415.490 0.900 <NA> <NA> 4 <NA> <NA>
SPEAKER input_mono16k 0 416.960 2.680 <NA> <NA> 4 <NA> <NA>
SPEAKER input_mono16k 0 419.690 1.070 <NA> <NA> 4 <NA> <NA>
SPEAKER input_mono16k 0 422.710 1.010 <NA> <NA> 4 <NA> <NA>
SPEAKER input_mono16k 0 427.090 1.400 <NA> <NA> 4 <NA> <NA>
SPEAKER input_mono16k 0 430.530 2.880 <NA> <NA> 4 <NA> <NA>
SPEAKER input_mono16k 0 436.630 1.875 <NA> <NA> 3 <NA> <NA>
SPEAKER input_mono16k 0 438.505 7.735 <NA> <NA> 2 <NA> <NA>
SPEAKER input_mono16k 0 447.970 10.660 <NA> <NA> 2 <NA> <NA>
SPEAKER input_mono16k 0 461.020 21.440 <NA> <NA> 2 <NA> <NA>
SPEAKER input_mono16k 0 484.100 3.350 <NA> <NA> 2 <NA> <NA>
SPEAKER input_mono16k 0 487.750 5.000 <NA> <NA> 2 <NA> <NA>
SPEAKER input_mono16k 0 494.120 1.710 <NA> <NA> 2 <NA> <NA>
SPEAKER input_mono16k 0 495.860 3.990 <NA> <NA> 2 <NA> <NA>
SPEAKER input_mono16k 0 500.360 1.890 <NA> <NA> 2 <NA> <NA>
SPEAKER input_mono16k 0 503.560 4.780 <NA> <NA> 2 <NA> <NA>
SPEAKER input_mono16k 0 508.430 2.290 <NA> <NA> 2 <NA> <NA>
SPEAKER input_mono16k 0 510.740 4.450 <NA> <NA> 2 <NA> <NA>
SPEAKER input_mono16k 0 516.880 0.890 <NA> <NA> 2 <NA> <NA>
SPEAKER input_mono16k 0 518.530 1.120 <NA> <NA> 2 <NA> <NA>
SPEAKER input_mono16k 0 520.250 3.300 <NA> <NA> 2 <NA> <NA>
SPEAKER input_mono16k 0 523.720 6.100 <NA> <NA> 2 <NA> <NA>
SPEAKER input_mono16k 0 529.990 1.950 <NA> <NA> 2 <NA> <NA>
SPEAKER input_mono16k 0 531.950 2.000 <NA> <NA> 2 <NA> <NA>
SPEAKER input_mono16k 0 534.600 2.590 <NA> <NA> 2 <NA> <NA>
SPEAKER input_mono16k 0 537.250 3.570 <NA> <NA> 2 <NA> <NA>
SPEAKER input_mono16k 0 540.970 1.290 <NA> <NA> 2 <NA> <NA>
SPEAKER input_mono16k 0 543.700 1.320 <NA> <NA> 2 <NA> <NA>
SPEAKER input_mono16k 0 545.190 0.930 <NA> <NA> 2 <NA> <NA>
SPEAKER input_mono16k 0 546.220 2.280 <NA> <NA> 2 <NA> <NA>
SPEAKER input_mono16k 0 548.960 1.125 <NA> <NA> 2 <NA> <NA>
SPEAKER input_mono16k 0 550.085 1.735 <NA> <NA> 5 <NA> <NA>
SPEAKER input_mono16k 0 551.820 3.800 <NA> <NA> 2 <NA> <NA>
SPEAKER input_mono16k 0 555.950 1.050 <NA> <NA> 2 <NA> <NA>
SPEAKER input_mono16k 0 558.200 1.340 <NA> <NA> 2 <NA> <NA>
SPEAKER input_mono16k 0 559.790 1.990 <NA> <NA> 2 <NA> <NA>
SPEAKER input_mono16k 0 562.490 0.990 <NA> <NA> 2 <NA> <NA>
SPEAKER input_mono16k 0 563.790 2.400 <NA> <NA> 5 <NA> <NA>
SPEAKER input_mono16k 0 568.520 1.030 <NA> <NA> 5 <NA> <NA>
SPEAKER input_mono16k 0 571.440 2.210 <NA> <NA> 2 <NA> <NA>
SPEAKER input_mono16k 0 574.120 0.840 <NA> <NA> 2 <NA> <NA>
SPEAKER input_mono16k 0 576.160 1.060 <NA> <NA> 2 <NA> <NA>
SPEAKER input_mono16k 0 577.250 9.270 <NA> <NA> 2 <NA> <NA>
SPEAKER input_mono16k 0 587.570 2.930 <NA> <NA> 2 <NA> <NA>
SPEAKER input_mono16k 0 590.630 6.430 <NA> <NA> 2 <NA> <NA>
SPEAKER input_mono16k 0 597.610 4.660 <NA> <NA> 2 <NA> <NA>
SPEAKER input_mono16k 0 602.810 1.490 <NA> <NA> 2 <NA> <NA>
SPEAKER input_mono16k 0 604.420 1.500 <NA> <NA> 2 <NA> <NA>
SPEAKER input_mono16k 0 606.180 3.720 <NA> <NA> 2 <NA> <NA>
SPEAKER input_mono16k 0 612.120 2.040 <NA> <NA> 2 <NA> <NA>
SPEAKER input_mono16k 0 618.010 1.440 <NA> <NA> 3 <NA> <NA>
SPEAKER input_mono16k 0 620.000 1.940 <NA> <NA> 3 <NA> <NA>
SPEAKER input_mono16k 0 622.240 1.580 <NA> <NA> 3 <NA> <NA>
SPEAKER input_mono16k 0 623.910 9.830 <NA> <NA> 3 <NA> <NA>
SPEAKER input_mono16k 0 634.340 2.180 <NA> <NA> 2 <NA> <NA>
SPEAKER input_mono16k 0 638.530 7.210 <NA> <NA> 2 <NA> <NA>
SPEAKER input_mono16k 0 648.790 5.450 <NA> <NA> 3 <NA> <NA>
SPEAKER input_mono16k 0 654.300 2.200 <NA> <NA> 3 <NA> <NA>
SPEAKER input_mono16k 0 658.500 0.800 <NA> <NA> 2 <NA> <NA>
SPEAKER input_mono16k 0 659.480 1.670 <NA> <NA> 2 <NA> <NA>
SPEAKER input_mono16k 0 664.430 5.940 <NA> <NA> 2 <NA> <NA>
SPEAKER input_mono16k 0 671.100 0.800 <NA> <NA> 2 <NA> <NA>
SPEAKER input_mono16k 0 676.480 1.640 <NA> <NA> 0 <NA> <NA>
SPEAKER input_mono16k 0 678.200 2.420 <NA> <NA> 0 <NA> <NA>
SPEAKER input_mono16k 0 681.560 2.150 <NA> <NA> 2 <NA> <NA>
SPEAKER input_mono16k 0 686.170 3.140 <NA> <NA> 2 <NA> <NA>
SPEAKER input_mono16k 0 692.470 1.990 <NA> <NA> 2 <NA> <NA>
SPEAKER input_mono16k 0 694.470 3.190 <NA> <NA> 2 <NA> <NA>
SPEAKER input_mono16k 0 698.420 1.060 <NA> <NA> 2 <NA> <NA>
SPEAKER input_mono16k 0 699.550 1.630 <NA> <NA> 2 <NA> <NA>
SPEAKER input_mono16k 0 702.380 1.700 <NA> <NA> 2 <NA> <NA>
SPEAKER input_mono16k 0 704.130 1.340 <NA> <NA> 2 <NA> <NA>
SPEAKER input_mono16k 0 707.130 2.980 <NA> <NA> 3 <NA> <NA>
SPEAKER input_mono16k 0 710.900 2.000 <NA> <NA> 3 <NA> <NA>
SPEAKER input_mono16k 0 714.630 2.350 <NA> <NA> 2 <NA> <NA>
SPEAKER input_mono16k 0 717.140 6.150 <NA> <NA> 2 <NA> <NA>
SPEAKER input_mono16k 0 723.450 0.980 <NA> <NA> 2 <NA> <NA>
SPEAKER input_mono16k 0 725.790 1.880 <NA> <NA> 2 <NA> <NA>
SPEAKER input_mono16k 0 729.250 2.480 <NA> <NA> 2 <NA> <NA>
SPEAKER input_mono16k 0 731.820 1.620 <NA> <NA> 2 <NA> <NA>
SPEAKER input_mono16k 0 734.710 1.780 <NA> <NA> 2 <NA> <NA>
SPEAKER input_mono16k 0 737.480 2.180 <NA> <NA> 2 <NA> <NA>
SPEAKER input_mono16k 0 740.330 1.120 <NA> <NA> 3 <NA> <NA>
SPEAKER input_mono16k 0 742.480 3.650 <NA> <NA> 3 <NA> <NA>
SPEAKER input_mono16k 0 747.000 2.600 <NA> <NA> 3 <NA> <NA>
SPEAKER input_mono16k 0 749.620 0.990 <NA> <NA> 3 <NA> <NA>
SPEAKER input_mono16k 0 751.020 2.480 <NA> <NA> 3 <NA> <NA>
SPEAKER input_mono16k 0 754.330 2.700 <NA> <NA> 2 <NA> <NA>
SPEAKER input_mono16k 0 757.110 1.370 <NA> <NA> 2 <NA> <NA>
SPEAKER input_mono16k 0 759.230 2.170 <NA> <NA> 2 <NA> <NA>
SPEAKER input_mono16k 0 761.900 2.550 <NA> <NA> 2 <NA> <NA>
SPEAKER input_mono16k 0 764.720 1.520 <NA> <NA> 2 <NA> <NA>
SPEAKER input_mono16k 0 767.460 2.310 <NA> <NA> 2 <NA> <NA>
SPEAKER input_mono16k 0 770.770 1.090 <NA> <NA> 2 <NA> <NA>
SPEAKER input_mono16k 0 772.290 1.500 <NA> <NA> 2 <NA> <NA>
SPEAKER input_mono16k 0 774.530 0.760 <NA> <NA> 2 <NA> <NA>
SPEAKER input_mono16k 0 775.450 1.550 <NA> <NA> 2 <NA> <NA>
SPEAKER input_mono16k 0 777.350 1.000 <NA> <NA> 2 <NA> <NA>
SPEAKER input_mono16k 0 780.380 1.875 <NA> <NA> 3 <NA> <NA>
SPEAKER input_mono16k 0 782.255 64.505 <NA> <NA> 0 <NA> <NA>
SPEAKER input_mono16k 0 846.800 3.320 <NA> <NA> 0 <NA> <NA>
SPEAKER input_mono16k 0 850.620 20.320 <NA> <NA> 0 <NA> <NA>
SPEAKER input_mono16k 0 871.300 1.180 <NA> <NA> 0 <NA> <NA>
SPEAKER input_mono16k 0 872.960 6.790 <NA> <NA> 0 <NA> <NA>
SPEAKER input_mono16k 0 880.020 2.650 <NA> <NA> 0 <NA> <NA>
SPEAKER input_mono16k 0 882.680 5.750 <NA> <NA> 0 <NA> <NA>
SPEAKER input_mono16k 0 888.500 14.900 <NA> <NA> 0 <NA> <NA>
SPEAKER input_mono16k 0 903.550 1.550 <NA> <NA> 0 <NA> <NA>
SPEAKER input_mono16k 0 905.660 3.800 <NA> <NA> 0 <NA> <NA>
SPEAKER input_mono16k 0 909.460 1.160 <NA> <NA> 5 <NA> <NA>
SPEAKER input_mono16k 0 910.980 0.990 <NA> <NA> 5 <NA> <NA>
SPEAKER input_mono16k 0 913.760 1.620 <NA> <NA> 5 <NA> <NA>
SPEAKER input_mono16k 0 918.620 1.270 <NA> <NA> 5 <NA> <NA>
SPEAKER input_mono16k 0 926.000 5.680 <NA> <NA> 0 <NA> <NA>
SPEAKER input_mono16k 0 931.700 5.580 <NA> <NA> 0 <NA> <NA>
SPEAKER input_mono16k 0 938.020 7.140 <NA> <NA> 0 <NA> <NA>
SPEAKER input_mono16k 0 945.630 2.850 <NA> <NA> 0 <NA> <NA>
SPEAKER input_mono16k 0 948.810 2.170 <NA> <NA> 0 <NA> <NA>
SPEAKER input_mono16k 0 958.690 2.050 <NA> <NA> 0 <NA> <NA>
SPEAKER input_mono16k 0 960.740 0.910 <NA> <NA> 5 <NA> <NA>
SPEAKER input_mono16k 0 972.140 4.400 <NA> <NA> 0 <NA> <NA>
SPEAKER input_mono16k 0 976.730 3.100 <NA> <NA> 0 <NA> <NA>
SPEAKER input_mono16k 0 979.890 5.510 <NA> <NA> 0 <NA> <NA>
SPEAKER input_mono16k 0 991.810 0.770 <NA> <NA> 0 <NA> <NA>
SPEAKER input_mono16k 0 996.060 0.800 <NA> <NA> 0 <NA> <NA>
SPEAKER input_mono16k 0 997.200 4.740 <NA> <NA> 0 <NA> <NA>
SPEAKER input_mono16k 0 1004.220 2.810 <NA> <NA> 0 <NA> <NA>
SPEAKER input_mono16k 0 1007.850 2.490 <NA> <NA> 0 <NA> <NA>
SPEAKER input_mono16k 0 1010.610 0.970 <NA> <NA> 0 <NA> <NA>
SPEAKER input_mono16k 0 1012.670 2.270 <NA> <NA> 0 <NA> <NA>
SPEAKER input_mono16k 0 1014.980 3.090 <NA> <NA> 0 <NA> <NA>
SPEAKER input_mono16k 0 1018.460 2.080 <NA> <NA> 0 <NA> <NA>
SPEAKER input_mono16k 0 1020.840 6.260 <NA> <NA> 0 <NA> <NA>
SPEAKER input_mono16k 0 1027.310 2.670 <NA> <NA> 0 <NA> <NA>
SPEAKER input_mono16k 0 1030.090 2.020 <NA> <NA> 0 <NA> <NA>
SPEAKER input_mono16k 0 1032.280 4.400 <NA> <NA> 0 <NA> <NA>
SPEAKER input_mono16k 0 1036.720 2.900 <NA> <NA> 0 <NA> <NA>
SPEAKER input_mono16k 0 1039.930 0.890 <NA> <NA> 0 <NA> <NA>
SPEAKER input_mono16k 0 1041.540 10.100 <NA> <NA> 0 <NA> <NA>
SPEAKER input_mono16k 0 1051.760 1.530 <NA> <NA> 0 <NA> <NA>
SPEAKER input_mono16k 0 1053.920 6.910 <NA> <NA> 0 <NA> <NA>
SPEAKER input_mono16k 0 1061.030 2.020 <NA> <NA> 0 <NA> <NA>
SPEAKER input_mono16k 0 1066.890 4.990 <NA> <NA> 3 <NA> <NA>
SPEAKER input_mono16k 0 1072.170 10.000 <NA> <NA> 3 <NA> <NA>
SPEAKER input_mono16k 0 1082.600 1.970 <NA> <NA> 5 <NA> <NA>
SPEAKER input_mono16k 0 1086.920 2.300 <NA> <NA> 0 <NA> <NA>
SPEAKER input_mono16k 0 1089.640 4.640 <NA> <NA> 0 <NA> <NA>
SPEAKER input_mono16k 0 1094.310 1.570 <NA> <NA> 0 <NA> <NA>
SPEAKER input_mono16k 0 1096.240 3.570 <NA> <NA> 0 <NA> <NA>
SPEAKER input_mono16k 0 1100.050 6.550 <NA> <NA> 0 <NA> <NA>
SPEAKER input_mono16k 0 1106.980 5.460 <NA> <NA> 0 <NA> <NA>
SPEAKER input_mono16k 0 1113.030 3.000 <NA> <NA> 0 <NA> <NA>
SPEAKER input_mono16k 0 1116.220 5.920 <NA> <NA> 0 <NA> <NA>
SPEAKER input_mono16k 0 1122.230 1.740 <NA> <NA> 0 <NA> <NA>
SPEAKER input_mono16k 0 1124.150 2.980 <NA> <NA> 0 <NA> <NA>
SPEAKER input_mono16k 0 1127.820 5.090 <NA> <NA> 0 <NA> <NA>
SPEAKER input_mono16k 0 1132.940 3.140 <NA> <NA> 0 <NA> <NA>
SPEAKER input_mono16k 0 1136.120 1.740 <NA> <NA> 0 <NA> <NA>
SPEAKER input_mono16k 0 1137.970 6.940 <NA> <NA> 0 <NA> <NA>
SPEAKER input_mono16k 0 1146.800 0.830 <NA> <NA> 3 <NA> <NA>
SPEAKER input_mono16k 0 1149.190 2.070 <NA> <NA> 1 <NA> <NA>
SPEAKER input_mono16k 0 1151.760 0.920 <NA> <NA> 1 <NA> <NA>
SPEAKER input_mono16k 0 1153.460 0.860 <NA> <NA> 1 <NA> <NA>
SPEAKER input_mono16k 0 1154.340 2.550 <NA> <NA> 1 <NA> <NA>
SPEAKER input_mono16k 0 1157.640 3.150 <NA> <NA> 1 <NA> <NA>
SPEAKER input_mono16k 0 1160.950 3.480 <NA> <NA> 1 <NA> <NA>
SPEAKER input_mono16k 0 1164.480 3.450 <NA> <NA> 1 <NA> <NA>
SPEAKER input_mono16k 0 1168.400 3.260 <NA> <NA> 1 <NA> <NA>
SPEAKER input_mono16k 0 1171.770 3.750 <NA> <NA> 1 <NA> <NA>
SPEAKER input_mono16k 0 1176.010 4.400 <NA> <NA> 1 <NA> <NA>
SPEAKER input_mono16k 0 1181.400 3.170 <NA> <NA> 1 <NA> <NA>
SPEAKER input_mono16k 0 1185.470 4.270 <NA> <NA> 1 <NA> <NA>
SPEAKER input_mono16k 0 1189.870 7.990 <NA> <NA> 1 <NA> <NA>
SPEAKER input_mono16k 0 1197.930 5.660 <NA> <NA> 1 <NA> <NA>
SPEAKER input_mono16k 0 1203.880 5.100 <NA> <NA> 1 <NA> <NA>
SPEAKER input_mono16k 0 1209.160 5.690 <NA> <NA> 1 <NA> <NA>
SPEAKER input_mono16k 0 1216.020 3.880 <NA> <NA> 1 <NA> <NA>
SPEAKER input_mono16k 0 1220.250 2.850 <NA> <NA> 1 <NA> <NA>
SPEAKER input_mono16k 0 1223.250 3.810 <NA> <NA> 1 <NA> <NA>
SPEAKER input_mono16k 0 1227.380 3.350 <NA> <NA> 1 <NA> <NA>
SPEAKER input_mono16k 0 1230.950 2.120 <NA> <NA> 1 <NA> <NA>
SPEAKER input_mono16k 0 1233.150 3.770 <NA> <NA> 1 <NA> <NA>
SPEAKER input_mono16k 0 1236.940 3.670 <NA> <NA> 1 <NA> <NA>
SPEAKER input_mono16k 0 1241.190 3.390 <NA> <NA> 1 <NA> <NA>
SPEAKER input_mono16k 0 1244.630 1.570 <NA> <NA> 1 <NA> <NA>
SPEAKER input_mono16k 0 1246.250 7.210 <NA> <NA> 1 <NA> <NA>
SPEAKER input_mono16k 0 1253.480 9.030 <NA> <NA> 1 <NA> <NA>
SPEAKER input_mono16k 0 1263.020 2.790 <NA> <NA> 1 <NA> <NA>
SPEAKER input_mono16k 0 1265.890 0.970 <NA> <NA> 1 <NA> <NA>
SPEAKER input_mono16k 0 1267.410 0.950 <NA> <NA> 1 <NA> <NA>
SPEAKER input_mono16k 0 1268.400 8.650 <NA> <NA> 1 <NA> <NA>
SPEAKER input_mono16k 0 1277.440 2.100 <NA> <NA> 1 <NA> <NA>
SPEAKER input_mono16k 0 1280.910 7.170 <NA> <NA> 1 <NA> <NA>
SPEAKER input_mono16k 0 1288.570 5.540 <NA> <NA> 1 <NA> <NA>
SPEAKER input_mono16k 0 1294.790 4.860 <NA> <NA> 1 <NA> <NA>
SPEAKER input_mono16k 0 1300.050 1.000 <NA> <NA> 1 <NA> <NA>
SPEAKER input_mono16k 0 1301.680 1.350 <NA> <NA> 1 <NA> <NA>
SPEAKER input_mono16k 0 1303.210 5.880 <NA> <NA> 1 <NA> <NA>
SPEAKER input_mono16k 0 1309.160 1.010 <NA> <NA> 1 <NA> <NA>
SPEAKER input_mono16k 0 1310.420 0.830 <NA> <NA> 1 <NA> <NA>
SPEAKER input_mono16k 0 1311.440 2.730 <NA> <NA> 1 <NA> <NA>
SPEAKER input_mono16k 0 1314.640 0.780 <NA> <NA> 1 <NA> <NA>
SPEAKER input_mono16k 0 1316.760 3.940 <NA> <NA> 1 <NA> <NA>
SPEAKER input_mono16k 0 1320.960 1.480 <NA> <NA> 1 <NA> <NA>
SPEAKER input_mono16k 0 1322.690 5.530 <NA> <NA> 1 <NA> <NA>
SPEAKER input_mono16k 0 1328.250 4.820 <NA> <NA> 1 <NA> <NA>
SPEAKER input_mono16k 0 1333.220 7.020 <NA> <NA> 1 <NA> <NA>
SPEAKER input_mono16k 0 1340.740 2.670 <NA> <NA> 1 <NA> <NA>
SPEAKER input_mono16k 0 1343.700 1.550 <NA> <NA> 1 <NA> <NA>
SPEAKER input_mono16k 0 1345.620 1.150 <NA> <NA> 1 <NA> <NA>
SPEAKER input_mono16k 0 1346.780 15.530 <NA> <NA> 1 <NA> <NA>
SPEAKER input_mono16k 0 1363.540 2.610 <NA> <NA> 1 <NA> <NA>
SPEAKER input_mono16k 0 1366.260 1.880 <NA> <NA> 1 <NA> <NA>
SPEAKER input_mono16k 0 1368.290 1.720 <NA> <NA> 1 <NA> <NA>
SPEAKER input_mono16k 0 1370.070 5.380 <NA> <NA> 1 <NA> <NA>
SPEAKER input_mono16k 0 1376.060 4.680 <NA> <NA> 1 <NA> <NA>
SPEAKER input_mono16k 0 1380.950 1.310 <NA> <NA> 1 <NA> <NA>
SPEAKER input_mono16k 0 1382.840 1.380 <NA> <NA> 1 <NA> <NA>
SPEAKER input_mono16k 0 1384.430 2.470 <NA> <NA> 1 <NA> <NA>
SPEAKER input_mono16k 0 1388.210 7.220 <NA> <NA> 3 <NA> <NA>
SPEAKER input_mono16k 0 1395.560 2.310 <NA> <NA> 3 <NA> <NA>
SPEAKER input_mono16k 0 1398.040 6.330 <NA> <NA> 3 <NA> <NA>
SPEAKER input_mono16k 0 1404.760 6.590 <NA> <NA> 1 <NA> <NA>
SPEAKER input_mono16k 0 1411.430 4.260 <NA> <NA> 1 <NA> <NA>
SPEAKER input_mono16k 0 1416.170 5.060 <NA> <NA> 1 <NA> <NA>
SPEAKER input_mono16k 0 1421.310 3.890 <NA> <NA> 1 <NA> <NA>
SPEAKER input_mono16k 0 1426.080 0.970 <NA> <NA> 1 <NA> <NA>
SPEAKER input_mono16k 0 1427.520 1.840 <NA> <NA> 1 <NA> <NA>
SPEAKER input_mono16k 0 1430.170 2.390 <NA> <NA> 1 <NA> <NA>
SPEAKER input_mono16k 0 1433.040 10.200 <NA> <NA> 1 <NA> <NA>
SPEAKER input_mono16k 0 1443.450 0.890 <NA> <NA> 1 <NA> <NA>
SPEAKER input_mono16k 0 1446.940 2.410 <NA> <NA> 3 <NA> <NA>
SPEAKER input_mono16k 0 1450.180 2.420 <NA> <NA> 3 <NA> <NA>
SPEAKER input_mono16k 0 1453.820 1.450 <NA> <NA> 3 <NA> <NA>
SPEAKER input_mono16k 0 1455.330 1.260 <NA> <NA> 3 <NA> <NA>
SPEAKER input_mono16k 0 1469.540 0.890 <NA> <NA> 4 <NA> <NA>
SPEAKER input_mono16k 0 1497.820 0.780 <NA> <NA> 4 <NA> <NA>
SPEAKER input_mono16k 0 1503.220 0.960 <NA> <NA> 4 <NA> <NA>
SPEAKER input_mono16k 0 1505.580 0.780 <NA> <NA> 4 <NA> <NA>
SPEAKER input_mono16k 0 1506.380 1.300 <NA> <NA> 4 <NA> <NA>
SPEAKER input_mono16k 0 1510.120 0.930 <NA> <NA> 4 <NA> <NA>
SPEAKER input_mono16k 0 1512.650 0.810 <NA> <NA> 4 <NA> <NA>
SPEAKER input_mono16k 0 1519.290 0.870 <NA> <NA> 4 <NA> <NA>
SPEAKER input_mono16k 0 1521.640 0.790 <NA> <NA> 4 <NA> <NA>
SPEAKER input_mono16k 0 1522.620 0.860 <NA> <NA> 4 <NA> <NA>
SPEAKER input_mono16k 0 1525.860 1.700 <NA> <NA> 4 <NA> <NA>
SPEAKER input_mono16k 0 1528.240 0.980 <NA> <NA> 4 <NA> <NA>
SPEAKER input_mono16k 0 1530.750 0.770 <NA> <NA> 4 <NA> <NA>
SPEAKER input_mono16k 0 1531.560 1.350 <NA> <NA> 4 <NA> <NA>
SPEAKER input_mono16k 0 1533.440 1.410 <NA> <NA> 4 <NA> <NA>
SPEAKER input_mono16k 0 1537.210 0.930 <NA> <NA> 4 <NA> <NA>
SPEAKER input_mono16k 0 1540.490 0.770 <NA> <NA> 4 <NA> <NA>
SPEAKER input_mono16k 0 1541.860 0.760 <NA> <NA> 4 <NA> <NA>
SPEAKER input_mono16k 0 1543.460 0.870 <NA> <NA> 4 <NA> <NA>
SPEAKER input_mono16k 0 1548.790 0.800 <NA> <NA> 4 <NA> <NA>
SPEAKER input_mono16k 0 1552.030 1.430 <NA> <NA> 4 <NA> <NA>
SPEAKER input_mono16k 0 1554.390 2.180 <NA> <NA> 4 <NA> <NA>
SPEAKER input_mono16k 0 1557.980 0.990 <NA> <NA> 4 <NA> <NA>
SPEAKER input_mono16k 0 1559.300 1.740 <NA> <NA> 4 <NA> <NA>
SPEAKER input_mono16k 0 1564.590 1.300 <NA> <NA> 4 <NA> <NA>
SPEAKER input_mono16k 0 1568.960 0.930 <NA> <NA> 4 <NA> <NA>
SPEAKER input_mono16k 0 1570.270 1.680 <NA> <NA> 4 <NA> <NA>
SPEAKER input_mono16k 0 1573.350 0.850 <NA> <NA> 4 <NA> <NA>
SPEAKER input_mono16k 0 1582.300 1.090 <NA> <NA> 4 <NA> <NA>
SPEAKER input_mono16k 0 1584.880 0.880 <NA> <NA> 4 <NA> <NA>
SPEAKER input_mono16k 0 1588.850 1.450 <NA> <NA> 4 <NA> <NA>
SPEAKER input_mono16k 0 1592.000 0.900 <NA> <NA> 4 <NA> <NA>
SPEAKER input_mono16k 0 1593.520 0.840 <NA> <NA> 5 <NA> <NA>
SPEAKER input_mono16k 0 1594.860 3.580 <NA> <NA> 5 <NA> <NA>
SPEAKER input_mono16k 0 1600.200 1.400 <NA> <NA> 5 <NA> <NA>
SPEAKER input_mono16k 0 1601.710 1.030 <NA> <NA> 5 <NA> <NA>
SPEAKER input_mono16k 0 1604.440 1.240 <NA> <NA> 5 <NA> <NA>
SPEAKER input_mono16k 0 1612.040 1.140 <NA> <NA> 5 <NA> <NA>
SPEAKER input_mono16k 0 1614.830 1.160 <NA> <NA> 5 <NA> <NA>
SPEAKER input_mono16k 0 1620.280 2.180 <NA> <NA> 2 <NA> <NA>
SPEAKER input_mono16k 0 1625.010 4.550 <NA> <NA> 2 <NA> <NA>
SPEAKER input_mono16k 0 1631.340 8.625 <NA> <NA> 2 <NA> <NA>
SPEAKER input_mono16k 0 1639.965 0.750 <NA> <NA> 5 <NA> <NA>
SPEAKER input_mono16k 0 1640.715 13.805 <NA> <NA> 2 <NA> <NA>
SPEAKER input_mono16k 0 1656.000 19.125 <NA> <NA> 2 <NA> <NA>
SPEAKER input_mono16k 0 1675.125 1.500 <NA> <NA> 3 <NA> <NA>
SPEAKER input_mono16k 0 1676.625 0.565 <NA> <NA> 2 <NA> <NA>
SPEAKER input_mono16k 0 1679.400 4.770 <NA> <NA> 0 <NA> <NA>
SPEAKER input_mono16k 0 1684.680 3.570 <NA> <NA> 0 <NA> <NA>
SPEAKER input_mono16k 0 1688.290 1.940 <NA> <NA> 0 <NA> <NA>
SPEAKER input_mono16k 0 1690.570 9.540 <NA> <NA> 0 <NA> <NA>
SPEAKER input_mono16k 0 1700.580 1.460 <NA> <NA> 5 <NA> <NA>
SPEAKER input_mono16k 0 1712.170 0.870 <NA> <NA> 5 <NA> <NA>
SPEAKER input_mono16k 0 1715.220 2.850 <NA> <NA> 0 <NA> <NA>
SPEAKER input_mono16k 0 1723.680 1.310 <NA> <NA> 1 <NA> <NA>
SPEAKER input_mono16k 0 1725.770 2.510 <NA> <NA> 1 <NA> <NA>
SPEAKER input_mono16k 0 1729.130 2.840 <NA> <NA> 1 <NA> <NA>
SPEAKER input_mono16k 0 1732.320 2.190 <NA> <NA> 1 <NA> <NA>
SPEAKER input_mono16k 0 1735.840 2.210 <NA> <NA> 1 <NA> <NA>
SPEAKER input_mono16k 0 1738.120 2.170 <NA> <NA> 1 <NA> <NA>
SPEAKER input_mono16k 0 1742.160 0.870 <NA> <NA> 1 <NA> <NA>
SPEAKER input_mono16k 0 1743.910 1.050 <NA> <NA> 1 <NA> <NA>
SPEAKER input_mono16k 0 1762.510 1.090 <NA> <NA> 5 <NA> <NA>
SPEAKER input_mono16k 0 1770.380 0.830 <NA> <NA> 5 <NA> <NA>
SPEAKER input_mono16k 0 1781.220 0.910 <NA> <NA> 5 <NA> <NA>
SPEAKER input_mono16k 0 1784.650 0.910 <NA> <NA> 5 <NA> <NA>
SPEAKER input_mono16k 0 1786.110 0.790 <NA> <NA> 5 <NA> <NA>
SPEAKER input_mono16k 0 1788.980 0.850 <NA> <NA> 5 <NA> <NA>
SPEAKER input_mono16k 0 1792.060 0.950 <NA> <NA> 5 <NA> <NA>
SPEAKER input_mono16k 0 1794.010 1.030 <NA> <NA> 5 <NA> <NA>
SPEAKER input_mono16k 0 1796.670 1.020 <NA> <NA> 5 <NA> <NA>
SPEAKER input_mono16k 0 1798.390 0.830 <NA> <NA> 1 <NA> <NA>
SPEAKER input_mono16k 0 1799.300 1.330 <NA> <NA> 1 <NA> <NA>
SPEAKER input_mono16k 0 1801.700 0.890 <NA> <NA> 1 <NA> <NA>
SPEAKER input_mono16k 0 1812.340 0.810 <NA> <NA> 5 <NA> <NA>
SPEAKER input_mono16k 0 1815.510 1.080 <NA> <NA> 5 <NA> <NA>
===SUMMARY_20200709_L_R002S04C01===
{
  "source_audio": "/userdata/meeting_agent/data/audio/train_L/wav/20200709_L_R002S04C01.flac",
  "source_audio_size_human": "190.24 MiB",
  "normalized_wav": "/userdata/meeting_agent/evals/pipeline_outputs/e2e_trainL_full/train_L_20200709_L_R002S04C01/01_segments/input_mono16k.wav",
  "normalized_wav_size_human": "56.82 MiB",
  "audio_duration_seconds": 1862.035,
  "infer_script": "/userdata/3D-Speaker/speakerlab/bin/infer_diarization.py",
  "rttm": "/userdata/meeting_agent/evals/pipeline_outputs/e2e_trainL_full/train_L_20200709_L_R002S04C01/01_segments/3dspeaker_out/input_mono16k.rttm",
  "wav_segments_dir": "/userdata/meeting_agent/evals/pipeline_outputs/e2e_trainL_full/train_L_20200709_L_R002S04C01/01_segments/cut_audio/wav_segments",
  "cut_segments_csv": "/userdata/meeting_agent/evals/pipeline_outputs/e2e_trainL_full/train_L_20200709_L_R002S04C01/01_segments/cut_audio/cut_segments.csv",
  "segment_plan_json": "/userdata/meeting_agent/evals/pipeline_outputs/e2e_trainL_full/train_L_20200709_L_R002S04C01/01_segments/segment_plan/segment_plan.json",
  "params": {
    "pad": 1.0,
    "absorb_unknown_max": 2.0,
    "max_known_segment": 30.0,
    "max_unknown_segment": 20.0,
    "min_segment_duration": 0.05
  },
  "raw_rttm_segments": 382,
  "known_before_absorption_unsplit": 118,
  "unknown_gap_count_before": 86,
  "unknown_gap_seconds_before": 351.706,
  "absorbed_unknown_count": 35,
  "absorbed_unknown_seconds": 22.34,
  "gap_decision_reason_counts": {
    "different_boundary_speakers": 12,
    "leading_gap": 1,
    "over_threshold": 37,
    "same_speaker_bounded_short": 35,
    "trailing_gap": 1
  },
  "known_segments_after_absorption_split": 105,
  "remaining_unknown_count_after_split": 55,
  "remaining_unknown_seconds": 329.366,
  "total_asr_segments_planned": 160,
  "total_asr_segments": 159,
  "skipped_cut_segment_count": 1,
  "skipped_cut_segment_seconds": 0.03,
  "known_seconds_sum": 1587.535,
  "unknown_seconds_sum": 329.366,
  "plan_union_covered_seconds": 1862.035,
  "plan_union_covered_ratio": 1.0,
  "duration_distributions": {
    "unknown_gaps_before": {
      "count": 86,
      "seconds_sum": 351.706,
      "mean": 4.09,
      "min": 0.01,
      "p25": 0.445,
      "p50": 1.475,
      "p75": 4.397,
      "p90": 8.31,
      "max": 44.446,
      "bins": {
        "<1s": 29,
        "1-2s": 18,
        "2-5s": 20,
        "5-10s": 11,
        "10-20s": 5,
        "20-30s": 1,
        ">=30s": 2
      }
    },
    "absorbed_unknown_gaps": {
      "count": 35,
      "seconds_sum": 22.34,
      "mean": 0.638,
      "min": 0.01,
      "p25": 0.325,
      "p50": 0.46,
      "p75": 1.085,
      "p90": 1.264,
      "max": 1.55,
      "bins": {
        "<1s": 23,
        "1-2s": 12,
        "2-5s": 0,
        "5-10s": 0,
        "10-20s": 0,
        "20-30s": 0,
        ">=30s": 0
      }
    },
    "known_after_split": {
      "count": 105,
      "seconds_sum": 1587.535,
      "mean": 15.119,
      "min": 2.61,
      "p25": 3.97,
      "p50": 12.6,
      "p75": 27.41,
      "p90": 30.0,
      "max": 30.0,
      "bins": {
        "<1s": 0,
        "1-2s": 0,
        "2-5s": 30,
        "5-10s": 14,
        "10-20s": 25,
        "20-30s": 14,
        ">=30s": 22
      }
    },
    "unknown_after_split": {
      "count": 55,
      "seconds_sum": 329.366,
      "mean": 5.988,
      "min": 0.03,
      "p25": 2.23,
      "p50": 4.11,
      "p75": 7.32,
      "p90": 16.33,
      "max": 20.0,
      "bins": {
        "<1s": 6,
        "1-2s": 6,
        "2-5s": 21,
        "5-10s": 12,
        "10-20s": 6,
        "20-30s": 4,
        ">=30s": 0
      }
    }
  },
  "cut_wav_segments_size_human": "58.50 MiB",
  "cut_vs_normalized_wav_ratio": 1.029565,
  "storage_keep_source_and_segments_human": "248.75 MiB",
  "storage_keep_normalized_and_segments_human": "115.33 MiB",
  "normalize_report": {
    "cmd": [
      "sox",
      "/userdata/meeting_agent/data/audio/train_L/wav/20200709_L_R002S04C01.flac",
      "-r",
      "16000",
      "-c",
      "1",
      "-b",
      "16",
      "/userdata/meeting_agent/evals/pipeline_outputs/e2e_trainL_full/train_L_20200709_L_R002S04C01/01_segments/input_mono16k.wav"
    ],
    "return_code": 0,
    "elapsed_seconds": 5.041,
    "log": null,
    "output_tail": "",
    "output": "/userdata/meeting_agent/evals/pipeline_outputs/e2e_trainL_full/train_L_20200709_L_R002S04C01/01_segments/input_mono16k.wav",
    "duration_seconds": 1862.0355
  },
  "diarization_report": {
    "cmd": [
      "/userdata/miniforge3/envs/3dspeaker/bin/python",
      "/userdata/3D-Speaker/speakerlab/bin/infer_diarization.py",
      "--wav",
      "/userdata/meeting_agent/evals/pipeline_outputs/e2e_trainL_full/train_L_20200709_L_R002S04C01/01_segments/input_mono16k.wav",
      "--out_dir",
      "/userdata/meeting_agent/evals/pipeline_outputs/e2e_trainL_full/train_L_20200709_L_R002S04C01/01_segments/3dspeaker_out"
    ],
    "return_code": 0,
    "elapsed_seconds": 191.833,
    "log": "/userdata/meeting_agent/evals/pipeline_outputs/e2e_trainL_full/train_L_20200709_L_R002S04C01/01_segments/logs/3dspeaker.log",
    "output_tail": "2026-08-21 13:51:08,079 | INFO    | modelscope_hub.download | Downloading 11 files from iic/speech_campplus_sv_zh_en_16k-common_advanced@v1.0.0\n\nDownloading:   0%|          | 0/11 [00:00<?, ?file/s]\nDownloading: 100%|██████████| 11/11 [00:00<00:00, 197.19file/s]\n2026-08-21 13:51:09,708 | INFO    | modelscope_hub.download | Downloading 8 files from iic/speech_fsmn_vad_zh-cn-16k-common-pytorch@v2.0.4\n\nDownloading:   0%|          | 0/8 [00:00<?, ?file/s]\nDownloading: 100%|██████████| 8/8 [00:00<00:00, 546.02file/s]\n2026-08-21 13:51:14,139 [INFO] download models from model hub: ms\n2026-08-21 13:51:14,166 [WARNING] trust_remote_code: False\n2026-08-21 13:51:14,183 [INFO] Loading pretrained params from /userdata/modelscope_cache/models/iic--speech_fsmn_vad_zh-cn-16k-common-pytorch/snapshots/v2.0.4/model.pt\n2026-08-21 13:51:14,184 [INFO] ckpt: /userdata/modelscope_cache/models/iic--speech_fsmn_vad_zh-cn-16k-common-pytorch/snapshots/v2.0.4/model.pt\n2026-08-21 13:51:14,195 [INFO] scope_map: ['module.', 'None']\n2026-08-21 13:51:14,196 [INFO] excludes: None\n2026-08-21 13:51:14,198 [INFO] Loading ckpt: /userdata/modelscope_cache/models/iic--speech_fsmn_vad_zh-cn-16k-common-pytorch/snapshots/v2.0.4/model.pt, status: <All keys matched successfully>\n[INFO]: Model downloaded successfully.\n[INFO]: No GPUs detected.\n[INFO]: Set 1 processes to extract embeddings.\n2026-08-21 13:51:39,678 | INFO    | modelscope_hub.download | Downloading 11 files from iic/speech_campplus_sv_zh_en_16k-common_advanced@v1.0.0\n\nDownloading:   0%|          | 0/11 [00:00<?, ?file/s]\nDownloading: 100%|██████████| 11/11 [00:00<00:00, 205.93file/s]\n2026-08-21 13:51:41,700 | INFO    | modelscope_hub.download | Downloading 8 files from iic/speech_fsmn_vad_zh-cn-16k-common-pytorch@v2.0.4\n\nDownloading:   0%|          | 0/8 [00:00<?, ?file/s]\nDownloading: 100%|██████████| 8/8 [00:00<00:00, 484.49file/s]\n2026-08-21 13:51:46,079 [INFO] download models from model hub: ms\n2026-08-21 13:51:46,106 [WARNING] trust_remote_code: False\n2026-08-21 13:51:46,122 [INFO] Loading pretrained params from /userdata/modelscope_cache/models/iic--speech_fsmn_vad_zh-cn-16k-common-pytorch/snapshots/v2.0.4/model.pt\n2026-08-21 13:51:46,123 [INFO] ckpt: /userdata/modelscope_cache/models/iic--speech_fsmn_vad_zh-cn-16k-common-pytorch/snapshots/v2.0.4/model.pt\n2026-08-21 13:51:46,134 [INFO] scope_map: ['module.', 'None']\n2026-08-21 13:51:46,134 [INFO] excludes: None\n2026-08-21 13:51:46,137 [INFO] Loading ckpt: /userdata/modelscope_cache/models/iic--speech_fsmn_vad_zh-cn-16k-common-pytorch/snapshots/v2.0.4/model.pt, status: <All keys matched successfully>\n\nRank 0 processing:   0%|          | 0/1 [00:00<?, ?it/s]\nRank 0 processing: 100%|██████████| 1/1 [01:59<00:00, 119.38s/it]\nRank 0 processing: 100%|██████████| 1/1 [01:59<00:00, 119.38s/it]\n"
  }
}
===DONE===

===== STDERR =====
close - IO is still pending on closed socket. read:1, write:0, io:00000111C0A4DA00

