# cmd file : 0052_cat_vad_thr_rttm.txt
# started  : 2026-09-10T17:40:09
# exit code: 0

===== STDOUT =====
===RTTM_thr0.4===
SPEAKER input_mono16k 0 37.660 2.560 <NA> <NA> 2 <NA> <NA>
SPEAKER input_mono16k 0 42.640 0.930 <NA> <NA> 1 <NA> <NA>
SPEAKER input_mono16k 0 44.440 1.590 <NA> <NA> 3 <NA> <NA>
SPEAKER input_mono16k 0 47.010 0.800 <NA> <NA> 5 <NA> <NA>
SPEAKER input_mono16k 0 48.290 1.310 <NA> <NA> 0 <NA> <NA>
SPEAKER input_mono16k 0 52.620 5.050 <NA> <NA> 2 <NA> <NA>
SPEAKER input_mono16k 0 58.300 2.200 <NA> <NA> 2 <NA> <NA>
SPEAKER input_mono16k 0 64.160 1.510 <NA> <NA> 1 <NA> <NA>
SPEAKER input_mono16k 0 66.300 1.360 <NA> <NA> 1 <NA> <NA>
SPEAKER input_mono16k 0 71.280 1.500 <NA> <NA> 1 <NA> <NA>
SPEAKER input_mono16k 0 74.230 0.960 <NA> <NA> 1 <NA> <NA>
SPEAKER input_mono16k 0 78.850 0.910 <NA> <NA> 1 <NA> <NA>
SPEAKER input_mono16k 0 81.650 0.760 <NA> <NA> 1 <NA> <NA>
SPEAKER input_mono16k 0 88.110 0.780 <NA> <NA> 4 <NA> <NA>
SPEAKER input_mono16k 0 91.680 0.880 <NA> <NA> 4 <NA> <NA>
SPEAKER input_mono16k 0 93.170 1.630 <NA> <NA> 4 <NA> <NA>
SPEAKER input_mono16k 0 104.040 3.020 <NA> <NA> 4 <NA> <NA>
SPEAKER input_mono16k 0 107.830 1.660 <NA> <NA> 4 <NA> <NA>
SPEAKER input_mono16k 0 118.040 1.800 <NA> <NA> 4 <NA> <NA>
SPEAKER input_mono16k 0 122.560 1.160 <NA> <NA> 4 <NA> <NA>
SPEAKER input_mono16k 0 129.850 1.110 <NA> <NA> 1 <NA> <NA>
SPEAKER input_mono16k 0 137.010 0.890 <NA> <NA> 4 <NA> <NA>
SPEAKER input_mono16k 0 141.250 1.180 <NA> <NA> 1 <NA> <NA>
SPEAKER input_mono16k 0 145.500 0.860 <NA> <NA> 1 <NA> <NA>
SPEAKER input_mono16k 0 147.890 3.050 <NA> <NA> 1 <NA> <NA>
SPEAKER input_mono16k 0 152.060 3.280 <NA> <NA> 1 <NA> <NA>
SPEAKER input_mono16k 0 156.210 1.250 <NA> <NA> 4 <NA> <NA>
SPEAKER input_mono16k 0 166.290 0.960 <NA> <NA> 1 <NA> <NA>
SPEAKER input_mono16k 0 173.060 0.940 <NA> <NA> 4 <NA> <NA>
SPEAKER input_mono16k 0 176.900 1.190 <NA> <NA> 4 <NA> <NA>
SPEAKER input_mono16k 0 180.530 1.020 <NA> <NA> 4 <NA> <NA>
SPEAKER input_mono16k 0 184.820 0.820 <NA> <NA> 4 <NA> <NA>
SPEAKER input_mono16k 0 187.460 0.780 <NA> <NA> 4 <NA> <NA>
SPEAKER input_mono16k 0 190.200 2.000 <NA> <NA> 1 <NA> <NA>
SPEAKER input_mono16k 0 193.480 0.870 <NA> <NA> 4 <NA> <NA>
SPEAKER input_mono16k 0 197.450 0.940 <NA> <NA> 4 <NA> <NA>
SPEAKER input_mono16k 0 201.870 1.870 <NA> <NA> 1 <NA> <NA>
SPEAKER input_mono16k 0 204.390 0.990 <NA> <NA> 1 <NA> <NA>
SPEAKER input_mono16k 0 205.660 1.810 <NA> <NA> 1 <NA> <NA>
SPEAKER input_mono16k 0 208.580 1.560 <NA> <NA> 1 <NA> <NA>
SPEAKER input_mono16k 0 211.280 2.800 <NA> <NA> 4 <NA> <NA>
SPEAKER input_mono16k 0 214.960 0.760 <NA> <NA> 4 <NA> <NA>
SPEAKER input_mono16k 0 217.060 0.760 <NA> <NA> 4 <NA> <NA>
SPEAKER input_mono16k 0 219.130 1.490 <NA> <NA> 4 <NA> <NA>
SPEAKER input_mono16k 0 222.160 1.220 <NA> <NA> 1 <NA> <NA>
SPEAKER input_mono16k 0 224.100 3.760 <NA> <NA> 4 <NA> <NA>
SPEAKER input_mono16k 0 229.120 0.910 <NA> <NA> 1 <NA> <NA>
SPEAKER input_mono16k 0 231.350 2.550 <NA> <NA> 4 <NA> <NA>
SPEAKER input_mono16k 0 234.680 0.820 <NA> <NA> 4 <NA> <NA>
SPEAKER input_mono16k 0 240.490 1.125 <NA> <NA> 1 <NA> <NA>
SPEAKER input_mono16k 0 241.615 2.005 <NA> <NA> 4 <NA> <NA>
SPEAKER input_mono16k 0 247.910 2.400 <NA> <NA> 1 <NA> <NA>
SPEAKER input_mono16k 0 253.230 1.690 <NA> <NA> 4 <NA> <NA>
SPEAKER input_mono16k 0 257.550 1.590 <NA> <NA> 4 <NA> <NA>
SPEAKER input_mono16k 0 259.700 1.190 <NA> <NA> 1 <NA> <NA>
SPEAKER input_mono16k 0 267.400 0.950 <NA> <NA> 1 <NA> <NA>
SPEAKER input_mono16k 0 281.150 2.780 <NA> <NA> 1 <NA> <NA>
SPEAKER input_mono16k 0 285.030 1.120 <NA> <NA> 1 <NA> <NA>
SPEAKER input_mono16k 0 286.950 3.280 <NA> <NA> 3 <NA> <NA>
SPEAKER input_mono16k 0 291.760 1.010 <NA> <NA> 3 <NA> <NA>
SPEAKER input_mono16k 0 293.050 2.060 <NA> <NA> 1 <NA> <NA>
SPEAKER input_mono16k 0 295.850 2.300 <NA> <NA> 3 <NA> <NA>
SPEAKER input_mono16k 0 298.810 1.460 <NA> <NA> 3 <NA> <NA>
SPEAKER input_mono16k 0 301.670 2.500 <NA> <NA> 3 <NA> <NA>
SPEAKER input_mono16k 0 304.450 5.010 <NA> <NA> 3 <NA> <NA>
SPEAKER input_mono16k 0 310.510 3.900 <NA> <NA> 3 <NA> <NA>
SPEAKER input_mono16k 0 315.100 1.125 <NA> <NA> 3 <NA> <NA>
SPEAKER input_mono16k 0 316.225 0.405 <NA> <NA> 1 <NA> <NA>
SPEAKER input_mono16k 0 316.910 2.740 <NA> <NA> 1 <NA> <NA>
SPEAKER input_mono16k 0 320.230 2.280 <NA> <NA> 3 <NA> <NA>
SPEAKER input_mono16k 0 323.240 3.940 <NA> <NA> 3 <NA> <NA>
SPEAKER input_mono16k 0 327.940 6.660 <NA> <NA> 3 <NA> <NA>
SPEAKER input_mono16k 0 334.880 2.070 <NA> <NA> 3 <NA> <NA>
SPEAKER input_mono16k 0 338.050 5.820 <NA> <NA> 3 <NA> <NA>
SPEAKER input_mono16k 0 344.150 2.800 <NA> <NA> 3 <NA> <NA>
SPEAKER input_mono16k 0 347.410 2.410 <NA> <NA> 3 <NA> <NA>
SPEAKER input_mono16k 0 350.100 2.850 <NA> <NA> 1 <NA> <NA>
SPEAKER input_mono16k 0 354.240 2.020 <NA> <NA> 3 <NA> <NA>
SPEAKER input_mono16k 0 356.540 3.670 <NA> <NA> 3 <NA> <NA>
SPEAKER input_mono16k 0 360.960 1.125 <NA> <NA> 1 <NA> <NA>
SPEAKER input_mono16k 0 362.085 7.225 <NA> <NA> 3 <NA> <NA>
SPEAKER input_mono16k 0 370.580 2.260 <NA> <NA> 1 <NA> <NA>
SPEAKER input_mono16k 0 373.120 1.390 <NA> <NA> 1 <NA> <NA>
SPEAKER input_mono16k 0 374.790 2.120 <NA> <NA> 3 <NA> <NA>
SPEAKER input_mono16k 0 377.620 2.200 <NA> <NA> 1 <NA> <NA>
SPEAKER input_mono16k 0 381.670 1.210 <NA> <NA> 3 <NA> <NA>
SPEAKER input_mono16k 0 383.160 1.230 <NA> <NA> 3 <NA> <NA>
SPEAKER input_mono16k 0 391.350 4.890 <NA> <NA> 3 <NA> <NA>
SPEAKER input_mono16k 0 396.930 2.390 <NA> <NA> 1 <NA> <NA>
SPEAKER input_mono16k 0 399.970 1.560 <NA> <NA> 1 <NA> <NA>
SPEAKER input_mono16k 0 401.810 0.900 <NA> <NA> 1 <NA> <NA>
SPEAKER input_mono16k 0 403.020 2.430 <NA> <NA> 3 <NA> <NA>
SPEAKER input_mono16k 0 412.760 3.830 <NA> <NA> 3 <NA> <NA>
SPEAKER input_mono16k 0 417.970 1.840 <NA> <NA> 1 <NA> <NA>
SPEAKER input_mono16k 0 427.550 0.940 <NA> <NA> 4 <NA> <NA>
SPEAKER input_mono16k 0 434.240 2.090 <NA> <NA> 4 <NA> <NA>
SPEAKER input_mono16k 0 436.830 0.860 <NA> <NA> 4 <NA> <NA>
SPEAKER input_mono16k 0 438.770 0.810 <NA> <NA> 3 <NA> <NA>
SPEAKER input_mono16k 0 442.300 5.820 <NA> <NA> 3 <NA> <NA>
SPEAKER input_mono16k 0 448.400 1.320 <NA> <NA> 3 <NA> <NA>
SPEAKER input_mono16k 0 456.670 0.850 <NA> <NA> 4 <NA> <NA>
SPEAKER input_mono16k 0 463.080 0.930 <NA> <NA> 4 <NA> <NA>
SPEAKER input_mono16k 0 476.130 3.250 <NA> <NA> 1 <NA> <NA>
SPEAKER input_mono16k 0 481.740 1.000 <NA> <NA> 1 <NA> <NA>
SPEAKER input_mono16k 0 483.360 4.900 <NA> <NA> 1 <NA> <NA>
SPEAKER input_mono16k 0 488.810 1.950 <NA> <NA> 4 <NA> <NA>
SPEAKER input_mono16k 0 493.800 2.000 <NA> <NA> 4 <NA> <NA>
SPEAKER input_mono16k 0 501.100 1.200 <NA> <NA> 1 <NA> <NA>
SPEAKER input_mono16k 0 503.360 1.430 <NA> <NA> 1 <NA> <NA>
SPEAKER input_mono16k 0 508.720 1.040 <NA> <NA> 1 <NA> <NA>
SPEAKER input_mono16k 0 516.000 0.930 <NA> <NA> 1 <NA> <NA>
SPEAKER input_mono16k 0 522.940 1.050 <NA> <NA> 0 <NA> <NA>
SPEAKER input_mono16k 0 525.000 1.010 <NA> <NA> 4 <NA> <NA>
SPEAKER input_mono16k 0 528.770 1.800 <NA> <NA> 1 <NA> <NA>
SPEAKER input_mono16k 0 534.670 1.090 <NA> <NA> 1 <NA> <NA>
SPEAKER input_mono16k 0 537.020 0.850 <NA> <NA> 1 <NA> <NA>
SPEAKER input_mono16k 0 541.950 2.410 <NA> <NA> 1 <NA> <NA>
SPEAKER input_mono16k 0 546.740 1.470 <NA> <NA> 0 <NA> <NA>
SPEAKER input_mono16k 0 551.140 0.980 <NA> <NA> 0 <NA> <NA>
SPEAKER input_mono16k 0 552.470 2.310 <NA> <NA> 0 <NA> <NA>
SPEAKER input_mono16k 0 558.770 3.420 <NA> <NA> 0 <NA> <NA>
SPEAKER input_mono16k 0 562.630 1.900 <NA> <NA> 0 <NA> <NA>
SPEAKER input_mono16k 0 564.810 1.960 <NA> <NA> 5 <NA> <NA>
SPEAKER input_mono16k 0 569.000 3.150 <NA> <NA> 0 <NA> <NA>
SPEAKER input_mono16k 0 574.850 5.570 <NA> <NA> 0 <NA> <NA>
SPEAKER input_mono16k 0 582.420 1.110 <NA> <NA> 0 <NA> <NA>
SPEAKER input_mono16k 0 584.420 1.130 <NA> <NA> 0 <NA> <NA>
SPEAKER input_mono16k 0 586.790 6.870 <NA> <NA> 0 <NA> <NA>
SPEAKER input_mono16k 0 595.350 1.150 <NA> <NA> 0 <NA> <NA>
SPEAKER input_mono16k 0 597.840 1.530 <NA> <NA> 0 <NA> <NA>
SPEAKER input_mono16k 0 599.650 3.580 <NA> <NA> 0 <NA> <NA>
SPEAKER input_mono16k 0 605.540 6.250 <NA> <NA> 0 <NA> <NA>
SPEAKER input_mono16k 0 612.070 2.890 <NA> <NA> 0 <NA> <NA>
SPEAKER input_mono16k 0 615.300 1.125 <NA> <NA> 1 <NA> <NA>
SPEAKER input_mono16k 0 616.425 0.385 <NA> <NA> 0 <NA> <NA>
SPEAKER input_mono16k 0 617.630 2.940 <NA> <NA> 0 <NA> <NA>
SPEAKER input_mono16k 0 621.760 1.490 <NA> <NA> 1 <NA> <NA>
SPEAKER input_mono16k 0 627.370 1.125 <NA> <NA> 1 <NA> <NA>
SPEAKER input_mono16k 0 628.495 0.750 <NA> <NA> 0 <NA> <NA>
SPEAKER input_mono16k 0 629.245 0.750 <NA> <NA> 1 <NA> <NA>
SPEAKER input_mono16k 0 629.995 1.935 <NA> <NA> 0 <NA> <NA>
SPEAKER input_mono16k 0 632.210 0.980 <NA> <NA> 0 <NA> <NA>
SPEAKER input_mono16k 0 635.080 1.125 <NA> <NA> 1 <NA> <NA>
SPEAKER input_mono16k 0 636.205 2.185 <NA> <NA> 5 <NA> <NA>
SPEAKER input_mono16k 0 638.830 0.950 <NA> <NA> 5 <NA> <NA>
SPEAKER input_mono16k 0 640.800 5.900 <NA> <NA> 5 <NA> <NA>
SPEAKER input_mono16k 0 648.410 7.580 <NA> <NA> 0 <NA> <NA>
SPEAKER input_mono16k 0 657.170 1.010 <NA> <NA> 0 <NA> <NA>
SPEAKER input_mono16k 0 658.460 0.770 <NA> <NA> 0 <NA> <NA>
SPEAKER input_mono16k 0 659.510 1.780 <NA> <NA> 0 <NA> <NA>
SPEAKER input_mono16k 0 661.900 1.110 <NA> <NA> 1 <NA> <NA>
SPEAKER input_mono16k 0 666.430 2.760 <NA> <NA> 1 <NA> <NA>
SPEAKER input_mono16k 0 670.400 0.780 <NA> <NA> 1 <NA> <NA>
SPEAKER input_mono16k 0 671.840 1.760 <NA> <NA> 4 <NA> <NA>
SPEAKER input_mono16k 0 675.740 0.840 <NA> <NA> 0 <NA> <NA>
SPEAKER input_mono16k 0 677.920 7.060 <NA> <NA> 0 <NA> <NA>
SPEAKER input_mono16k 0 687.130 3.780 <NA> <NA> 1 <NA> <NA>
SPEAKER input_mono16k 0 697.520 2.170 <NA> <NA> 2 <NA> <NA>
SPEAKER input_mono16k 0 707.280 0.980 <NA> <NA> 4 <NA> <NA>
SPEAKER input_mono16k 0 709.410 1.125 <NA> <NA> 1 <NA> <NA>
SPEAKER input_mono16k 0 710.535 1.365 <NA> <NA> 4 <NA> <NA>
SPEAKER input_mono16k 0 720.080 1.125 <NA> <NA> 2 <NA> <NA>
SPEAKER input_mono16k 0 721.205 0.635 <NA> <NA> 4 <NA> <NA>
SPEAKER input_mono16k 0 723.680 1.100 <NA> <NA> 4 <NA> <NA>
SPEAKER input_mono16k 0 730.470 0.820 <NA> <NA> 3 <NA> <NA>
SPEAKER input_mono16k 0 733.100 2.580 <NA> <NA> 4 <NA> <NA>
SPEAKER input_mono16k 0 738.830 1.540 <NA> <NA> 1 <NA> <NA>
SPEAKER input_mono16k 0 758.580 1.580 <NA> <NA> 4 <NA> <NA>
SPEAKER input_mono16k 0 762.620 0.990 <NA> <NA> 4 <NA> <NA>
SPEAKER input_mono16k 0 766.130 0.800 <NA> <NA> 4 <NA> <NA>
SPEAKER input_mono16k 0 769.470 1.210 <NA> <NA> 4 <NA> <NA>
SPEAKER input_mono16k 0 772.770 0.970 <NA> <NA> 4 <NA> <NA>
SPEAKER input_mono16k 0 778.890 1.125 <NA> <NA> 3 <NA> <NA>
SPEAKER input_mono16k 0 780.015 0.455 <NA> <NA> 1 <NA> <NA>
SPEAKER input_mono16k 0 786.590 0.930 <NA> <NA> 4 <NA> <NA>
SPEAKER input_mono16k 0 791.500 1.240 <NA> <NA> 4 <NA> <NA>
SPEAKER input_mono16k 0 820.890 1.010 <NA> <NA> 3 <NA> <NA>
SPEAKER input_mono16k 0 822.180 0.870 <NA> <NA> 1 <NA> <NA>
SPEAKER input_mono16k 0 825.300 0.980 <NA> <NA> 1 <NA> <NA>
SPEAKER input_mono16k 0 838.070 2.730 <NA> <NA> 1 <NA> <NA>
SPEAKER input_mono16k 0 843.560 3.170 <NA> <NA> 0 <NA> <NA>
SPEAKER input_mono16k 0 847.090 1.050 <NA> <NA> 0 <NA> <NA>
SPEAKER input_mono16k 0 849.400 0.940 <NA> <NA> 0 <NA> <NA>
SPEAKER input_mono16k 0 850.620 1.600 <NA> <NA> 0 <NA> <NA>
SPEAKER input_mono16k 0 852.720 1.910 <NA> <NA> 0 <NA> <NA>
SPEAKER input_mono16k 0 856.150 1.030 <NA> <NA> 0 <NA> <NA>
SPEAKER input_mono16k 0 861.540 1.510 <NA> <NA> 0 <NA> <NA>
SPEAKER input_mono16k 0 864.350 1.820 <NA> <NA> 4 <NA> <NA>
SPEAKER input_mono16k 0 871.100 2.020 <NA> <NA> 1 <NA> <NA>
SPEAKER input_mono16k 0 874.170 1.480 <NA> <NA> 1 <NA> <NA>
SPEAKER input_mono16k 0 876.080 0.800 <NA> <NA> 1 <NA> <NA>
SPEAKER input_mono16k 0 881.410 0.900 <NA> <NA> 5 <NA> <NA>
SPEAKER input_mono16k 0 883.680 1.320 <NA> <NA> 5 <NA> <NA>
SPEAKER input_mono16k 0 885.720 1.125 <NA> <NA> 5 <NA> <NA>
SPEAKER input_mono16k 0 886.845 1.165 <NA> <NA> 1 <NA> <NA>
SPEAKER input_mono16k 0 898.310 1.820 <NA> <NA> 0 <NA> <NA>
SPEAKER input_mono16k 0 901.770 1.390 <NA> <NA> 1 <NA> <NA>
SPEAKER input_mono16k 0 904.870 1.650 <NA> <NA> 1 <NA> <NA>
SPEAKER input_mono16k 0 907.520 0.820 <NA> <NA> 1 <NA> <NA>
SPEAKER input_mono16k 0 909.870 1.880 <NA> <NA> 0 <NA> <NA>
SPEAKER input_mono16k 0 914.500 1.810 <NA> <NA> 0 <NA> <NA>
SPEAKER input_mono16k 0 916.640 1.070 <NA> <NA> 0 <NA> <NA>
SPEAKER input_mono16k 0 917.990 1.920 <NA> <NA> 0 <NA> <NA>
SPEAKER input_mono16k 0 920.380 1.130 <NA> <NA> 0 <NA> <NA>
SPEAKER input_mono16k 0 922.630 2.770 <NA> <NA> 0 <NA> <NA>
SPEAKER input_mono16k 0 926.240 1.000 <NA> <NA> 0 <NA> <NA>
SPEAKER input_mono16k 0 927.520 1.320 <NA> <NA> 0 <NA> <NA>
SPEAKER input_mono16k 0 930.880 4.250 <NA> <NA> 0 <NA> <NA>
SPEAKER input_mono16k 0 935.770 0.880 <NA> <NA> 0 <NA> <NA>
SPEAKER input_mono16k 0 938.080 1.990 <NA> <NA> 0 <NA> <NA>
SPEAKER input_mono16k 0 940.600 1.580 <NA> <NA> 0 <NA> <NA>
SPEAKER input_mono16k 0 943.140 3.200 <NA> <NA> 0 <NA> <NA>
SPEAKER input_mono16k 0 949.420 1.630 <NA> <NA> 1 <NA> <NA>
SPEAKER input_mono16k 0 951.330 0.760 <NA> <NA> 1 <NA> <NA>
SPEAKER input_mono16k 0 952.920 0.970 <NA> <NA> 5 <NA> <NA>
SPEAKER input_mono16k 0 954.170 1.090 <NA> <NA> 5 <NA> <NA>
SPEAKER input_mono16k 0 956.110 0.760 <NA> <NA> 5 <NA> <NA>
SPEAKER input_mono16k 0 958.010 0.810 <NA> <NA> 5 <NA> <NA>
SPEAKER input_mono16k 0 959.150 4.230 <NA> <NA> 5 <NA> <NA>
SPEAKER input_mono16k 0 964.830 2.150 <NA> <NA> 5 <NA> <NA>
SPEAKER input_mono16k 0 967.260 1.150 <NA> <NA> 5 <NA> <NA>
SPEAKER input_mono16k 0 969.020 4.430 <NA> <NA> 5 <NA> <NA>
SPEAKER input_mono16k 0 974.350 1.580 <NA> <NA> 5 <NA> <NA>
SPEAKER input_mono16k 0 976.640 4.050 <NA> <NA> 1 <NA> <NA>
SPEAKER input_mono16k 0 981.800 1.540 <NA> <NA> 5 <NA> <NA>
SPEAKER input_mono16k 0 983.670 3.020 <NA> <NA> 5 <NA> <NA>
SPEAKER input_mono16k 0 987.670 4.380 <NA> <NA> 5 <NA> <NA>
SPEAKER input_mono16k 0 992.810 5.710 <NA> <NA> 5 <NA> <NA>
SPEAKER input_mono16k 0 998.960 0.960 <NA> <NA> 5 <NA> <NA>
SPEAKER input_mono16k 0 1000.400 1.380 <NA> <NA> 5 <NA> <NA>
SPEAKER input_mono16k 0 1002.250 1.810 <NA> <NA> 5 <NA> <NA>
SPEAKER input_mono16k 0 1005.200 0.880 <NA> <NA> 5 <NA> <NA>
SPEAKER input_mono16k 0 1007.270 1.060 <NA> <NA> 5 <NA> <NA>
SPEAKER input_mono16k 0 1013.350 4.730 <NA> <NA> 1 <NA> <NA>
SPEAKER input_mono16k 0 1022.710 4.120 <NA> <NA> 5 <NA> <NA>
SPEAKER input_mono16k 0 1027.140 1.630 <NA> <NA> 0 <NA> <NA>
SPEAKER input_mono16k 0 1029.490 0.790 <NA> <NA> 0 <NA> <NA>
SPEAKER input_mono16k 0 1031.360 1.220 <NA> <NA> 5 <NA> <NA>
SPEAKER input_mono16k 0 1033.900 2.720 <NA> <NA> 1 <NA> <NA>
SPEAKER input_mono16k 0 1037.070 1.125 <NA> <NA> 1 <NA> <NA>
SPEAKER input_mono16k 0 1038.195 0.750 <NA> <NA> 5 <NA> <NA>
SPEAKER input_mono16k 0 1038.945 1.500 <NA> <NA> 1 <NA> <NA>
SPEAKER input_mono16k 0 1040.445 0.750 <NA> <NA> 3 <NA> <NA>
SPEAKER input_mono16k 0 1041.195 0.750 <NA> <NA> 1 <NA> <NA>
SPEAKER input_mono16k 0 1041.945 2.375 <NA> <NA> 0 <NA> <NA>
SPEAKER input_mono16k 0 1045.720 0.860 <NA> <NA> 5 <NA> <NA>
SPEAKER input_mono16k 0 1047.480 2.625 <NA> <NA> 5 <NA> <NA>
SPEAKER input_mono16k 0 1050.105 2.250 <NA> <NA> 0 <NA> <NA>
SPEAKER input_mono16k 0 1052.355 4.365 <NA> <NA> 5 <NA> <NA>
SPEAKER input_mono16k 0 1059.430 0.830 <NA> <NA> 4 <NA> <NA>
SPEAKER input_mono16k 0 1060.540 4.800 <NA> <NA> 1 <NA> <NA>
SPEAKER input_mono16k 0 1065.780 3.220 <NA> <NA> 1 <NA> <NA>
SPEAKER input_mono16k 0 1071.780 1.410 <NA> <NA> 4 <NA> <NA>
SPEAKER input_mono16k 0 1074.610 0.910 <NA> <NA> 4 <NA> <NA>
SPEAKER input_mono16k 0 1075.880 1.560 <NA> <NA> 4 <NA> <NA>
SPEAKER input_mono16k 0 1078.310 1.010 <NA> <NA> 4 <NA> <NA>
SPEAKER input_mono16k 0 1081.700 1.610 <NA> <NA> 4 <NA> <NA>
SPEAKER input_mono16k 0 1086.180 0.870 <NA> <NA> 1 <NA> <NA>
SPEAKER input_mono16k 0 1087.770 1.480 <NA> <NA> 4 <NA> <NA>
SPEAKER input_mono16k 0 1099.370 2.940 <NA> <NA> 5 <NA> <NA>
SPEAKER input_mono16k 0 1102.590 1.610 <NA> <NA> 5 <NA> <NA>
SPEAKER input_mono16k 0 1104.980 1.570 <NA> <NA> 5 <NA> <NA>
SPEAKER input_mono16k 0 1106.830 1.960 <NA> <NA> 5 <NA> <NA>
SPEAKER input_mono16k 0 1109.880 3.180 <NA> <NA> 1 <NA> <NA>
SPEAKER input_mono16k 0 1118.190 1.530 <NA> <NA> 1 <NA> <NA>
SPEAKER input_mono16k 0 1121.450 0.980 <NA> <NA> 4 <NA> <NA>
SPEAKER input_mono16k 0 1127.570 2.625 <NA> <NA> 1 <NA> <NA>
SPEAKER input_mono16k 0 1130.195 2.865 <NA> <NA> 5 <NA> <NA>
SPEAKER input_mono16k 0 1135.680 0.990 <NA> <NA> 1 <NA> <NA>
SPEAKER input_mono16k 0 1137.650 1.010 <NA> <NA> 4 <NA> <NA>
SPEAKER input_mono16k 0 1141.590 0.980 <NA> <NA> 0 <NA> <NA>
SPEAKER input_mono16k 0 1148.400 5.080 <NA> <NA> 1 <NA> <NA>
SPEAKER input_mono16k 0 1153.780 1.170 <NA> <NA> 1 <NA> <NA>
SPEAKER input_mono16k 0 1157.070 1.030 <NA> <NA> 0 <NA> <NA>
SPEAKER input_mono16k 0 1158.700 1.000 <NA> <NA> 0 <NA> <NA>
SPEAKER input_mono16k 0 1161.860 1.125 <NA> <NA> 0 <NA> <NA>
SPEAKER input_mono16k 0 1162.985 1.325 <NA> <NA> 1 <NA> <NA>
SPEAKER input_mono16k 0 1165.700 1.510 <NA> <NA> 0 <NA> <NA>
SPEAKER input_mono16k 0 1167.490 0.910 <NA> <NA> 0 <NA> <NA>
SPEAKER input_mono16k 0 1168.680 1.410 <NA> <NA> 0 <NA> <NA>
SPEAKER input_mono16k 0 1170.420 1.900 <NA> <NA> 0 <NA> <NA>
SPEAKER input_mono16k 0 1174.200 3.420 <NA> <NA> 1 <NA> <NA>
SPEAKER input_mono16k 0 1179.120 1.690 <NA> <NA> 1 <NA> <NA>
SPEAKER input_mono16k 0 1181.480 1.360 <NA> <NA> 0 <NA> <NA>
SPEAKER input_mono16k 0 1183.570 0.990 <NA> <NA> 0 <NA> <NA>
SPEAKER input_mono16k 0 1184.910 3.570 <NA> <NA> 0 <NA> <NA>
SPEAKER input_mono16k 0 1188.760 1.125 <NA> <NA> 0 <NA> <NA>
SPEAKER input_mono16k 0 1189.885 0.750 <NA> <NA> 3 <NA> <NA>
SPEAKER input_mono16k 0 1190.635 1.155 <NA> <NA> 4 <NA> <NA>
SPEAKER input_mono16k 0 1192.260 1.125 <NA> <NA> 1 <NA> <NA>
SPEAKER input_mono16k 0 1193.385 0.605 <NA> <NA> 5 <NA> <NA>
SPEAKER input_mono16k 0 1195.100 1.300 <NA> <NA> 5 <NA> <NA>
SPEAKER input_mono16k 0 1199.900 5.630 <NA> <NA> 1 <NA> <NA>
SPEAKER input_mono16k 0 1205.810 2.610 <NA> <NA> 1 <NA> <NA>
SPEAKER input_mono16k 0 1215.260 1.620 <NA> <NA> 3 <NA> <NA>
SPEAKER input_mono16k 0 1217.180 2.390 <NA> <NA> 3 <NA> <NA>
SPEAKER input_mono16k 0 1220.770 2.300 <NA> <NA> 3 <NA> <NA>
SPEAKER input_mono16k 0 1223.810 3.730 <NA> <NA> 3 <NA> <NA>
SPEAKER input_mono16k 0 1228.840 2.180 <NA> <NA> 3 <NA> <NA>
SPEAKER input_mono16k 0 1236.730 0.770 <NA> <NA> 5 <NA> <NA>
SPEAKER input_mono16k 0 1237.780 2.390 <NA> <NA> 5 <NA> <NA>
SPEAKER input_mono16k 0 1243.340 1.830 <NA> <NA> 1 <NA> <NA>
SPEAKER input_mono16k 0 1245.790 1.125 <NA> <NA> 1 <NA> <NA>
SPEAKER input_mono16k 0 1246.915 0.750 <NA> <NA> 3 <NA> <NA>
SPEAKER input_mono16k 0 1247.665 2.455 <NA> <NA> 5 <NA> <NA>
SPEAKER input_mono16k 0 1250.810 1.860 <NA> <NA> 0 <NA> <NA>
SPEAKER input_mono16k 0 1253.000 3.170 <NA> <NA> 0 <NA> <NA>
SPEAKER input_mono16k 0 1259.700 0.910 <NA> <NA> 4 <NA> <NA>
SPEAKER input_mono16k 0 1264.480 1.380 <NA> <NA> 5 <NA> <NA>
SPEAKER input_mono16k 0 1266.710 0.900 <NA> <NA> 4 <NA> <NA>
SPEAKER input_mono16k 0 1272.220 4.360 <NA> <NA> 1 <NA> <NA>
SPEAKER input_mono16k 0 1276.860 1.410 <NA> <NA> 1 <NA> <NA>
SPEAKER input_mono16k 0 1279.030 0.970 <NA> <NA> 1 <NA> <NA>
SPEAKER input_mono16k 0 1280.370 0.960 <NA> <NA> 1 <NA> <NA>
SPEAKER input_mono16k 0 1282.490 1.150 <NA> <NA> 4 <NA> <NA>
SPEAKER input_mono16k 0 1284.680 0.800 <NA> <NA> 4 <NA> <NA>
SPEAKER input_mono16k 0 1287.690 1.000 <NA> <NA> 4 <NA> <NA>
SPEAKER input_mono16k 0 1293.790 1.320 <NA> <NA> 4 <NA> <NA>
SPEAKER input_mono16k 0 1296.080 1.680 <NA> <NA> 5 <NA> <NA>
SPEAKER input_mono16k 0 1298.040 0.900 <NA> <NA> 5 <NA> <NA>
SPEAKER input_mono16k 0 1300.310 2.220 <NA> <NA> 5 <NA> <NA>
SPEAKER input_mono16k 0 1302.810 1.760 <NA> <NA> 5 <NA> <NA>
SPEAKER input_mono16k 0 1304.900 1.170 <NA> <NA> 3 <NA> <NA>
SPEAKER input_mono16k 0 1306.490 2.625 <NA> <NA> 3 <NA> <NA>
SPEAKER input_mono16k 0 1309.115 5.250 <NA> <NA> 5 <NA> <NA>
SPEAKER input_mono16k 0 1314.365 1.835 <NA> <NA> 4 <NA> <NA>
SPEAKER input_mono16k 0 1321.040 0.820 <NA> <NA> 4 <NA> <NA>
SPEAKER input_mono16k 0 1324.270 1.820 <NA> <NA> 4 <NA> <NA>
SPEAKER input_mono16k 0 1336.530 1.050 <NA> <NA> 4 <NA> <NA>
SPEAKER input_mono16k 0 1339.830 3.080 <NA> <NA> 1 <NA> <NA>
SPEAKER input_mono16k 0 1344.440 1.580 <NA> <NA> 1 <NA> <NA>
SPEAKER input_mono16k 0 1347.180 1.130 <NA> <NA> 4 <NA> <NA>
SPEAKER input_mono16k 0 1353.070 0.840 <NA> <NA> 3 <NA> <NA>
SPEAKER input_mono16k 0 1356.800 1.240 <NA> <NA> 1 <NA> <NA>
SPEAKER input_mono16k 0 1358.510 2.130 <NA> <NA> 4 <NA> <NA>
SPEAKER input_mono16k 0 1363.670 0.960 <NA> <NA> 4 <NA> <NA>
SPEAKER input_mono16k 0 1365.340 3.270 <NA> <NA> 3 <NA> <NA>
SPEAKER input_mono16k 0 1370.260 1.125 <NA> <NA> 1 <NA> <NA>
SPEAKER input_mono16k 0 1371.385 1.705 <NA> <NA> 3 <NA> <NA>
SPEAKER input_mono16k 0 1374.520 1.220 <NA> <NA> 3 <NA> <NA>
SPEAKER input_mono16k 0 1379.890 0.800 <NA> <NA> 4 <NA> <NA>
SPEAKER input_mono16k 0 1382.560 4.260 <NA> <NA> 1 <NA> <NA>
SPEAKER input_mono16k 0 1387.110 1.270 <NA> <NA> 1 <NA> <NA>
SPEAKER input_mono16k 0 1392.700 0.830 <NA> <NA> 4 <NA> <NA>
SPEAKER input_mono16k 0 1395.360 4.970 <NA> <NA> 1 <NA> <NA>
SPEAKER input_mono16k 0 1400.620 3.670 <NA> <NA> 3 <NA> <NA>
SPEAKER input_mono16k 0 1404.690 2.540 <NA> <NA> 3 <NA> <NA>
SPEAKER input_mono16k 0 1408.060 2.030 <NA> <NA> 3 <NA> <NA>
SPEAKER input_mono16k 0 1412.740 3.520 <NA> <NA> 3 <NA> <NA>
SPEAKER input_mono16k 0 1416.590 2.040 <NA> <NA> 3 <NA> <NA>
SPEAKER input_mono16k 0 1458.910 1.730 <NA> <NA> 1 <NA> <NA>
SPEAKER input_mono16k 0 1461.730 8.060 <NA> <NA> 1 <NA> <NA>
SPEAKER input_mono16k 0 1470.760 0.860 <NA> <NA> 1 <NA> <NA>
SPEAKER input_mono16k 0 1472.060 1.000 <NA> <NA> 1 <NA> <NA>
SPEAKER input_mono16k 0 1480.030 1.875 <NA> <NA> 4 <NA> <NA>
SPEAKER input_mono16k 0 1481.905 3.000 <NA> <NA> 3 <NA> <NA>
SPEAKER input_mono16k 0 1484.905 2.015 <NA> <NA> 1 <NA> <NA>
SPEAKER input_mono16k 0 1490.580 0.780 <NA> <NA> 0 <NA> <NA>
SPEAKER input_mono16k 0 1497.030 1.820 <NA> <NA> 0 <NA> <NA>
SPEAKER input_mono16k 0 1499.510 1.090 <NA> <NA> 0 <NA> <NA>
SPEAKER input_mono16k 0 1501.770 2.290 <NA> <NA> 0 <NA> <NA>
SPEAKER input_mono16k 0 1504.580 1.500 <NA> <NA> 0 <NA> <NA>
SPEAKER input_mono16k 0 1507.880 1.790 <NA> <NA> 0 <NA> <NA>
SPEAKER input_mono16k 0 1509.950 1.130 <NA> <NA> 0 <NA> <NA>
SPEAKER input_mono16k 0 1511.610 1.810 <NA> <NA> 0 <NA> <NA>
SPEAKER input_mono16k 0 1515.740 1.730 <NA> <NA> 1 <NA> <NA>
SPEAKER input_mono16k 0 1520.960 2.610 <NA> <NA> 1 <NA> <NA>
SPEAKER input_mono16k 0 1523.850 9.320 <NA> <NA> 1 <NA> <NA>
SPEAKER input_mono16k 0 1535.200 0.780 <NA> <NA> 1 <NA> <NA>
SPEAKER input_mono16k 0 1539.350 0.880 <NA> <NA> 1 <NA> <NA>
SPEAKER input_mono16k 0 1541.480 2.430 <NA> <NA> 1 <NA> <NA>
SPEAKER input_mono16k 0 1545.350 2.120 <NA> <NA> 1 <NA> <NA>
SPEAKER input_mono16k 0 1548.750 0.890 <NA> <NA> 4 <NA> <NA>
SPEAKER input_mono16k 0 1549.950 1.480 <NA> <NA> 4 <NA> <NA>
SPEAKER input_mono16k 0 1554.710 0.760 <NA> <NA> 1 <NA> <NA>
SPEAKER input_mono16k 0 1556.220 3.740 <NA> <NA> 1 <NA> <NA>
SPEAKER input_mono16k 0 1561.580 2.090 <NA> <NA> 4 <NA> <NA>
SPEAKER input_mono16k 0 1568.590 1.150 <NA> <NA> 4 <NA> <NA>
SPEAKER input_mono16k 0 1570.390 0.780 <NA> <NA> 4 <NA> <NA>
SPEAKER input_mono16k 0 1573.750 1.370 <NA> <NA> 1 <NA> <NA>
SPEAKER input_mono16k 0 1577.670 2.050 <NA> <NA> 1 <NA> <NA>
SPEAKER input_mono16k 0 1580.310 1.400 <NA> <NA> 4 <NA> <NA>
SPEAKER input_mono16k 0 1582.560 2.740 <NA> <NA> 0 <NA> <NA>
SPEAKER input_mono16k 0 1589.500 1.210 <NA> <NA> 4 <NA> <NA>
SPEAKER input_mono16k 0 1593.760 1.220 <NA> <NA> 0 <NA> <NA>
SPEAKER input_mono16k 0 1595.470 1.200 <NA> <NA> 0 <NA> <NA>
SPEAKER input_mono16k 0 1599.250 1.080 <NA> <NA> 0 <NA> <NA>
SPEAKER input_mono16k 0 1600.990 1.500 <NA> <NA> 0 <NA> <NA>
SPEAKER input_mono16k 0 1602.790 2.330 <NA> <NA> 0 <NA> <NA>
SPEAKER input_mono16k 0 1606.060 1.990 <NA> <NA> 0 <NA> <NA>
SPEAKER input_mono16k 0 1609.630 2.370 <NA> <NA> 1 <NA> <NA>
SPEAKER input_mono16k 0 1613.840 1.000 <NA> <NA> 4 <NA> <NA>
SPEAKER input_mono16k 0 1618.600 1.270 <NA> <NA> 4 <NA> <NA>
SPEAKER input_mono16k 0 1620.360 1.125 <NA> <NA> 4 <NA> <NA>
SPEAKER input_mono16k 0 1621.485 1.485 <NA> <NA> 0 <NA> <NA>
SPEAKER input_mono16k 0 1623.720 1.510 <NA> <NA> 0 <NA> <NA>
SPEAKER input_mono16k 0 1626.450 0.890 <NA> <NA> 0 <NA> <NA>
SPEAKER input_mono16k 0 1628.610 1.420 <NA> <NA> 4 <NA> <NA>
SPEAKER input_mono16k 0 1633.750 1.970 <NA> <NA> 1 <NA> <NA>
SPEAKER input_mono16k 0 1636.610 1.840 <NA> <NA> 1 <NA> <NA>
SPEAKER input_mono16k 0 1640.390 0.810 <NA> <NA> 1 <NA> <NA>
SPEAKER input_mono16k 0 1642.920 3.040 <NA> <NA> 1 <NA> <NA>
SPEAKER input_mono16k 0 1647.050 2.180 <NA> <NA> 1 <NA> <NA>
SPEAKER input_mono16k 0 1649.710 1.875 <NA> <NA> 3 <NA> <NA>
SPEAKER input_mono16k 0 1651.585 1.255 <NA> <NA> 1 <NA> <NA>
SPEAKER input_mono16k 0 1653.410 1.125 <NA> <NA> 4 <NA> <NA>
SPEAKER input_mono16k 0 1654.535 1.015 <NA> <NA> 1 <NA> <NA>
SPEAKER input_mono16k 0 1657.690 1.125 <NA> <NA> 1 <NA> <NA>
SPEAKER input_mono16k 0 1658.815 1.215 <NA> <NA> 4 <NA> <NA>
SPEAKER input_mono16k 0 1665.160 1.630 <NA> <NA> 5 <NA> <NA>
SPEAKER input_mono16k 0 1667.180 1.630 <NA> <NA> 5 <NA> <NA>
SPEAKER input_mono16k 0 1670.270 4.125 <NA> <NA> 5 <NA> <NA>
SPEAKER input_mono16k 0 1674.395 2.250 <NA> <NA> 3 <NA> <NA>
SPEAKER input_mono16k 0 1676.645 0.750 <NA> <NA> 5 <NA> <NA>
SPEAKER input_mono16k 0 1677.395 3.615 <NA> <NA> 3 <NA> <NA>
SPEAKER input_mono16k 0 1682.220 3.090 <NA> <NA> 1 <NA> <NA>
SPEAKER input_mono16k 0 1686.820 1.330 <NA> <NA> 1 <NA> <NA>
SPEAKER input_mono16k 0 1696.060 1.170 <NA> <NA> 5 <NA> <NA>
SPEAKER input_mono16k 0 1697.960 0.940 <NA> <NA> 3 <NA> <NA>
SPEAKER input_mono16k 0 1700.180 1.260 <NA> <NA> 1 <NA> <NA>
SPEAKER input_mono16k 0 1702.730 1.840 <NA> <NA> 3 <NA> <NA>
SPEAKER input_mono16k 0 1704.850 2.430 <NA> <NA> 3 <NA> <NA>
SPEAKER input_mono16k 0 1707.560 2.750 <NA> <NA> 3 <NA> <NA>
SPEAKER input_mono16k 0 1711.640 6.800 <NA> <NA> 3 <NA> <NA>
SPEAKER input_mono16k 0 1718.800 1.230 <NA> <NA> 3 <NA> <NA>
SPEAKER input_mono16k 0 1720.900 7.320 <NA> <NA> 3 <NA> <NA>
SPEAKER input_mono16k 0 1729.150 2.625 <NA> <NA> 3 <NA> <NA>
SPEAKER input_mono16k 0 1731.775 4.665 <NA> <NA> 1 <NA> <NA>
SPEAKER input_mono16k 0 1737.220 2.740 <NA> <NA> 1 <NA> <NA>
SPEAKER input_mono16k 0 1747.230 1.880 <NA> <NA> 1 <NA> <NA>
SPEAKER input_mono16k 0 1750.900 1.510 <NA> <NA> 4 <NA> <NA>
SPEAKER input_mono16k 0 1752.940 1.120 <NA> <NA> 4 <NA> <NA>
SPEAKER input_mono16k 0 1754.810 0.980 <NA> <NA> 4 <NA> <NA>
SPEAKER input_mono16k 0 1756.530 0.990 <NA> <NA> 4 <NA> <NA>
SPEAKER input_mono16k 0 1758.400 1.125 <NA> <NA> 1 <NA> <NA>
SPEAKER input_mono16k 0 1759.525 0.805 <NA> <NA> 4 <NA> <NA>
SPEAKER input_mono16k 0 1764.110 1.240 <NA> <NA> 4 <NA> <NA>
SPEAKER input_mono16k 0 1770.270 1.380 <NA> <NA> 4 <NA> <NA>
SPEAKER input_mono16k 0 1773.090 2.770 <NA> <NA> 1 <NA> <NA>
SPEAKER input_mono16k 0 1777.430 1.090 <NA> <NA> 4 <NA> <NA>
SPEAKER input_mono16k 0 1786.280 2.020 <NA> <NA> 1 <NA> <NA>
SPEAKER input_mono16k 0 1789.530 0.940 <NA> <NA> 3 <NA> <NA>
SPEAKER input_mono16k 0 1791.030 0.760 <NA> <NA> 5 <NA> <NA>
SPEAKER input_mono16k 0 1792.370 0.900 <NA> <NA> 5 <NA> <NA>
SPEAKER input_mono16k 0 1794.880 0.950 <NA> <NA> 5 <NA> <NA>
SPEAKER input_mono16k 0 1797.110 1.150 <NA> <NA> 1 <NA> <NA>
SPEAKER input_mono16k 0 1802.410 0.980 <NA> <NA> 0 <NA> <NA>
SPEAKER input_mono16k 0 1803.680 1.540 <NA> <NA> 0 <NA> <NA>
SPEAKER input_mono16k 0 1811.990 1.010 <NA> <NA> 2 <NA> <NA>
SPEAKER input_mono16k 0 1813.390 1.460 <NA> <NA> 2 <NA> <NA>
SPEAKER input_mono16k 0 1817.170 1.090 <NA> <NA> 2 <NA> <NA>
SPEAKER input_mono16k 0 1819.930 0.800 <NA> <NA> 2 <NA> <NA>
===RTTM_thr0.2===
SPEAKER input_mono16k 0 37.360 2.920 <NA> <NA> 5 <NA> <NA>
SPEAKER input_mono16k 0 42.630 1.875 <NA> <NA> 6 <NA> <NA>
SPEAKER input_mono16k 0 44.505 1.585 <NA> <NA> 3 <NA> <NA>
SPEAKER input_mono16k 0 47.010 1.125 <NA> <NA> 2 <NA> <NA>
SPEAKER input_mono16k 0 48.135 1.500 <NA> <NA> 0 <NA> <NA>
SPEAKER input_mono16k 0 49.635 1.025 <NA> <NA> 3 <NA> <NA>
SPEAKER input_mono16k 0 52.570 5.220 <NA> <NA> 5 <NA> <NA>
SPEAKER input_mono16k 0 58.270 2.350 <NA> <NA> 5 <NA> <NA>
SPEAKER input_mono16k 0 64.140 1.920 <NA> <NA> 6 <NA> <NA>
SPEAKER input_mono16k 0 66.340 2.070 <NA> <NA> 6 <NA> <NA>
SPEAKER input_mono16k 0 69.400 0.960 <NA> <NA> 6 <NA> <NA>
SPEAKER input_mono16k 0 71.230 1.720 <NA> <NA> 6 <NA> <NA>
SPEAKER input_mono16k 0 74.220 1.000 <NA> <NA> 6 <NA> <NA>
SPEAKER input_mono16k 0 76.810 0.950 <NA> <NA> 6 <NA> <NA>
SPEAKER input_mono16k 0 78.820 1.000 <NA> <NA> 6 <NA> <NA>
SPEAKER input_mono16k 0 81.610 0.860 <NA> <NA> 6 <NA> <NA>
SPEAKER input_mono16k 0 87.960 1.900 <NA> <NA> 1 <NA> <NA>
SPEAKER input_mono16k 0 91.290 1.310 <NA> <NA> 1 <NA> <NA>
SPEAKER input_mono16k 0 93.010 1.870 <NA> <NA> 1 <NA> <NA>
SPEAKER input_mono16k 0 99.250 1.460 <NA> <NA> 1 <NA> <NA>
SPEAKER input_mono16k 0 102.460 1.170 <NA> <NA> 6 <NA> <NA>
SPEAKER input_mono16k 0 104.000 3.230 <NA> <NA> 1 <NA> <NA>
SPEAKER input_mono16k 0 107.730 2.090 <NA> <NA> 1 <NA> <NA>
SPEAKER input_mono16k 0 117.960 2.000 <NA> <NA> 1 <NA> <NA>
SPEAKER input_mono16k 0 122.550 1.230 <NA> <NA> 1 <NA> <NA>
SPEAKER input_mono16k 0 129.770 3.390 <NA> <NA> 1 <NA> <NA>
SPEAKER input_mono16k 0 136.990 0.930 <NA> <NA> 1 <NA> <NA>
SPEAKER input_mono16k 0 141.240 1.240 <NA> <NA> 6 <NA> <NA>
SPEAKER input_mono16k 0 145.490 0.920 <NA> <NA> 6 <NA> <NA>
SPEAKER input_mono16k 0 147.850 3.200 <NA> <NA> 6 <NA> <NA>
SPEAKER input_mono16k 0 151.890 3.470 <NA> <NA> 6 <NA> <NA>
SPEAKER input_mono16k 0 156.160 1.370 <NA> <NA> 1 <NA> <NA>
SPEAKER input_mono16k 0 161.440 0.870 <NA> <NA> 1 <NA> <NA>
SPEAKER input_mono16k 0 163.010 1.530 <NA> <NA> 1 <NA> <NA>
SPEAKER input_mono16k 0 165.360 1.875 <NA> <NA> 6 <NA> <NA>
SPEAKER input_mono16k 0 167.235 1.125 <NA> <NA> 1 <NA> <NA>
SPEAKER input_mono16k 0 172.940 1.090 <NA> <NA> 1 <NA> <NA>
SPEAKER input_mono16k 0 176.680 2.740 <NA> <NA> 1 <NA> <NA>
SPEAKER input_mono16k 0 180.500 1.090 <NA> <NA> 1 <NA> <NA>
SPEAKER input_mono16k 0 182.000 0.800 <NA> <NA> 1 <NA> <NA>
SPEAKER input_mono16k 0 184.130 1.580 <NA> <NA> 1 <NA> <NA>
SPEAKER input_mono16k 0 187.310 1.010 <NA> <NA> 1 <NA> <NA>
SPEAKER input_mono16k 0 190.150 2.070 <NA> <NA> 6 <NA> <NA>
SPEAKER input_mono16k 0 193.460 0.990 <NA> <NA> 1 <NA> <NA>
SPEAKER input_mono16k 0 197.110 1.320 <NA> <NA> 1 <NA> <NA>
SPEAKER input_mono16k 0 201.870 1.930 <NA> <NA> 6 <NA> <NA>
SPEAKER input_mono16k 0 204.390 3.510 <NA> <NA> 6 <NA> <NA>
SPEAKER input_mono16k 0 208.500 1.660 <NA> <NA> 6 <NA> <NA>
SPEAKER input_mono16k 0 211.280 1.875 <NA> <NA> 4 <NA> <NA>
SPEAKER input_mono16k 0 213.155 1.005 <NA> <NA> 6 <NA> <NA>
SPEAKER input_mono16k 0 214.940 0.810 <NA> <NA> 4 <NA> <NA>
SPEAKER input_mono16k 0 217.060 0.810 <NA> <NA> 4 <NA> <NA>
SPEAKER input_mono16k 0 218.930 4.480 <NA> <NA> 4 <NA> <NA>
SPEAKER input_mono16k 0 224.100 4.590 <NA> <NA> 4 <NA> <NA>
SPEAKER input_mono16k 0 229.110 0.940 <NA> <NA> 6 <NA> <NA>
SPEAKER input_mono16k 0 231.350 2.580 <NA> <NA> 4 <NA> <NA>
SPEAKER input_mono16k 0 234.660 0.880 <NA> <NA> 4 <NA> <NA>
SPEAKER input_mono16k 0 237.030 0.810 <NA> <NA> 1 <NA> <NA>
SPEAKER input_mono16k 0 240.180 1.125 <NA> <NA> 6 <NA> <NA>
SPEAKER input_mono16k 0 241.305 2.415 <NA> <NA> 4 <NA> <NA>
SPEAKER input_mono16k 0 244.560 0.880 <NA> <NA> 4 <NA> <NA>
SPEAKER input_mono16k 0 247.800 2.550 <NA> <NA> 6 <NA> <NA>
SPEAKER input_mono16k 0 251.250 1.020 <NA> <NA> 6 <NA> <NA>
SPEAKER input_mono16k 0 253.230 1.720 <NA> <NA> 4 <NA> <NA>
SPEAKER input_mono16k 0 257.510 1.640 <NA> <NA> 4 <NA> <NA>
SPEAKER input_mono16k 0 259.700 1.460 <NA> <NA> 6 <NA> <NA>
SPEAKER input_mono16k 0 262.910 1.030 <NA> <NA> 4 <NA> <NA>
SPEAKER input_mono16k 0 267.280 1.150 <NA> <NA> 6 <NA> <NA>
SPEAKER input_mono16k 0 281.110 2.820 <NA> <NA> 6 <NA> <NA>
SPEAKER input_mono16k 0 284.960 1.240 <NA> <NA> 6 <NA> <NA>
SPEAKER input_mono16k 0 286.940 3.450 <NA> <NA> 3 <NA> <NA>
SPEAKER input_mono16k 0 290.750 2.060 <NA> <NA> 3 <NA> <NA>
SPEAKER input_mono16k 0 293.090 2.080 <NA> <NA> 6 <NA> <NA>
SPEAKER input_mono16k 0 295.840 5.360 <NA> <NA> 3 <NA> <NA>
SPEAKER input_mono16k 0 301.660 7.840 <NA> <NA> 3 <NA> <NA>
SPEAKER input_mono16k 0 310.510 4.280 <NA> <NA> 3 <NA> <NA>
SPEAKER input_mono16k 0 315.100 1.125 <NA> <NA> 3 <NA> <NA>
SPEAKER input_mono16k 0 316.225 3.475 <NA> <NA> 6 <NA> <NA>
SPEAKER input_mono16k 0 319.980 2.560 <NA> <NA> 3 <NA> <NA>
SPEAKER input_mono16k 0 323.210 3.990 <NA> <NA> 3 <NA> <NA>
SPEAKER input_mono16k 0 327.920 9.070 <NA> <NA> 3 <NA> <NA>
SPEAKER input_mono16k 0 338.030 5.900 <NA> <NA> 3 <NA> <NA>
SPEAKER input_mono16k 0 344.210 2.840 <NA> <NA> 3 <NA> <NA>
SPEAKER input_mono16k 0 347.350 2.625 <NA> <NA> 3 <NA> <NA>
SPEAKER input_mono16k 0 349.975 3.285 <NA> <NA> 6 <NA> <NA>
SPEAKER input_mono16k 0 354.160 2.150 <NA> <NA> 3 <NA> <NA>
SPEAKER input_mono16k 0 356.590 3.730 <NA> <NA> 3 <NA> <NA>
SPEAKER input_mono16k 0 360.910 1.125 <NA> <NA> 6 <NA> <NA>
SPEAKER input_mono16k 0 362.035 7.345 <NA> <NA> 3 <NA> <NA>
SPEAKER input_mono16k 0 370.520 2.380 <NA> <NA> 6 <NA> <NA>
SPEAKER input_mono16k 0 373.390 1.125 <NA> <NA> 6 <NA> <NA>
SPEAKER input_mono16k 0 374.515 2.445 <NA> <NA> 3 <NA> <NA>
SPEAKER input_mono16k 0 377.590 3.330 <NA> <NA> 6 <NA> <NA>
SPEAKER input_mono16k 0 381.630 1.280 <NA> <NA> 3 <NA> <NA>
SPEAKER input_mono16k 0 383.190 1.410 <NA> <NA> 3 <NA> <NA>
SPEAKER input_mono16k 0 387.380 1.060 <NA> <NA> 1 <NA> <NA>
SPEAKER input_mono16k 0 391.350 4.960 <NA> <NA> 3 <NA> <NA>
SPEAKER input_mono16k 0 396.870 4.700 <NA> <NA> 6 <NA> <NA>
SPEAKER input_mono16k 0 401.850 1.125 <NA> <NA> 6 <NA> <NA>
SPEAKER input_mono16k 0 402.975 2.545 <NA> <NA> 3 <NA> <NA>
SPEAKER input_mono16k 0 412.750 3.910 <NA> <NA> 3 <NA> <NA>
SPEAKER input_mono16k 0 417.940 1.960 <NA> <NA> 6 <NA> <NA>
SPEAKER input_mono16k 0 426.240 0.790 <NA> <NA> 6 <NA> <NA>
SPEAKER input_mono16k 0 427.550 0.990 <NA> <NA> 1 <NA> <NA>
SPEAKER input_mono16k 0 433.790 3.960 <NA> <NA> 4 <NA> <NA>
SPEAKER input_mono16k 0 438.590 1.060 <NA> <NA> 4 <NA> <NA>
SPEAKER input_mono16k 0 442.300 8.000 <NA> <NA> 3 <NA> <NA>
SPEAKER input_mono16k 0 456.270 1.390 <NA> <NA> 1 <NA> <NA>
SPEAKER input_mono16k 0 462.760 1.670 <NA> <NA> 1 <NA> <NA>
SPEAKER input_mono16k 0 476.110 3.300 <NA> <NA> 6 <NA> <NA>
SPEAKER input_mono16k 0 479.700 0.980 <NA> <NA> 6 <NA> <NA>
SPEAKER input_mono16k 0 481.740 1.010 <NA> <NA> 6 <NA> <NA>
SPEAKER input_mono16k 0 483.290 4.875 <NA> <NA> 6 <NA> <NA>
SPEAKER input_mono16k 0 488.165 2.665 <NA> <NA> 1 <NA> <NA>
SPEAKER input_mono16k 0 493.770 2.830 <NA> <NA> 1 <NA> <NA>
SPEAKER input_mono16k 0 500.280 2.270 <NA> <NA> 6 <NA> <NA>
SPEAKER input_mono16k 0 503.350 1.125 <NA> <NA> 6 <NA> <NA>
SPEAKER input_mono16k 0 504.475 0.385 <NA> <NA> 4 <NA> <NA>
SPEAKER input_mono16k 0 508.650 1.160 <NA> <NA> 6 <NA> <NA>
SPEAKER input_mono16k 0 515.990 1.130 <NA> <NA> 6 <NA> <NA>
SPEAKER input_mono16k 0 520.860 0.830 <NA> <NA> 0 <NA> <NA>
SPEAKER input_mono16k 0 522.930 1.170 <NA> <NA> 0 <NA> <NA>
SPEAKER input_mono16k 0 524.980 1.050 <NA> <NA> 1 <NA> <NA>
SPEAKER input_mono16k 0 528.750 2.720 <NA> <NA> 6 <NA> <NA>
SPEAKER input_mono16k 0 534.420 1.380 <NA> <NA> 6 <NA> <NA>
SPEAKER input_mono16k 0 536.480 1.450 <NA> <NA> 6 <NA> <NA>
SPEAKER input_mono16k 0 538.590 1.000 <NA> <NA> 6 <NA> <NA>
SPEAKER input_mono16k 0 541.900 2.540 <NA> <NA> 6 <NA> <NA>
SPEAKER input_mono16k 0 546.580 1.670 <NA> <NA> 0 <NA> <NA>
SPEAKER input_mono16k 0 551.140 1.050 <NA> <NA> 0 <NA> <NA>
SPEAKER input_mono16k 0 552.470 3.070 <NA> <NA> 0 <NA> <NA>
SPEAKER input_mono16k 0 558.770 3.480 <NA> <NA> 0 <NA> <NA>
SPEAKER input_mono16k 0 562.620 2.625 <NA> <NA> 0 <NA> <NA>
SPEAKER input_mono16k 0 565.245 1.545 <NA> <NA> 2 <NA> <NA>
SPEAKER input_mono16k 0 567.630 0.970 <NA> <NA> 0 <NA> <NA>
SPEAKER input_mono16k 0 569.000 3.440 <NA> <NA> 0 <NA> <NA>
SPEAKER input_mono16k 0 574.800 5.650 <NA> <NA> 0 <NA> <NA>
SPEAKER input_mono16k 0 582.410 1.160 <NA> <NA> 0 <NA> <NA>
SPEAKER input_mono16k 0 584.350 1.290 <NA> <NA> 0 <NA> <NA>
SPEAKER input_mono16k 0 586.790 6.980 <NA> <NA> 0 <NA> <NA>
SPEAKER input_mono16k 0 595.350 1.250 <NA> <NA> 0 <NA> <NA>
SPEAKER input_mono16k 0 597.710 5.560 <NA> <NA> 0 <NA> <NA>
SPEAKER input_mono16k 0 605.540 6.290 <NA> <NA> 0 <NA> <NA>
SPEAKER input_mono16k 0 612.110 2.920 <NA> <NA> 0 <NA> <NA>
SPEAKER input_mono16k 0 615.310 1.125 <NA> <NA> 6 <NA> <NA>
SPEAKER input_mono16k 0 616.435 0.405 <NA> <NA> 0 <NA> <NA>
SPEAKER input_mono16k 0 617.630 3.000 <NA> <NA> 0 <NA> <NA>
SPEAKER input_mono16k 0 621.760 1.560 <NA> <NA> 6 <NA> <NA>
SPEAKER input_mono16k 0 627.370 1.125 <NA> <NA> 6 <NA> <NA>
SPEAKER input_mono16k 0 628.495 0.750 <NA> <NA> 0 <NA> <NA>
SPEAKER input_mono16k 0 629.245 0.750 <NA> <NA> 6 <NA> <NA>
SPEAKER input_mono16k 0 629.995 1.955 <NA> <NA> 0 <NA> <NA>
SPEAKER input_mono16k 0 632.230 1.010 <NA> <NA> 0 <NA> <NA>
SPEAKER input_mono16k 0 635.050 1.125 <NA> <NA> 6 <NA> <NA>
SPEAKER input_mono16k 0 636.175 2.285 <NA> <NA> 2 <NA> <NA>
SPEAKER input_mono16k 0 638.820 1.060 <NA> <NA> 2 <NA> <NA>
SPEAKER input_mono16k 0 640.790 6.330 <NA> <NA> 2 <NA> <NA>
SPEAKER input_mono16k 0 648.330 7.720 <NA> <NA> 0 <NA> <NA>
SPEAKER input_mono16k 0 657.160 1.050 <NA> <NA> 0 <NA> <NA>
SPEAKER input_mono16k 0 658.490 0.820 <NA> <NA> 0 <NA> <NA>
SPEAKER input_mono16k 0 659.590 1.750 <NA> <NA> 0 <NA> <NA>
SPEAKER input_mono16k 0 661.860 1.500 <NA> <NA> 6 <NA> <NA>
SPEAKER input_mono16k 0 664.210 1.020 <NA> <NA> 2 <NA> <NA>
SPEAKER input_mono16k 0 666.420 4.820 <NA> <NA> 6 <NA> <NA>
SPEAKER input_mono16k 0 671.830 1.125 <NA> <NA> 6 <NA> <NA>
SPEAKER input_mono16k 0 672.955 0.815 <NA> <NA> 1 <NA> <NA>
SPEAKER input_mono16k 0 675.620 1.880 <NA> <NA> 0 <NA> <NA>
SPEAKER input_mono16k 0 677.920 7.090 <NA> <NA> 0 <NA> <NA>
SPEAKER input_mono16k 0 685.310 0.930 <NA> <NA> 0 <NA> <NA>
SPEAKER input_mono16k 0 687.130 3.880 <NA> <NA> 6 <NA> <NA>
SPEAKER input_mono16k 0 697.440 2.380 <NA> <NA> 5 <NA> <NA>
SPEAKER input_mono16k 0 703.640 0.940 <NA> <NA> 6 <NA> <NA>
SPEAKER input_mono16k 0 707.320 0.960 <NA> <NA> 1 <NA> <NA>
SPEAKER input_mono16k 0 709.410 3.375 <NA> <NA> 4 <NA> <NA>
SPEAKER input_mono16k 0 712.785 1.235 <NA> <NA> 1 <NA> <NA>
SPEAKER input_mono16k 0 719.960 1.125 <NA> <NA> 5 <NA> <NA>
SPEAKER input_mono16k 0 721.085 0.775 <NA> <NA> 4 <NA> <NA>
SPEAKER input_mono16k 0 722.290 1.060 <NA> <NA> 6 <NA> <NA>
SPEAKER input_mono16k 0 723.680 1.140 <NA> <NA> 4 <NA> <NA>
SPEAKER input_mono16k 0 725.950 0.850 <NA> <NA> 6 <NA> <NA>
SPEAKER input_mono16k 0 730.420 0.920 <NA> <NA> 3 <NA> <NA>
SPEAKER input_mono16k 0 733.080 2.630 <NA> <NA> 4 <NA> <NA>
SPEAKER input_mono16k 0 736.540 0.870 <NA> <NA> 4 <NA> <NA>
SPEAKER input_mono16k 0 738.800 1.630 <NA> <NA> 6 <NA> <NA>
SPEAKER input_mono16k 0 741.430 0.770 <NA> <NA> 3 <NA> <NA>
SPEAKER input_mono16k 0 754.590 0.860 <NA> <NA> 4 <NA> <NA>
SPEAKER input_mono16k 0 757.150 3.760 <NA> <NA> 4 <NA> <NA>
SPEAKER input_mono16k 0 762.620 1.020 <NA> <NA> 4 <NA> <NA>
SPEAKER input_mono16k 0 766.090 1.300 <NA> <NA> 4 <NA> <NA>
SPEAKER input_mono16k 0 769.450 1.330 <NA> <NA> 4 <NA> <NA>
SPEAKER input_mono16k 0 772.410 1.400 <NA> <NA> 4 <NA> <NA>
SPEAKER input_mono16k 0 774.200 0.810 <NA> <NA> 4 <NA> <NA>
SPEAKER input_mono16k 0 778.730 1.125 <NA> <NA> 1 <NA> <NA>
SPEAKER input_mono16k 0 779.855 0.645 <NA> <NA> 6 <NA> <NA>
SPEAKER input_mono16k 0 781.920 1.550 <NA> <NA> 6 <NA> <NA>
SPEAKER input_mono16k 0 786.540 1.000 <NA> <NA> 1 <NA> <NA>
SPEAKER input_mono16k 0 787.880 1.570 <NA> <NA> 1 <NA> <NA>
SPEAKER input_mono16k 0 791.390 1.570 <NA> <NA> 1 <NA> <NA>
SPEAKER input_mono16k 0 793.440 0.990 <NA> <NA> 1 <NA> <NA>
SPEAKER input_mono16k 0 820.880 1.080 <NA> <NA> 3 <NA> <NA>
SPEAKER input_mono16k 0 822.240 1.560 <NA> <NA> 6 <NA> <NA>
SPEAKER input_mono16k 0 825.230 1.070 <NA> <NA> 6 <NA> <NA>
SPEAKER input_mono16k 0 833.120 1.560 <NA> <NA> 1 <NA> <NA>
SPEAKER input_mono16k 0 838.060 2.760 <NA> <NA> 6 <NA> <NA>
SPEAKER input_mono16k 0 843.560 3.210 <NA> <NA> 0 <NA> <NA>
SPEAKER input_mono16k 0 847.080 1.100 <NA> <NA> 0 <NA> <NA>
SPEAKER input_mono16k 0 849.390 2.870 <NA> <NA> 0 <NA> <NA>
SPEAKER input_mono16k 0 852.720 1.950 <NA> <NA> 0 <NA> <NA>
SPEAKER input_mono16k 0 855.970 1.250 <NA> <NA> 0 <NA> <NA>
SPEAKER input_mono16k 0 858.550 1.190 <NA> <NA> 0 <NA> <NA>
SPEAKER input_mono16k 0 861.540 1.560 <NA> <NA> 0 <NA> <NA>
SPEAKER input_mono16k 0 864.330 2.180 <NA> <NA> 1 <NA> <NA>
SPEAKER input_mono16k 0 871.080 2.160 <NA> <NA> 6 <NA> <NA>
SPEAKER input_mono16k 0 874.170 1.510 <NA> <NA> 6 <NA> <NA>
SPEAKER input_mono16k 0 876.040 1.740 <NA> <NA> 6 <NA> <NA>
SPEAKER input_mono16k 0 879.880 1.060 <NA> <NA> 3 <NA> <NA>
SPEAKER input_mono16k 0 881.400 0.950 <NA> <NA> 2 <NA> <NA>
SPEAKER input_mono16k 0 883.590 1.500 <NA> <NA> 6 <NA> <NA>
SPEAKER input_mono16k 0 885.680 1.125 <NA> <NA> 2 <NA> <NA>
SPEAKER input_mono16k 0 886.805 1.305 <NA> <NA> 6 <NA> <NA>
SPEAKER input_mono16k 0 889.830 0.960 <NA> <NA> 1 <NA> <NA>
SPEAKER input_mono16k 0 895.840 1.280 <NA> <NA> 0 <NA> <NA>
SPEAKER input_mono16k 0 898.300 1.870 <NA> <NA> 0 <NA> <NA>
SPEAKER input_mono16k 0 901.660 2.150 <NA> <NA> 6 <NA> <NA>
SPEAKER input_mono16k 0 904.870 1.700 <NA> <NA> 6 <NA> <NA>
SPEAKER input_mono16k 0 907.460 1.210 <NA> <NA> 6 <NA> <NA>
SPEAKER input_mono16k 0 909.770 2.110 <NA> <NA> 0 <NA> <NA>
SPEAKER input_mono16k 0 914.500 1.870 <NA> <NA> 0 <NA> <NA>
SPEAKER input_mono16k 0 916.650 1.080 <NA> <NA> 0 <NA> <NA>
SPEAKER input_mono16k 0 918.010 1.920 <NA> <NA> 0 <NA> <NA>
SPEAKER input_mono16k 0 920.360 1.750 <NA> <NA> 0 <NA> <NA>
SPEAKER input_mono16k 0 922.610 2.850 <NA> <NA> 0 <NA> <NA>
SPEAKER input_mono16k 0 926.150 2.720 <NA> <NA> 0 <NA> <NA>
SPEAKER input_mono16k 0 930.870 4.300 <NA> <NA> 0 <NA> <NA>
SPEAKER input_mono16k 0 935.750 1.030 <NA> <NA> 0 <NA> <NA>
SPEAKER input_mono16k 0 938.080 2.270 <NA> <NA> 0 <NA> <NA>
SPEAKER input_mono16k 0 940.630 1.620 <NA> <NA> 0 <NA> <NA>
SPEAKER input_mono16k 0 943.140 3.240 <NA> <NA> 0 <NA> <NA>
SPEAKER input_mono16k 0 947.140 0.940 <NA> <NA> 0 <NA> <NA>
SPEAKER input_mono16k 0 948.890 3.230 <NA> <NA> 6 <NA> <NA>
SPEAKER input_mono16k 0 952.880 4.010 <NA> <NA> 2 <NA> <NA>
SPEAKER input_mono16k 0 957.980 0.870 <NA> <NA> 2 <NA> <NA>
SPEAKER input_mono16k 0 959.130 4.320 <NA> <NA> 2 <NA> <NA>
SPEAKER input_mono16k 0 964.190 2.820 <NA> <NA> 2 <NA> <NA>
SPEAKER input_mono16k 0 967.290 6.240 <NA> <NA> 2 <NA> <NA>
SPEAKER input_mono16k 0 973.960 2.110 <NA> <NA> 2 <NA> <NA>
SPEAKER input_mono16k 0 976.640 4.120 <NA> <NA> 6 <NA> <NA>
SPEAKER input_mono16k 0 981.550 1.900 <NA> <NA> 2 <NA> <NA>
SPEAKER input_mono16k 0 983.730 3.040 <NA> <NA> 2 <NA> <NA>
SPEAKER input_mono16k 0 987.500 4.620 <NA> <NA> 2 <NA> <NA>
SPEAKER input_mono16k 0 992.410 6.150 <NA> <NA> 2 <NA> <NA>
SPEAKER input_mono16k 0 998.940 1.110 <NA> <NA> 2 <NA> <NA>
SPEAKER input_mono16k 0 1000.380 1.430 <NA> <NA> 2 <NA> <NA>
SPEAKER input_mono16k 0 1002.130 2.720 <NA> <NA> 2 <NA> <NA>
SPEAKER input_mono16k 0 1005.190 0.950 <NA> <NA> 2 <NA> <NA>
SPEAKER input_mono16k 0 1006.840 1.125 <NA> <NA> 2 <NA> <NA>
SPEAKER input_mono16k 0 1007.965 1.215 <NA> <NA> 1 <NA> <NA>
SPEAKER input_mono16k 0 1013.340 4.770 <NA> <NA> 6 <NA> <NA>
SPEAKER input_mono16k 0 1019.980 1.260 <NA> <NA> 6 <NA> <NA>
SPEAKER input_mono16k 0 1022.020 4.875 <NA> <NA> 2 <NA> <NA>
SPEAKER input_mono16k 0 1026.895 2.065 <NA> <NA> 0 <NA> <NA>
SPEAKER input_mono16k 0 1029.250 1.370 <NA> <NA> 0 <NA> <NA>
SPEAKER input_mono16k 0 1031.360 1.330 <NA> <NA> 2 <NA> <NA>
SPEAKER input_mono16k 0 1033.890 2.760 <NA> <NA> 6 <NA> <NA>
SPEAKER input_mono16k 0 1037.000 1.125 <NA> <NA> 6 <NA> <NA>
SPEAKER input_mono16k 0 1038.125 1.500 <NA> <NA> 2 <NA> <NA>
SPEAKER input_mono16k 0 1039.625 1.500 <NA> <NA> 3 <NA> <NA>
SPEAKER input_mono16k 0 1041.125 3.235 <NA> <NA> 0 <NA> <NA>
SPEAKER input_mono16k 0 1045.700 2.625 <NA> <NA> 2 <NA> <NA>
SPEAKER input_mono16k 0 1048.325 0.750 <NA> <NA> 0 <NA> <NA>
SPEAKER input_mono16k 0 1049.075 0.750 <NA> <NA> 2 <NA> <NA>
SPEAKER input_mono16k 0 1049.825 3.000 <NA> <NA> 0 <NA> <NA>
SPEAKER input_mono16k 0 1052.825 3.750 <NA> <NA> 2 <NA> <NA>
SPEAKER input_mono16k 0 1056.575 0.445 <NA> <NA> 6 <NA> <NA>
SPEAKER input_mono16k 0 1057.620 0.790 <NA> <NA> 1 <NA> <NA>
SPEAKER input_mono16k 0 1059.430 0.880 <NA> <NA> 1 <NA> <NA>
SPEAKER input_mono16k 0 1060.590 8.430 <NA> <NA> 6 <NA> <NA>
SPEAKER input_mono16k 0 1071.720 1.875 <NA> <NA> 1 <NA> <NA>
SPEAKER input_mono16k 0 1073.595 0.415 <NA> <NA> 3 <NA> <NA>
SPEAKER input_mono16k 0 1074.560 1.120 <NA> <NA> 1 <NA> <NA>
SPEAKER input_mono16k 0 1075.960 3.380 <NA> <NA> 1 <NA> <NA>
SPEAKER input_mono16k 0 1081.460 1.920 <NA> <NA> 1 <NA> <NA>
SPEAKER input_mono16k 0 1083.660 1.060 <NA> <NA> 1 <NA> <NA>
SPEAKER input_mono16k 0 1086.170 0.910 <NA> <NA> 6 <NA> <NA>
SPEAKER input_mono16k 0 1087.770 1.560 <NA> <NA> 1 <NA> <NA>
SPEAKER input_mono16k 0 1093.200 0.780 <NA> <NA> 1 <NA> <NA>
SPEAKER input_mono16k 0 1094.670 0.790 <NA> <NA> 1 <NA> <NA>
SPEAKER input_mono16k 0 1099.350 3.000 <NA> <NA> 2 <NA> <NA>
SPEAKER input_mono16k 0 1102.630 1.840 <NA> <NA> 2 <NA> <NA>
SPEAKER input_mono16k 0 1104.750 4.080 <NA> <NA> 2 <NA> <NA>
SPEAKER input_mono16k 0 1109.870 3.250 <NA> <NA> 6 <NA> <NA>
SPEAKER input_mono16k 0 1118.190 1.590 <NA> <NA> 6 <NA> <NA>
SPEAKER input_mono16k 0 1121.440 1.040 <NA> <NA> 4 <NA> <NA>
SPEAKER input_mono16k 0 1125.100 0.950 <NA> <NA> 1 <NA> <NA>
SPEAKER input_mono16k 0 1127.500 2.625 <NA> <NA> 6 <NA> <NA>
SPEAKER input_mono16k 0 1130.125 2.995 <NA> <NA> 2 <NA> <NA>
SPEAKER input_mono16k 0 1135.680 1.640 <NA> <NA> 6 <NA> <NA>
SPEAKER input_mono16k 0 1137.640 1.430 <NA> <NA> 1 <NA> <NA>
SPEAKER input_mono16k 0 1141.450 1.190 <NA> <NA> 0 <NA> <NA>
SPEAKER input_mono16k 0 1143.420 0.820 <NA> <NA> 0 <NA> <NA>
SPEAKER input_mono16k 0 1145.590 1.010 <NA> <NA> 2 <NA> <NA>
SPEAKER input_mono16k 0 1148.190 6.800 <NA> <NA> 6 <NA> <NA>
SPEAKER input_mono16k 0 1156.970 1.230 <NA> <NA> 0 <NA> <NA>
SPEAKER input_mono16k 0 1158.670 1.120 <NA> <NA> 0 <NA> <NA>
SPEAKER input_mono16k 0 1161.860 1.125 <NA> <NA> 0 <NA> <NA>
SPEAKER input_mono16k 0 1162.985 1.345 <NA> <NA> 6 <NA> <NA>
SPEAKER input_mono16k 0 1165.580 4.125 <NA> <NA> 0 <NA> <NA>
SPEAKER input_mono16k 0 1169.705 0.475 <NA> <NA> 2 <NA> <NA>
SPEAKER input_mono16k 0 1170.460 1.910 <NA> <NA> 0 <NA> <NA>
SPEAKER input_mono16k 0 1174.200 3.490 <NA> <NA> 6 <NA> <NA>
SPEAKER input_mono16k 0 1179.050 1.830 <NA> <NA> 6 <NA> <NA>
SPEAKER input_mono16k 0 1181.470 1.450 <NA> <NA> 0 <NA> <NA>
SPEAKER input_mono16k 0 1183.220 6.375 <NA> <NA> 0 <NA> <NA>
SPEAKER input_mono16k 0 1189.595 1.500 <NA> <NA> 3 <NA> <NA>
SPEAKER input_mono16k 0 1191.095 0.825 <NA> <NA> 1 <NA> <NA>
SPEAKER input_mono16k 0 1192.260 1.125 <NA> <NA> 6 <NA> <NA>
SPEAKER input_mono16k 0 1193.385 0.645 <NA> <NA> 2 <NA> <NA>
SPEAKER input_mono16k 0 1195.030 1.420 <NA> <NA> 2 <NA> <NA>
SPEAKER input_mono16k 0 1197.590 0.920 <NA> <NA> 2 <NA> <NA>
SPEAKER input_mono16k 0 1199.890 5.680 <NA> <NA> 6 <NA> <NA>
SPEAKER input_mono16k 0 1205.850 4.420 <NA> <NA> 6 <NA> <NA>
SPEAKER input_mono16k 0 1210.830 0.960 <NA> <NA> 6 <NA> <NA>
SPEAKER input_mono16k 0 1215.260 1.710 <NA> <NA> 3 <NA> <NA>
SPEAKER input_mono16k 0 1217.250 2.380 <NA> <NA> 3 <NA> <NA>
SPEAKER input_mono16k 0 1220.760 2.370 <NA> <NA> 3 <NA> <NA>
SPEAKER input_mono16k 0 1223.780 3.780 <NA> <NA> 3 <NA> <NA>
SPEAKER input_mono16k 0 1228.820 2.250 <NA> <NA> 3 <NA> <NA>
SPEAKER input_mono16k 0 1232.770 1.580 <NA> <NA> 2 <NA> <NA>
SPEAKER input_mono16k 0 1236.580 4.030 <NA> <NA> 2 <NA> <NA>
SPEAKER input_mono16k 0 1243.180 1.125 <NA> <NA> 2 <NA> <NA>
SPEAKER input_mono16k 0 1244.305 3.000 <NA> <NA> 6 <NA> <NA>
SPEAKER input_mono16k 0 1247.305 2.865 <NA> <NA> 2 <NA> <NA>
SPEAKER input_mono16k 0 1250.540 2.260 <NA> <NA> 0 <NA> <NA>
SPEAKER input_mono16k 0 1253.080 4.440 <NA> <NA> 0 <NA> <NA>
SPEAKER input_mono16k 0 1259.700 1.000 <NA> <NA> 1 <NA> <NA>
SPEAKER input_mono16k 0 1264.080 2.625 <NA> <NA> 2 <NA> <NA>
SPEAKER input_mono16k 0 1266.705 1.025 <NA> <NA> 1 <NA> <NA>
SPEAKER input_mono16k 0 1272.220 4.390 <NA> <NA> 6 <NA> <NA>
SPEAKER input_mono16k 0 1276.890 1.470 <NA> <NA> 6 <NA> <NA>
SPEAKER input_mono16k 0 1279.020 1.030 <NA> <NA> 6 <NA> <NA>
SPEAKER input_mono16k 0 1280.360 1.100 <NA> <NA> 6 <NA> <NA>
SPEAKER input_mono16k 0 1282.450 1.210 <NA> <NA> 1 <NA> <NA>
SPEAKER input_mono16k 0 1284.680 0.900 <NA> <NA> 1 <NA> <NA>
SPEAKER input_mono16k 0 1285.920 1.230 <NA> <NA> 1 <NA> <NA>
SPEAKER input_mono16k 0 1287.430 1.500 <NA> <NA> 1 <NA> <NA>
SPEAKER input_mono16k 0 1293.770 1.125 <NA> <NA> 1 <NA> <NA>
SPEAKER input_mono16k 0 1294.895 1.005 <NA> <NA> 6 <NA> <NA>
SPEAKER input_mono16k 0 1296.180 3.780 <NA> <NA> 2 <NA> <NA>
SPEAKER input_mono16k 0 1300.270 2.280 <NA> <NA> 2 <NA> <NA>
SPEAKER input_mono16k 0 1302.830 1.760 <NA> <NA> 2 <NA> <NA>
SPEAKER input_mono16k 0 1304.890 1.270 <NA> <NA> 3 <NA> <NA>
SPEAKER input_mono16k 0 1306.440 2.625 <NA> <NA> 3 <NA> <NA>
SPEAKER input_mono16k 0 1309.065 5.250 <NA> <NA> 2 <NA> <NA>
SPEAKER input_mono16k 0 1314.315 1.995 <NA> <NA> 1 <NA> <NA>
SPEAKER input_mono16k 0 1316.910 0.760 <NA> <NA> 1 <NA> <NA>
SPEAKER input_mono16k 0 1320.110 1.780 <NA> <NA> 1 <NA> <NA>
SPEAKER input_mono16k 0 1324.270 1.860 <NA> <NA> 1 <NA> <NA>
SPEAKER input_mono16k 0 1328.810 1.210 <NA> <NA> 1 <NA> <NA>
SPEAKER input_mono16k 0 1331.730 1.940 <NA> <NA> 1 <NA> <NA>
SPEAKER input_mono16k 0 1333.950 1.420 <NA> <NA> 1 <NA> <NA>
SPEAKER input_mono16k 0 1336.390 1.370 <NA> <NA> 1 <NA> <NA>
SPEAKER input_mono16k 0 1339.830 3.150 <NA> <NA> 6 <NA> <NA>
SPEAKER input_mono16k 0 1344.430 1.880 <NA> <NA> 6 <NA> <NA>
SPEAKER input_mono16k 0 1347.170 1.240 <NA> <NA> 1 <NA> <NA>
SPEAKER input_mono16k 0 1350.640 0.860 <NA> <NA> 1 <NA> <NA>
SPEAKER input_mono16k 0 1353.030 0.960 <NA> <NA> 1 <NA> <NA>
SPEAKER input_mono16k 0 1356.160 1.930 <NA> <NA> 6 <NA> <NA>
SPEAKER input_mono16k 0 1358.480 2.220 <NA> <NA> 1 <NA> <NA>
SPEAKER input_mono16k 0 1361.880 1.410 <NA> <NA> 1 <NA> <NA>
SPEAKER input_mono16k 0 1363.670 1.010 <NA> <NA> 1 <NA> <NA>
SPEAKER input_mono16k 0 1365.320 3.330 <NA> <NA> 3 <NA> <NA>
SPEAKER input_mono16k 0 1370.240 1.125 <NA> <NA> 6 <NA> <NA>
SPEAKER input_mono16k 0 1371.365 2.375 <NA> <NA> 3 <NA> <NA>
SPEAKER input_mono16k 0 1374.510 1.270 <NA> <NA> 3 <NA> <NA>
SPEAKER input_mono16k 0 1376.500 1.720 <NA> <NA> 1 <NA> <NA>
SPEAKER input_mono16k 0 1379.880 0.920 <NA> <NA> 1 <NA> <NA>
SPEAKER input_mono16k 0 1381.530 6.880 <NA> <NA> 6 <NA> <NA>
SPEAKER input_mono16k 0 1388.770 2.000 <NA> <NA> 1 <NA> <NA>
SPEAKER input_mono16k 0 1391.780 1.890 <NA> <NA> 1 <NA> <NA>
SPEAKER input_mono16k 0 1395.360 5.060 <NA> <NA> 6 <NA> <NA>
SPEAKER input_mono16k 0 1400.700 3.650 <NA> <NA> 3 <NA> <NA>
SPEAKER input_mono16k 0 1404.630 2.650 <NA> <NA> 3 <NA> <NA>
SPEAKER input_mono16k 0 1408.060 2.080 <NA> <NA> 3 <NA> <NA>
SPEAKER input_mono16k 0 1412.740 3.570 <NA> <NA> 3 <NA> <NA>
SPEAKER input_mono16k 0 1416.590 2.080 <NA> <NA> 3 <NA> <NA>
SPEAKER input_mono16k 0 1449.510 0.960 <NA> <NA> 6 <NA> <NA>
SPEAKER input_mono16k 0 1458.890 2.480 <NA> <NA> 6 <NA> <NA>
SPEAKER input_mono16k 0 1461.730 8.560 <NA> <NA> 6 <NA> <NA>
SPEAKER input_mono16k 0 1470.760 0.950 <NA> <NA> 6 <NA> <NA>
SPEAKER input_mono16k 0 1472.060 1.060 <NA> <NA> 6 <NA> <NA>
SPEAKER input_mono16k 0 1480.030 1.125 <NA> <NA> 1 <NA> <NA>
SPEAKER input_mono16k 0 1481.155 3.750 <NA> <NA> 3 <NA> <NA>
SPEAKER input_mono16k 0 1484.905 3.075 <NA> <NA> 6 <NA> <NA>
SPEAKER input_mono16k 0 1490.570 0.960 <NA> <NA> 0 <NA> <NA>
SPEAKER input_mono16k 0 1492.870 0.770 <NA> <NA> 0 <NA> <NA>
SPEAKER input_mono16k 0 1494.670 1.580 <NA> <NA> 0 <NA> <NA>
SPEAKER input_mono16k 0 1497.030 1.950 <NA> <NA> 0 <NA> <NA>
SPEAKER input_mono16k 0 1499.510 1.230 <NA> <NA> 0 <NA> <NA>
SPEAKER input_mono16k 0 1501.760 4.380 <NA> <NA> 0 <NA> <NA>
SPEAKER input_mono16k 0 1506.440 4.660 <NA> <NA> 0 <NA> <NA>
SPEAKER input_mono16k 0 1511.600 1.910 <NA> <NA> 0 <NA> <NA>
SPEAKER input_mono16k 0 1515.660 1.870 <NA> <NA> 6 <NA> <NA>
SPEAKER input_mono16k 0 1520.960 12.250 <NA> <NA> 6 <NA> <NA>
SPEAKER input_mono16k 0 1535.190 0.820 <NA> <NA> 6 <NA> <NA>
SPEAKER input_mono16k 0 1539.330 1.240 <NA> <NA> 6 <NA> <NA>
SPEAKER input_mono16k 0 1541.480 2.460 <NA> <NA> 6 <NA> <NA>
SPEAKER input_mono16k 0 1545.340 2.220 <NA> <NA> 6 <NA> <NA>
SPEAKER input_mono16k 0 1548.580 2.890 <NA> <NA> 1 <NA> <NA>
SPEAKER input_mono16k 0 1552.610 0.820 <NA> <NA> 6 <NA> <NA>
SPEAKER input_mono16k 0 1554.690 0.820 <NA> <NA> 6 <NA> <NA>
SPEAKER input_mono16k 0 1556.160 3.830 <NA> <NA> 6 <NA> <NA>
SPEAKER input_mono16k 0 1561.370 1.125 <NA> <NA> 4 <NA> <NA>
SPEAKER input_mono16k 0 1562.495 2.255 <NA> <NA> 1 <NA> <NA>
SPEAKER input_mono16k 0 1568.590 1.270 <NA> <NA> 4 <NA> <NA>
SPEAKER input_mono16k 0 1570.350 0.850 <NA> <NA> 1 <NA> <NA>
SPEAKER input_mono16k 0 1573.750 1.510 <NA> <NA> 6 <NA> <NA>
SPEAKER input_mono16k 0 1577.340 2.410 <NA> <NA> 6 <NA> <NA>
SPEAKER input_mono16k 0 1580.290 1.550 <NA> <NA> 1 <NA> <NA>
SPEAKER input_mono16k 0 1582.550 2.760 <NA> <NA> 0 <NA> <NA>
SPEAKER input_mono16k 0 1588.550 2.230 <NA> <NA> 1 <NA> <NA>
SPEAKER input_mono16k 0 1593.750 1.270 <NA> <NA> 0 <NA> <NA>
SPEAKER input_mono16k 0 1595.440 1.300 <NA> <NA> 0 <NA> <NA>
SPEAKER input_mono16k 0 1599.140 1.260 <NA> <NA> 0 <NA> <NA>
SPEAKER input_mono16k 0 1600.870 1.660 <NA> <NA> 0 <NA> <NA>
SPEAKER input_mono16k 0 1602.810 2.350 <NA> <NA> 0 <NA> <NA>
SPEAKER input_mono16k 0 1606.050 2.010 <NA> <NA> 0 <NA> <NA>
SPEAKER input_mono16k 0 1609.630 2.460 <NA> <NA> 6 <NA> <NA>
SPEAKER input_mono16k 0 1613.820 1.090 <NA> <NA> 1 <NA> <NA>
SPEAKER input_mono16k 0 1618.510 1.470 <NA> <NA> 1 <NA> <NA>
SPEAKER input_mono16k 0 1620.360 1.125 <NA> <NA> 1 <NA> <NA>
SPEAKER input_mono16k 0 1621.485 1.555 <NA> <NA> 0 <NA> <NA>
SPEAKER input_mono16k 0 1623.710 2.280 <NA> <NA> 0 <NA> <NA>
SPEAKER input_mono16k 0 1626.440 0.980 <NA> <NA> 0 <NA> <NA>
SPEAKER input_mono16k 0 1628.560 1.960 <NA> <NA> 1 <NA> <NA>
SPEAKER input_mono16k 0 1633.750 2.110 <NA> <NA> 6 <NA> <NA>
SPEAKER input_mono16k 0 1636.540 2.000 <NA> <NA> 6 <NA> <NA>
SPEAKER input_mono16k 0 1640.380 0.880 <NA> <NA> 6 <NA> <NA>
SPEAKER input_mono16k 0 1642.880 3.110 <NA> <NA> 6 <NA> <NA>
SPEAKER input_mono16k 0 1647.030 2.250 <NA> <NA> 6 <NA> <NA>
SPEAKER input_mono16k 0 1649.700 1.875 <NA> <NA> 3 <NA> <NA>
SPEAKER input_mono16k 0 1651.575 1.500 <NA> <NA> 6 <NA> <NA>
SPEAKER input_mono16k 0 1653.075 1.500 <NA> <NA> 1 <NA> <NA>
SPEAKER input_mono16k 0 1654.575 1.115 <NA> <NA> 2 <NA> <NA>
SPEAKER input_mono16k 0 1657.680 1.125 <NA> <NA> 6 <NA> <NA>
SPEAKER input_mono16k 0 1658.805 0.750 <NA> <NA> 4 <NA> <NA>
SPEAKER input_mono16k 0 1659.555 0.545 <NA> <NA> 1 <NA> <NA>
SPEAKER input_mono16k 0 1660.600 1.060 <NA> <NA> 1 <NA> <NA>
SPEAKER input_mono16k 0 1665.150 3.750 <NA> <NA> 2 <NA> <NA>
SPEAKER input_mono16k 0 1670.250 4.125 <NA> <NA> 2 <NA> <NA>
SPEAKER input_mono16k 0 1674.375 2.250 <NA> <NA> 3 <NA> <NA>
SPEAKER input_mono16k 0 1676.625 0.750 <NA> <NA> 2 <NA> <NA>
SPEAKER input_mono16k 0 1677.375 3.675 <NA> <NA> 3 <NA> <NA>
SPEAKER input_mono16k 0 1681.790 3.600 <NA> <NA> 6 <NA> <NA>
SPEAKER input_mono16k 0 1686.700 1.490 <NA> <NA> 6 <NA> <NA>
SPEAKER input_mono16k 0 1695.920 1.890 <NA> <NA> 2 <NA> <NA>
SPEAKER input_mono16k 0 1698.090 0.830 <NA> <NA> 6 <NA> <NA>
SPEAKER input_mono16k 0 1700.140 1.340 <NA> <NA> 6 <NA> <NA>
SPEAKER input_mono16k 0 1702.730 7.630 <NA> <NA> 3 <NA> <NA>
SPEAKER input_mono16k 0 1711.640 6.900 <NA> <NA> 3 <NA> <NA>
SPEAKER input_mono16k 0 1718.820 1.250 <NA> <NA> 3 <NA> <NA>
SPEAKER input_mono16k 0 1720.890 7.380 <NA> <NA> 3 <NA> <NA>
SPEAKER input_mono16k 0 1728.950 3.375 <NA> <NA> 3 <NA> <NA>
SPEAKER input_mono16k 0 1732.325 4.165 <NA> <NA> 6 <NA> <NA>
SPEAKER input_mono16k 0 1737.220 2.780 <NA> <NA> 6 <NA> <NA>
SPEAKER input_mono16k 0 1741.070 1.320 <NA> <NA> 1 <NA> <NA>
SPEAKER input_mono16k 0 1747.200 1.980 <NA> <NA> 6 <NA> <NA>
SPEAKER input_mono16k 0 1750.900 1.620 <NA> <NA> 1 <NA> <NA>
SPEAKER input_mono16k 0 1752.920 1.180 <NA> <NA> 1 <NA> <NA>
SPEAKER input_mono16k 0 1754.590 1.380 <NA> <NA> 1 <NA> <NA>
SPEAKER input_mono16k 0 1756.520 1.240 <NA> <NA> 1 <NA> <NA>
SPEAKER input_mono16k 0 1758.230 1.125 <NA> <NA> 6 <NA> <NA>
SPEAKER input_mono16k 0 1759.355 1.035 <NA> <NA> 1 <NA> <NA>
SPEAKER input_mono16k 0 1761.000 0.770 <NA> <NA> 6 <NA> <NA>
SPEAKER input_mono16k 0 1764.100 1.310 <NA> <NA> 1 <NA> <NA>
SPEAKER input_mono16k 0 1769.960 1.740 <NA> <NA> 1 <NA> <NA>
SPEAKER input_mono16k 0 1772.750 3.170 <NA> <NA> 6 <NA> <NA>
SPEAKER input_mono16k 0 1777.250 1.310 <NA> <NA> 1 <NA> <NA>
SPEAKER input_mono16k 0 1786.270 2.100 <NA> <NA> 6 <NA> <NA>
SPEAKER input_mono16k 0 1789.470 1.000 <NA> <NA> 3 <NA> <NA>
SPEAKER input_mono16k 0 1790.760 1.060 <NA> <NA> 2 <NA> <NA>
SPEAKER input_mono16k 0 1792.370 0.910 <NA> <NA> 2 <NA> <NA>
SPEAKER input_mono16k 0 1794.820 1.040 <NA> <NA> 2 <NA> <NA>
SPEAKER input_mono16k 0 1797.030 1.490 <NA> <NA> 6 <NA> <NA>
SPEAKER input_mono16k 0 1800.800 0.980 <NA> <NA> 6 <NA> <NA>
SPEAKER input_mono16k 0 1802.370 1.090 <NA> <NA> 0 <NA> <NA>
SPEAKER input_mono16k 0 1803.740 1.530 <NA> <NA> 0 <NA> <NA>
SPEAKER input_mono16k 0 1811.910 1.180 <NA> <NA> 3 <NA> <NA>
SPEAKER input_mono16k 0 1813.390 2.410 <NA> <NA> 5 <NA> <NA>
SPEAKER input_mono16k 0 1816.880 1.460 <NA> <NA> 5 <NA> <NA>
SPEAKER input_mono16k 0 1819.760 1.070 <NA> <NA> 5 <NA> <NA>
SPEAKER input_mono16k 0 1824.050 0.820 <NA> <NA> 5 <NA> <NA>
SPEAKER input_mono16k 0 1825.450 1.000 <NA> <NA> 5 <NA> <NA>
SPEAKER input_mono16k 0 1833.570 0.890 <NA> <NA> 5 <NA> <NA>
===DONE===

===== STDERR =====
close - IO is still pending on closed socket. read:1, write:0, io:00000268998F23A0

